Archive member included to satisfy reference by file (symbol)

c:/progra~2/gnuarm~1/102020~1/bin/../lib/gcc/arm-none-eabi/10.2.1/thumb/v6-m/nofp\libgcc.a(_dvmd_tls.o)
                              CMakeFiles/watering_system.dir/C_/Users/daven/Documents/Pico/pico-sdk/src/rp2_common/pico_divider/divider.S.obj (__aeabi_idiv0)
c:/progra~2/gnuarm~1/102020~1/bin/../lib/gcc/arm-none-eabi/10.2.1/../../../../arm-none-eabi/lib/thumb/v6-m/nofp\libg.a(lib_a-calloc.o)
                              CMakeFiles/watering_system.dir/C_/Users/daven/Documents/Pico/pico-sdk/src/rp2_common/pico_malloc/pico_malloc.c.obj (calloc)
c:/progra~2/gnuarm~1/102020~1/bin/../lib/gcc/arm-none-eabi/10.2.1/../../../../arm-none-eabi/lib/thumb/v6-m/nofp\libg.a(lib_a-callocr.o)
                              c:/progra~2/gnuarm~1/102020~1/bin/../lib/gcc/arm-none-eabi/10.2.1/../../../../arm-none-eabi/lib/thumb/v6-m/nofp\libg.a(lib_a-calloc.o) (_calloc_r)
c:/progra~2/gnuarm~1/102020~1/bin/../lib/gcc/arm-none-eabi/10.2.1/../../../../arm-none-eabi/lib/thumb/v6-m/nofp\libg.a(lib_a-impure.o)
                              c:/progra~2/gnuarm~1/102020~1/bin/../lib/gcc/arm-none-eabi/10.2.1/../../../../arm-none-eabi/lib/thumb/v6-m/nofp\libg.a(lib_a-calloc.o) (_impure_ptr)
c:/progra~2/gnuarm~1/102020~1/bin/../lib/gcc/arm-none-eabi/10.2.1/../../../../arm-none-eabi/lib/thumb/v6-m/nofp\libg.a(lib_a-init.o)
                              c:/progra~2/gnuarm~1/102020~1/bin/../lib/gcc/arm-none-eabi/10.2.1/../../../../arm-none-eabi/lib/thumb/v6-m/nofp/crt0.o (__libc_init_array)
c:/progra~2/gnuarm~1/102020~1/bin/../lib/gcc/arm-none-eabi/10.2.1/../../../../arm-none-eabi/lib/thumb/v6-m/nofp\libg.a(lib_a-malloc.o)
                              CMakeFiles/watering_system.dir/C_/Users/daven/Documents/Pico/pico-sdk/src/rp2_common/pico_malloc/pico_malloc.c.obj (malloc)
c:/progra~2/gnuarm~1/102020~1/bin/../lib/gcc/arm-none-eabi/10.2.1/../../../../arm-none-eabi/lib/thumb/v6-m/nofp\libg.a(lib_a-mallocr.o)
                              c:/progra~2/gnuarm~1/102020~1/bin/../lib/gcc/arm-none-eabi/10.2.1/../../../../arm-none-eabi/lib/thumb/v6-m/nofp\libg.a(lib_a-callocr.o) (_malloc_r)
c:/progra~2/gnuarm~1/102020~1/bin/../lib/gcc/arm-none-eabi/10.2.1/../../../../arm-none-eabi/lib/thumb/v6-m/nofp\libg.a(lib_a-mlock.o)
                              c:/progra~2/gnuarm~1/102020~1/bin/../lib/gcc/arm-none-eabi/10.2.1/../../../../arm-none-eabi/lib/thumb/v6-m/nofp\libg.a(lib_a-mallocr.o) (__malloc_lock)
c:/progra~2/gnuarm~1/102020~1/bin/../lib/gcc/arm-none-eabi/10.2.1/../../../../arm-none-eabi/lib/thumb/v6-m/nofp\libg.a(lib_a-sbrkr.o)
                              c:/progra~2/gnuarm~1/102020~1/bin/../lib/gcc/arm-none-eabi/10.2.1/../../../../arm-none-eabi/lib/thumb/v6-m/nofp\libg.a(lib_a-mallocr.o) (_sbrk_r)
c:/progra~2/gnuarm~1/102020~1/bin/../lib/gcc/arm-none-eabi/10.2.1/../../../../arm-none-eabi/lib/thumb/v6-m/nofp\libg.a(lib_a-strlen-stub.o)
                              CMakeFiles/watering_system.dir/C_/Users/daven/Documents/Pico/pico-sdk/src/rp2_common/pico_stdio/stdio.c.obj (strlen)
c:/progra~2/gnuarm~1/102020~1/bin/../lib/gcc/arm-none-eabi/10.2.1/../../../../arm-none-eabi/lib/thumb/v6-m/nofp\libg.a(lib_a-freer.o)
                              c:/progra~2/gnuarm~1/102020~1/bin/../lib/gcc/arm-none-eabi/10.2.1/../../../../arm-none-eabi/lib/thumb/v6-m/nofp\libg.a(lib_a-malloc.o) (_free_r)
c:/progra~2/gnuarm~1/102020~1/bin/../lib/gcc/arm-none-eabi/10.2.1/../../../../arm-none-eabi/lib/thumb/v6-m/nofp\libg.a(lib_a-lock.o)
                              c:/progra~2/gnuarm~1/102020~1/bin/../lib/gcc/arm-none-eabi/10.2.1/../../../../arm-none-eabi/lib/thumb/v6-m/nofp\libg.a(lib_a-mlock.o) (__retarget_lock_acquire_recursive)
c:/progra~2/gnuarm~1/102020~1/bin/../lib/gcc/arm-none-eabi/10.2.1/../../../../arm-none-eabi/lib/thumb/v6-m/nofp\libg.a(lib_a-reent.o)
                              c:/progra~2/gnuarm~1/102020~1/bin/../lib/gcc/arm-none-eabi/10.2.1/../../../../arm-none-eabi/lib/thumb/v6-m/nofp\libg.a(lib_a-sbrkr.o) (errno)

Discarded input sections

 .text          0x00000000        0x0 c:/progra~2/gnuarm~1/102020~1/bin/../lib/gcc/arm-none-eabi/10.2.1/thumb/v6-m/nofp/crti.o
 .data          0x00000000        0x0 c:/progra~2/gnuarm~1/102020~1/bin/../lib/gcc/arm-none-eabi/10.2.1/thumb/v6-m/nofp/crti.o
 .bss           0x00000000        0x0 c:/progra~2/gnuarm~1/102020~1/bin/../lib/gcc/arm-none-eabi/10.2.1/thumb/v6-m/nofp/crti.o
 .data          0x00000000        0x4 c:/progra~2/gnuarm~1/102020~1/bin/../lib/gcc/arm-none-eabi/10.2.1/thumb/v6-m/nofp/crtbegin.o
 .rodata        0x00000000       0x24 c:/progra~2/gnuarm~1/102020~1/bin/../lib/gcc/arm-none-eabi/10.2.1/thumb/v6-m/nofp/crtbegin.o
 .fini_array    0x00000000        0x4 c:/progra~2/gnuarm~1/102020~1/bin/../lib/gcc/arm-none-eabi/10.2.1/thumb/v6-m/nofp/crtbegin.o
[...]
Memory Configuration

Name             Origin             Length             Attributes
FLASH            0x10000000         0x00200000         xr
RAM              0x20000000         0x00040000         xrw
SCRATCH_X        0x20040000         0x00001000         xrw
SCRATCH_Y        0x20041000         0x00001000         xrw
*default*        0x00000000         0xffffffff

Linker script and memory map

LOAD c:/progra~2/gnuarm~1/102020~1/bin/../lib/gcc/arm-none-eabi/10.2.1/thumb/v6-m/nofp/crti.o
LOAD c:/progra~2/gnuarm~1/102020~1/bin/../lib/gcc/arm-none-eabi/10.2.1/thumb/v6-m/nofp/crtbegin.o
LOAD c:/progra~2/gnuarm~1/102020~1/bin/../lib/gcc/arm-none-eabi/10.2.1/../../../../arm-none-eabi/lib/thumb/v6-m/nofp/crt0.o

.flash_begin    0x10000000        0x0
                0x10000000                __flash_binary_start = .

.boot2          0x10000000      0x100
                0x10000000                __boot2_start__ = .
 *(.boot2)
 .boot2         0x10000000      0x100 C:\Users\daven\AppData\Local\Temp\ccehFMpx.o
                0x10000100                __boot2_end__ = .
                0x00000001                ASSERT (((__boot2_end__ - __boot2_start__) == 0x100), ERROR: Pico second stage bootloader must be 256 bytes in size)

.text           0x10000100     0x3e38
                0x10000100                __logical_binary_start = .
 *(.vectors)
 .vectors       0x10000100       0xd4 CMakeFiles/watering_system.dir/C_/Users/daven/Documents/Pico/pico-sdk/src/rp2_common/pico_standard_link/crt0.S.obj
                0x10000100                __vectors
                0x100001c0                isr_invalid
                0x100001c2                isr_nmi
                0x100001c4                isr_hardfault
                0x100001c6                isr_svcall
                0x100001c8                isr_pendsv
                0x100001ca                isr_systick
                0x100001cc                isr_irq11
                0x100001cc                isr_irq5
                0x100001cc                isr_irq23
                0x100001cc                isr_irq18
                0x100001cc                isr_irq31
                0x100001cc                isr_irq28
                0x100001cc                isr_irq19
                0x100001cc                isr_irq0
                0x100001cc                isr_irq6
                0x100001cc                isr_irq27
                0x100001cc                isr_irq12
                0x100001cc                isr_irq22
                0x100001cc                isr_irq13
                0x100001cc                isr_irq17
                0x100001cc                isr_irq14
                0x100001cc                isr_irq2
                0x100001cc                isr_irq10
                0x100001cc                isr_irq8
                0x100001cc                isr_irq24
                0x100001cc                isr_irq1
                0x100001cc                isr_irq7
                0x100001cc                isr_irq21
                0x100001cc                isr_irq20
                0x100001cc                isr_irq15
                0x100001cc                isr_irq25
                0x100001cc                __unhandled_user_irq
                0x100001cc                isr_irq4
                0x100001cc                isr_irq16
                0x100001cc                isr_irq29
                0x100001cc                isr_irq26
                0x100001cc                isr_irq3
                0x100001cc                isr_irq30
                0x100001cc                isr_irq9
                0x100001d2                unhandled_user_irq_num_in_r0
 *(.binary_info_header)
 .binary_info_header
                0x100001d4       0x14 CMakeFiles/watering_system.dir/C_/Users/daven/Documents/Pico/pico-sdk/src/rp2_common/pico_standard_link/crt0.S.obj
                0x100001e8                __binary_info_header_end = .
 *(.reset)
 .reset         0x100001e8       0xa8 CMakeFiles/watering_system.dir/C_/Users/daven/Documents/Pico/pico-sdk/src/rp2_common/pico_standard_link/crt0.S.obj
                0x100001e8                _entry_point
                0x10000266                __get_current_exception
 .reset         0x10000290       0x30 CMakeFiles/watering_system.dir/C_/Users/daven/Documents/Pico/pico-sdk/src/rp2_common/pico_standard_link/binary_info.c.obj
 *(.init)
 .init          0x100002c0        0x4 c:/progra~2/gnuarm~1/102020~1/bin/../lib/gcc/arm-none-eabi/10.2.1/thumb/v6-m/nofp/crti.o
                0x100002c0                _init
 *(EXCLUDE_FILE(*libm.a: *libc.a:*lib_a-mem*.o *libgcc.a:) .text*)
 .text          0x100002c4       0x48 c:/progra~2/gnuarm~1/102020~1/bin/../lib/gcc/arm-none-eabi/10.2.1/thumb/v6-m/nofp/crtbegin.o
 .text.main     0x1000030c       0x14 CMakeFiles/watering_system.dir/watering_system.c.obj
                0x1000030c                main
 .text.gpio_set_function
                0x10000320       0x30 CMakeFiles/watering_system.dir/C_/Users/daven/Documents/Pico/pico-sdk/src/rp2_common/hardware_gpio/gpio.c.obj
                0x10000320                gpio_set_function
 .text.hw_claim_lock
                0x10000350       0x18 CMakeFiles/watering_system.dir/C_/Users/daven/Documents/Pico/pico-sdk/src/rp2_common/hardware_claim/claim.c.obj
                0x10000350                hw_claim_lock
 .text.hw_claim_unlock
                0x10000368       0x14 CMakeFiles/watering_system.dir/C_/Users/daven/Documents/Pico/pico-sdk/src/rp2_common/hardware_claim/claim.c.obj
                0x10000368                hw_claim_unlock
 .text.hw_claim_or_assert
                0x1000037c       0x36 CMakeFiles/watering_system.dir/C_/Users/daven/Documents/Pico/pico-sdk/src/rp2_common/hardware_claim/claim.c.obj
                0x1000037c                hw_claim_or_assert
 *fill*         0x100003b2        0x2 
 .text.spin_locks_reset
                0x100003b4       0x20 CMakeFiles/watering_system.dir/C_/Users/daven/Documents/Pico/pico-sdk/src/rp2_common/hardware_sync/sync.c.obj
                0x100003b4                spin_locks_reset
 .text.next_striped_spin_lock_num
                0x100003d4       0x1c CMakeFiles/watering_system.dir/C_/Users/daven/Documents/Pico/pico-sdk/src/rp2_common/hardware_sync/sync.c.obj
                0x100003d4                next_striped_spin_lock_num
 .text.running_on_fpga
                0x100003f0       0x14 CMakeFiles/watering_system.dir/C_/Users/daven/Documents/Pico/pico-sdk/src/rp2_common/pico_platform/platform.c.obj
                0x100003f0                running_on_fpga
 .text.uart_set_baudrate
                0x10000404       0x64 CMakeFiles/watering_system.dir/C_/Users/daven/Documents/Pico/pico-sdk/src/rp2_common/hardware_uart/uart.c.obj
                0x10000404                uart_set_baudrate
 .text.uart_set_translate_crlf
                0x10000468       0x28 CMakeFiles/watering_system.dir/C_/Users/daven/Documents/Pico/pico-sdk/src/rp2_common/hardware_uart/uart.c.obj
                0x10000468                uart_set_translate_crlf
 .text.uart_init
                0x10000490       0x80 CMakeFiles/watering_system.dir/C_/Users/daven/Documents/Pico/pico-sdk/src/rp2_common/hardware_uart/uart.c.obj
                0x10000490                uart_init
 .text.alarm_pool_post_alloc_init
                0x10000510       0x40 CMakeFiles/watering_system.dir/C_/Users/daven/Documents/Pico/pico-sdk/src/common/pico_time/time.c.obj
 .text.timer_pool_entry_comparator
                0x10000550       0x7c CMakeFiles/watering_system.dir/C_/Users/daven/Documents/Pico/pico-sdk/src/common/pico_time/time.c.obj
                0x10000550                timer_pool_entry_comparator
 .text.ph_add_child_node
                0x100005cc       0xa4 CMakeFiles/watering_system.dir/C_/Users/daven/Documents/Pico/pico-sdk/src/common/pico_time/time.c.obj
 .text.ph_merge_nodes
                0x10000670       0x3e CMakeFiles/watering_system.dir/C_/Users/daven/Documents/Pico/pico-sdk/src/common/pico_time/time.c.obj
 *fill*         0x100006ae        0x2 
 .text.add_alarm_under_lock
                0x100006b0      0x174 CMakeFiles/watering_system.dir/C_/Users/daven/Documents/Pico/pico-sdk/src/common/pico_time/time.c.obj
 .text.alarm_pool_alarm_callback
                0x10000824      0x328 CMakeFiles/watering_system.dir/C_/Users/daven/Documents/Pico/pico-sdk/src/common/pico_time/time.c.obj
 .text.alarm_pool_init_default
                0x10000b4c       0x2c CMakeFiles/watering_system.dir/C_/Users/daven/Documents/Pico/pico-sdk/src/common/pico_time/time.c.obj
                0x10000b4c                alarm_pool_init_default
 .text.hardware_alarm_irq_handler
                0x10000b78       0x8c CMakeFiles/watering_system.dir/C_/Users/daven/Documents/Pico/pico-sdk/src/rp2_common/hardware_timer/timer.c.obj
 .text.hardware_alarm_claim
                0x10000c04       0x18 CMakeFiles/watering_system.dir/C_/Users/daven/Documents/Pico/pico-sdk/src/rp2_common/hardware_timer/timer.c.obj
                0x10000c04                hardware_alarm_claim
 .text.time_us_64
                0x10000c1c       0x18 CMakeFiles/watering_system.dir/C_/Users/daven/Documents/Pico/pico-sdk/src/rp2_common/hardware_timer/timer.c.obj
                0x10000c1c                time_us_64
 .text.hardware_alarm_set_callback
                0x10000c34       0x90 CMakeFiles/watering_system.dir/C_/Users/daven/Documents/Pico/pico-sdk/src/rp2_common/hardware_timer/timer.c.obj
                0x10000c34                hardware_alarm_set_callback
 .text.hardware_alarm_set_target
                0x10000cc4       0xe8 CMakeFiles/watering_system.dir/C_/Users/daven/Documents/Pico/pico-sdk/src/rp2_common/hardware_timer/timer.c.obj
                0x10000cc4                hardware_alarm_set_target
 .text.hardware_alarm_cancel
                0x10000dac       0x40 CMakeFiles/watering_system.dir/C_/Users/daven/Documents/Pico/pico-sdk/src/rp2_common/hardware_timer/timer.c.obj
                0x10000dac                hardware_alarm_cancel
 .text.lock_init
                0x10000dec       0x10 CMakeFiles/watering_system.dir/C_/Users/daven/Documents/Pico/pico-sdk/src/common/pico_sync/lock_core.c.obj
                0x10000dec                lock_init
 .text.mutex_init
                0x10000dfc       0x1a CMakeFiles/watering_system.dir/C_/Users/daven/Documents/Pico/pico-sdk/src/common/pico_sync/mutex.c.obj
                0x10000dfc                mutex_init
 *fill*         0x10000e16        0x2 
 .text.ph_add_child_node
                0x10000e18       0xa4 CMakeFiles/watering_system.dir/C_/Users/daven/Documents/Pico/pico-sdk/src/common/pico_util/pheap.c.obj
 .text.ph_merge_nodes
                0x10000ebc       0x3e CMakeFiles/watering_system.dir/C_/Users/daven/Documents/Pico/pico-sdk/src/common/pico_util/pheap.c.obj
 *fill*         0x10000efa        0x2 
 .text.ph_clear
                0x10000efc       0x70 CMakeFiles/watering_system.dir/C_/Users/daven/Documents/Pico/pico-sdk/src/common/pico_util/pheap.c.obj
                0x10000efc                ph_clear
 .text.ph_post_alloc_init
                0x10000f6c        0xe CMakeFiles/watering_system.dir/C_/Users/daven/Documents/Pico/pico-sdk/src/common/pico_util/pheap.c.obj
                0x10000f6c                ph_post_alloc_init
 *fill*         0x10000f7a        0x2 
 .text.ph_merge_two_pass
                0x10000f7c       0xa8 CMakeFiles/watering_system.dir/C_/Users/daven/Documents/Pico/pico-sdk/src/common/pico_util/pheap.c.obj
                0x10000f7c                ph_merge_two_pass
 .text.ph_remove_any_head
                0x10001024      0x108 CMakeFiles/watering_system.dir/C_/Users/daven/Documents/Pico/pico-sdk/src/common/pico_util/pheap.c.obj
 .text.ph_remove_head
                0x1000112c       0x14 CMakeFiles/watering_system.dir/C_/Users/daven/Documents/Pico/pico-sdk/src/common/pico_util/pheap.c.obj
                0x1000112c                ph_remove_head
 .text.ph_remove_and_free_node
                0x10001140       0xf8 CMakeFiles/watering_system.dir/C_/Users/daven/Documents/Pico/pico-sdk/src/common/pico_util/pheap.c.obj
                0x10001140                ph_remove_and_free_node
 .text.runtime_init
                0x10001238       0xcc CMakeFiles/watering_system.dir/C_/Users/daven/Documents/Pico/pico-sdk/src/rp2_common/pico_runtime/runtime.c.obj
                0x10001238                runtime_init
 .text._exit    0x10001304        0x4 CMakeFiles/watering_system.dir/C_/Users/daven/Documents/Pico/pico-sdk/src/rp2_common/pico_runtime/runtime.c.obj
                0x10001304                _exit
 .text.exit     0x10001308        0x6 CMakeFiles/watering_system.dir/C_/Users/daven/Documents/Pico/pico-sdk/src/rp2_common/pico_runtime/runtime.c.obj
                0x10001308                exit
 *fill*         0x1000130e        0x2 
 .text.__assert_func
                0x10001310       0x3c CMakeFiles/watering_system.dir/C_/Users/daven/Documents/Pico/pico-sdk/src/rp2_common/pico_runtime/runtime.c.obj
                0x10001310                __assert_func
 .text.panic    0x1000134c       0x30 CMakeFiles/watering_system.dir/C_/Users/daven/Documents/Pico/pico-sdk/src/rp2_common/pico_runtime/runtime.c.obj
                0x1000134c                panic
 .text.clock_configure
                0x1000137c       0xe8 CMakeFiles/watering_system.dir/C_/Users/daven/Documents/Pico/pico-sdk/src/rp2_common/hardware_clocks/clocks.c.obj
                0x1000137c                clock_configure
 .text.clocks_init
                0x10001464      0x124 CMakeFiles/watering_system.dir/C_/Users/daven/Documents/Pico/pico-sdk/src/rp2_common/hardware_clocks/clocks.c.obj
                0x10001464                clocks_init
 .text.clock_get_hz
                0x10001588        0xc CMakeFiles/watering_system.dir/C_/Users/daven/Documents/Pico/pico-sdk/src/rp2_common/hardware_clocks/clocks.c.obj
                0x10001588                clock_get_hz
 .text.watchdog_start_tick
                0x10001594       0x10 CMakeFiles/watering_system.dir/C_/Users/daven/Documents/Pico/pico-sdk/src/rp2_common/hardware_watchdog/watchdog.c.obj
                0x10001594                watchdog_start_tick
 .text.xosc_init
                0x100015a4       0x28 CMakeFiles/watering_system.dir/C_/Users/daven/Documents/Pico/pico-sdk/src/rp2_common/hardware_xosc/xosc.c.obj
                0x100015a4                xosc_init
 .text.pll_init
                0x100015cc       0xd0 CMakeFiles/watering_system.dir/C_/Users/daven/Documents/Pico/pico-sdk/src/rp2_common/hardware_pll/pll.c.obj
                0x100015cc                pll_init
 .text.set_raw_irq_handler_and_unlock
                0x1000169c       0x28 CMakeFiles/watering_system.dir/C_/Users/daven/Documents/Pico/pico-sdk/src/rp2_common/hardware_irq/irq.c.obj
 .text.make_branch
                0x100016c4       0x34 CMakeFiles/watering_system.dir/C_/Users/daven/Documents/Pico/pico-sdk/src/rp2_common/hardware_irq/irq.c.obj
 .text.insert_branch_and_link
                0x100016f8       0x40 CMakeFiles/watering_system.dir/C_/Users/daven/Documents/Pico/pico-sdk/src/rp2_common/hardware_irq/irq.c.obj
 .text.irq_is_enabled
                0x10001738       0x18 CMakeFiles/watering_system.dir/C_/Users/daven/Documents/Pico/pico-sdk/src/rp2_common/hardware_irq/irq.c.obj
                0x10001738                irq_is_enabled
 .text.irq_set_mask_enabled
                0x10001750       0x20 CMakeFiles/watering_system.dir/C_/Users/daven/Documents/Pico/pico-sdk/src/rp2_common/hardware_irq/irq.c.obj
                0x10001750                irq_set_mask_enabled
 .text.irq_set_enabled
                0x10001770        0xe CMakeFiles/watering_system.dir/C_/Users/daven/Documents/Pico/pico-sdk/src/rp2_common/hardware_irq/irq.c.obj
                0x10001770                irq_set_enabled
 *fill*         0x1000177e        0x2 
 .text.irq_get_vtable_handler
                0x10001780       0x10 CMakeFiles/watering_system.dir/C_/Users/daven/Documents/Pico/pico-sdk/src/rp2_common/hardware_irq/irq.c.obj
                0x10001780                irq_get_vtable_handler
 .text.irq_set_exclusive_handler
                0x10001790       0x54 CMakeFiles/watering_system.dir/C_/Users/daven/Documents/Pico/pico-sdk/src/rp2_common/hardware_irq/irq.c.obj
                0x10001790                irq_set_exclusive_handler
 .text.irq_remove_handler
                0x100017e4      0x1ac CMakeFiles/watering_system.dir/C_/Users/daven/Documents/Pico/pico-sdk/src/rp2_common/hardware_irq/irq.c.obj
                0x100017e4                irq_remove_handler
 .text.irq_set_priority
                0x10001990       0x28 CMakeFiles/watering_system.dir/C_/Users/daven/Documents/Pico/pico-sdk/src/rp2_common/hardware_irq/irq.c.obj
                0x10001990                irq_set_priority
 .text.irq_add_tail_to_free_list
                0x100019b8       0xf0 CMakeFiles/watering_system.dir/C_/Users/daven/Documents/Pico/pico-sdk/src/rp2_common/hardware_irq/irq.c.obj
                0x100019b8                irq_add_tail_to_free_list
 .text.irq_init_priorities
                0x10001aa8       0x16 CMakeFiles/watering_system.dir/C_/Users/daven/Documents/Pico/pico-sdk/src/rp2_common/hardware_irq/irq.c.obj
                0x10001aa8                irq_init_priorities
 .text._out_null
                0x10001abe        0x2 CMakeFiles/watering_system.dir/C_/Users/daven/Documents/Pico/pico-sdk/src/rp2_common/pico_printf/printf.c.obj
 .text._out_fct
                0x10001ac0        0xe CMakeFiles/watering_system.dir/C_/Users/daven/Documents/Pico/pico-sdk/src/rp2_common/pico_printf/printf.c.obj
 .text._atoi    0x10001ace       0x24 CMakeFiles/watering_system.dir/C_/Users/daven/Documents/Pico/pico-sdk/src/rp2_common/pico_printf/printf.c.obj
 .text._out_rev
                0x10001af2       0xae CMakeFiles/watering_system.dir/C_/Users/daven/Documents/Pico/pico-sdk/src/rp2_common/pico_printf/printf.c.obj
 .text._ntoa_format
                0x10001ba0      0x112 CMakeFiles/watering_system.dir/C_/Users/daven/Documents/Pico/pico-sdk/src/rp2_common/pico_printf/printf.c.obj
 .text._ntoa_long
                0x10001cb2       0xbc CMakeFiles/watering_system.dir/C_/Users/daven/Documents/Pico/pico-sdk/src/rp2_common/pico_printf/printf.c.obj
 .text._ntoa_long_long
                0x10001d6e       0xe2 CMakeFiles/watering_system.dir/C_/Users/daven/Documents/Pico/pico-sdk/src/rp2_common/pico_printf/printf.c.obj
 .text._etoa    0x10001e50      0x414 CMakeFiles/watering_system.dir/C_/Users/daven/Documents/Pico/pico-sdk/src/rp2_common/pico_printf/printf.c.obj
 .text._ftoa    0x10002264      0x354 CMakeFiles/watering_system.dir/C_/Users/daven/Documents/Pico/pico-sdk/src/rp2_common/pico_printf/printf.c.obj
 .text._vsnprintf
                0x100025b8      0x624 CMakeFiles/watering_system.dir/C_/Users/daven/Documents/Pico/pico-sdk/src/rp2_common/pico_printf/printf.c.obj
 .text.vfctprintf
                0x10002bdc       0x20 CMakeFiles/watering_system.dir/C_/Users/daven/Documents/Pico/pico-sdk/src/rp2_common/pico_printf/printf.c.obj
                0x10002bdc                vfctprintf
 .text          0x10002bfc       0x10 CMakeFiles/watering_system.dir/C_/Users/daven/Documents/Pico/pico-sdk/src/rp2_common/pico_bit_ops/bit_ops_aeabi.S.obj
 .text.rom_func_lookup
                0x10002c0c       0x10 CMakeFiles/watering_system.dir/C_/Users/daven/Documents/Pico/pico-sdk/src/rp2_common/pico_bootrom/bootrom.c.obj
                0x10002c0c                rom_func_lookup
 .text.rom_data_lookup
                0x10002c1c       0x10 CMakeFiles/watering_system.dir/C_/Users/daven/Documents/Pico/pico-sdk/src/rp2_common/pico_bootrom/bootrom.c.obj
                0x10002c1c                rom_data_lookup
 .text.rom_funcs_lookup
                0x10002c2c       0x36 CMakeFiles/watering_system.dir/C_/Users/daven/Documents/Pico/pico-sdk/src/rp2_common/pico_bootrom/bootrom.c.obj
                0x10002c2c                rom_funcs_lookup
 *fill*         0x10002c62        0x2 
 .text.__wrap___aeabi_idiv
                0x10002c64       0x58 CMakeFiles/watering_system.dir/C_/Users/daven/Documents/Pico/pico-sdk/src/rp2_common/pico_divider/divider.S.obj
                0x10002c64                __wrap___aeabi_idivmod
                0x10002c64                divmod_s32s32
                0x10002c64                div_s32s32
                0x10002c64                __wrap___aeabi_idiv
                0x10002c6c                divmod_s32s32_unsafe
                0x10002c98                divmod_s32s32_savestate
 .text.__wrap___aeabi_uidiv
                0x10002cbc       0x54 CMakeFiles/watering_system.dir/C_/Users/daven/Documents/Pico/pico-sdk/src/rp2_common/pico_divider/divider.S.obj
                0x10002cbc                __wrap___aeabi_uidiv
                0x10002cbc                __wrap___aeabi_uidivmod
                0x10002cbc                div_u32u32
                0x10002cbc                divmod_u32u32
                0x10002cc4                divmod_u32u32_unsafe
                0x10002cec                divmod_u32u32_savestate
 .text.__wrap___aeabi_ldiv
                0x10002d10      0x430 CMakeFiles/watering_system.dir/C_/Users/daven/Documents/Pico/pico-sdk/src/rp2_common/pico_divider/divider.S.obj
                0x10002d10                div_s64s64
                0x10002d10                divmod_s64s64
                0x10002d10                __wrap___aeabi_ldivmod
                0x10002d48                divmod_u64u64
                0x10002d48                div_u64u64
                0x10002d48                __wrap___aeabi_uldivmod
                0x10002d58                divmod_u64u64_savestate
                0x10002d80                divmod_s64s64_unsafe
                0x10002e08                divmod_u64u64_unsafe
 .text.__wrap___aeabi_darithmetic
                0x10003140       0x54 CMakeFiles/watering_system.dir/C_/Users/daven/Documents/Pico/pico-sdk/src/rp2_common/pico_double/double_aeabi.S.obj
                0x10003140                __wrap___aeabi_drsub
                0x10003146                __wrap___aeabi_dsub
                0x10003158                __wrap___aeabi_dadd
                0x1000316a                __wrap___aeabi_ddiv
                0x1000317c                __wrap___aeabi_dmul
 .text.__wrap___aeabi_cdcmple
                0x10003194       0x6c CMakeFiles/watering_system.dir/C_/Users/daven/Documents/Pico/pico-sdk/src/rp2_common/pico_double/double_aeabi.S.obj
                0x10003194                __wrap___aeabi_cdrcmple
                0x100031a4                __wrap___aeabi_cdcmpeq
                0x100031a4                __wrap___aeabi_cdcmple
 .text.__wrap___aeabi_dcmplt
                0x10003200        0xc CMakeFiles/watering_system.dir/C_/Users/daven/Documents/Pico/pico-sdk/src/rp2_common/pico_double/double_aeabi.S.obj
                0x10003200                __wrap___aeabi_dcmplt
 .text.__wrap___aeabi_dcmple
                0x1000320c       0x10 CMakeFiles/watering_system.dir/C_/Users/daven/Documents/Pico/pico-sdk/src/rp2_common/pico_double/double_aeabi.S.obj
                0x1000320c                __wrap___aeabi_dcmple
 .text.__wrap___aeabi_dcmpge
                0x1000321c       0x10 CMakeFiles/watering_system.dir/C_/Users/daven/Documents/Pico/pico-sdk/src/rp2_common/pico_double/double_aeabi.S.obj
                0x1000321c                __wrap___aeabi_dcmpge
 .text.__wrap___aeabi_dcmpgt
                0x1000322c        0xa CMakeFiles/watering_system.dir/C_/Users/daven/Documents/Pico/pico-sdk/src/rp2_common/pico_double/double_aeabi.S.obj
                0x1000322c                __wrap___aeabi_dcmpgt
 .text.__wrap___aeabi_dcmpun
                0x10003236       0x1c CMakeFiles/watering_system.dir/C_/Users/daven/Documents/Pico/pico-sdk/src/rp2_common/pico_double/double_aeabi.S.obj
                0x10003236                __wrap___aeabi_dcmpun
 *fill*         0x10003252        0x2 
 .text.__wrap___aeabi_i2d
                0x10003254       0x38 CMakeFiles/watering_system.dir/C_/Users/daven/Documents/Pico/pico-sdk/src/rp2_common/pico_double/double_aeabi.S.obj
                0x10003254                __wrap___aeabi_ui2d
                0x1000325c                __wrap___aeabi_i2d
 .text.__wrap___aeabi_d2iz
                0x1000328c       0x48 CMakeFiles/watering_system.dir/C_/Users/daven/Documents/Pico/pico-sdk/src/rp2_common/pico_double/double_aeabi.S.obj
                0x1000328c                double2int_z
                0x1000328c                __wrap___aeabi_d2iz
 .text.__wrap___aeabi_d2uiz
                0x100032d4       0x18 CMakeFiles/watering_system.dir/C_/Users/daven/Documents/Pico/pico-sdk/src/rp2_common/pico_double/double_aeabi.S.obj
                0x100032d4                __wrap___aeabi_d2uiz
                0x100032d4                double2uint
 .text.__aeabi_double_init
                0x100032ec       0xb8 CMakeFiles/watering_system.dir/C_/Users/daven/Documents/Pico/pico-sdk/src/rp2_common/pico_double/double_init_rom.c.obj
                0x100032ec                __aeabi_double_init
 .text.double_table_shim_on_use_helper
                0x100033a4       0x34 CMakeFiles/watering_system.dir/C_/Users/daven/Documents/Pico/pico-sdk/src/rp2_common/pico_double/double_v1_rom_shim.S.obj
                0x100033a4                double_table_shim_on_use_helper
 .text.__wrap___aeabi_dsub
                0x100033d8       0x10 CMakeFiles/watering_system.dir/C_/Users/daven/Documents/Pico/pico-sdk/src/rp2_common/pico_double/double_v1_rom_shim.S.obj
                0x100033d8                drsub_shim
                0x100033de                dsub_shim
 .text.dadd_shim
                0x100033e8      0x15c CMakeFiles/watering_system.dir/C_/Users/daven/Documents/Pico/pico-sdk/src/rp2_common/pico_double/double_v1_rom_shim.S.obj
                0x100033e8                dadd_shim
 .text.dmul_shim
                0x10003544      0x15c CMakeFiles/watering_system.dir/C_/Users/daven/Documents/Pico/pico-sdk/src/rp2_common/pico_double/double_v1_rom_shim.S.obj
                0x10003544                dmul_shim
 .text.ddiv_shim
                0x100036a0      0x1b0 CMakeFiles/watering_system.dir/C_/Users/daven/Documents/Pico/pico-sdk/src/rp2_common/pico_double/double_v1_rom_shim.S.obj
                0x100036a0                ddiv_shim
 .text.dcordic_rot_step
                0x10003850       0x7c CMakeFiles/watering_system.dir/C_/Users/daven/Documents/Pico/pico-sdk/src/rp2_common/pico_double/double_v1_rom_shim.S.obj
                0x10003850                dcordic_rot_step
 .text.double2uint_shim
                0x100038cc        0xe CMakeFiles/watering_system.dir/C_/Users/daven/Documents/Pico/pico-sdk/src/rp2_common/pico_double/double_v1_rom_shim.S.obj
                0x100038cc                double2uint_shim
                0x100038ce                double2ufix_shim
 *fill*         0x100038da        0x2 
 .text.double2uint64_shim
                0x100038dc       0x6c CMakeFiles/watering_system.dir/C_/Users/daven/Documents/Pico/pico-sdk/src/rp2_common/pico_double/double_v1_rom_shim.S.obj
                0x100038dc                double2uint64_shim
                0x100038de                double2ufix64_shim
                0x100038f8                d2fix_a
 .text.dunpacks
                0x10003948       0x3c CMakeFiles/watering_system.dir/C_/Users/daven/Documents/Pico/pico-sdk/src/rp2_common/pico_double/double_v1_rom_shim.S.obj
                0x10003948                dunpacks
 .text.__aeabi_float_init
                0x10003984       0xfc CMakeFiles/watering_system.dir/C_/Users/daven/Documents/Pico/pico-sdk/src/rp2_common/pico_float/float_init_rom.c.obj
                0x10003984                __aeabi_float_init
 .text.float_table_shim_on_use_helper
                0x10003a80       0x34 CMakeFiles/watering_system.dir/C_/Users/daven/Documents/Pico/pico-sdk/src/rp2_common/pico_float/float_v1_rom_shim.S.obj
                0x10003a80                float_table_shim_on_use_helper
 .text          0x10003ab4       0x10 CMakeFiles/watering_system.dir/C_/Users/daven/Documents/Pico/pico-sdk/src/rp2_common/pico_mem_ops/mem_ops_aeabi.S.obj
                0x10003ab4                __aeabi_mem_init
 .text.memset   0x10003ac4        0xc CMakeFiles/watering_system.dir/C_/Users/daven/Documents/Pico/pico-sdk/src/rp2_common/pico_mem_ops/mem_ops_aeabi.S.obj
                0x10003ac4                __wrap_memset
 .text.memcpy   0x10003ad0        0xc CMakeFiles/watering_system.dir/C_/Users/daven/Documents/Pico/pico-sdk/src/rp2_common/pico_mem_ops/mem_ops_aeabi.S.obj
                0x10003ad0                __wrap_memcpy
                0x10003ad0                __wrap___aeabi_memcpy
 .text.stdio_out_chars_crlf
                0x10003adc       0x80 CMakeFiles/watering_system.dir/C_/Users/daven/Documents/Pico/pico-sdk/src/rp2_common/pico_stdio/stdio.c.obj
 .text.stdio_stack_buffer_flush
                0x10003b5c       0x44 CMakeFiles/watering_system.dir/C_/Users/daven/Documents/Pico/pico-sdk/src/rp2_common/pico_stdio/stdio.c.obj
 .text.stdio_buffered_printer
                0x10003ba0       0x20 CMakeFiles/watering_system.dir/C_/Users/daven/Documents/Pico/pico-sdk/src/rp2_common/pico_stdio/stdio.c.obj
 .text.stdout_serialize_begin
                0x10003bc0       0x2c CMakeFiles/watering_system.dir/C_/Users/daven/Documents/Pico/pico-sdk/src/rp2_common/pico_stdio/stdio.c.obj
                0x10003bc0                stdout_serialize_begin
 .text.stdout_serialize_end
                0x10003bec       0x10 CMakeFiles/watering_system.dir/C_/Users/daven/Documents/Pico/pico-sdk/src/rp2_common/pico_stdio/stdio.c.obj
                0x10003bec                stdout_serialize_end
 .text.stdio_put_string
                0x10003bfc       0x84 CMakeFiles/watering_system.dir/C_/Users/daven/Documents/Pico/pico-sdk/src/rp2_common/pico_stdio/stdio.c.obj
 .text.stdio_set_driver_enabled
                0x10003c80       0x38 CMakeFiles/watering_system.dir/C_/Users/daven/Documents/Pico/pico-sdk/src/rp2_common/pico_stdio/stdio.c.obj
                0x10003c80                stdio_set_driver_enabled
 .text.stdio_flush
                0x10003cb8       0x20 CMakeFiles/watering_system.dir/C_/Users/daven/Documents/Pico/pico-sdk/src/rp2_common/pico_stdio/stdio.c.obj
                0x10003cb8                stdio_flush
 .text.__wrap_puts
                0x10003cd8       0x1c CMakeFiles/watering_system.dir/C_/Users/daven/Documents/Pico/pico-sdk/src/rp2_common/pico_stdio/stdio.c.obj
                0x10003cd8                __wrap_puts
 .text.__wrap_vprintf
                0x10003cf4       0x44 CMakeFiles/watering_system.dir/C_/Users/daven/Documents/Pico/pico-sdk/src/rp2_common/pico_stdio/stdio.c.obj
                0x10003cf4                __wrap_vprintf
 .text.__wrap_printf
                0x10003d38       0x18 CMakeFiles/watering_system.dir/C_/Users/daven/Documents/Pico/pico-sdk/src/rp2_common/pico_stdio/stdio.c.obj
                0x10003d38                __wrap_printf
 .text.stdio_init_all
                0x10003d50        0x8 CMakeFiles/watering_system.dir/C_/Users/daven/Documents/Pico/pico-sdk/src/rp2_common/pico_stdio/stdio.c.obj
                0x10003d50                stdio_init_all
 .text.stdio_uart_out_chars
                0x10003d58       0x74 CMakeFiles/watering_system.dir/C_/Users/daven/Documents/Pico/pico-sdk/src/rp2_common/pico_stdio_uart/stdio_uart.c.obj
 .text.stdio_uart_in_chars
                0x10003dcc       0x58 CMakeFiles/watering_system.dir/C_/Users/daven/Documents/Pico/pico-sdk/src/rp2_common/pico_stdio_uart/stdio_uart.c.obj
                0x10003dcc                stdio_uart_in_chars
 .text.stdio_uart_init_full
                0x10003e24       0x3c CMakeFiles/watering_system.dir/C_/Users/daven/Documents/Pico/pico-sdk/src/rp2_common/pico_stdio_uart/stdio_uart.c.obj
                0x10003e24                stdio_uart_init_full
 .text.stdio_uart_init
                0x10003e60       0x28 CMakeFiles/watering_system.dir/C_/Users/daven/Documents/Pico/pico-sdk/src/rp2_common/pico_stdio_uart/stdio_uart.c.obj
                0x10003e60                stdio_uart_init
 .text.strlen   0x10003e88       0x5c c:/progra~2/gnuarm~1/102020~1/bin/../lib/gcc/arm-none-eabi/10.2.1/../../../../arm-none-eabi/lib/thumb/v6-m/nofp\libg.a(lib_a-strlen-stub.o)
                0x10003e88                strlen
 *(.fini)
 .fini          0x10003ee4        0x4 c:/progra~2/gnuarm~1/102020~1/bin/../lib/gcc/arm-none-eabi/10.2.1/thumb/v6-m/nofp/crti.o
                0x10003ee4                _fini
 .fini.__stub   0x10003ee8       0x50 linker stubs
 *crtbegin.o(.ctors)
 *crtbegin?.o(.ctors)
 *(EXCLUDE_FILE(*crtend.o *crtend?.o) .ctors)
 *(SORT_BY_NAME(.ctors.*))
 *(.ctors)
 *crtbegin.o(.dtors)
 *crtbegin?.o(.dtors)
 *(EXCLUDE_FILE(*crtend.o *crtend?.o) .dtors)
 *(SORT_BY_NAME(.dtors.*))
 *(.dtors)
 *(.eh_frame*)
 .eh_frame      0x10003f38        0x0 c:/progra~2/gnuarm~1/102020~1/bin/../lib/gcc/arm-none-eabi/10.2.1/thumb/v6-m/nofp/crtbegin.o
                0x10003f38                . = ALIGN (0x4)

.glue_7         0x10003f38        0x0
 .glue_7        0x10003f38        0x0 linker stubs

.glue_7t        0x10003f38        0x0
 .glue_7t       0x10003f38        0x0 linker stubs

.vfp11_veneer   0x10003f38        0x0
 .vfp11_veneer  0x10003f38        0x0 linker stubs

.v4_bx          0x10003f38        0x0
 .v4_bx         0x10003f38        0x0 linker stubs

.iplt           0x10003f38        0x0
 .iplt          0x10003f38        0x0 c:/progra~2/gnuarm~1/102020~1/bin/../lib/gcc/arm-none-eabi/10.2.1/thumb/v6-m/nofp/crtbegin.o

.rodata         0x10003f38      0xdc8
 *(EXCLUDE_FILE(*libm.a: *libc.a:*lib_a-mem*.o *libgcc.a:) .rodata*)
 .rodata.main.str1.4
                0x10003f38        0xe CMakeFiles/watering_system.dir/watering_system.c.obj
 *fill*         0x10003f46        0x2 
 .rodata.repeating_timer_callback.str1.4
                0x10003f48       0x57 CMakeFiles/watering_system.dir/C_/Users/daven/Documents/Pico/pico-sdk/src/common/pico_time/time.c.obj
 *fill*         0x10003f9f        0x1 
 .rodata.alarm_pool_dump_key.str1.4
                0x10003fa0       0x33 CMakeFiles/watering_system.dir/C_/Users/daven/Documents/Pico/pico-sdk/src/common/pico_time/time.c.obj
 *fill*         0x10003fd3        0x1 
 .rodata.ph_add_child_node.str1.4
                0x10003fd4       0xa2 CMakeFiles/watering_system.dir/C_/Users/daven/Documents/Pico/pico-sdk/src/common/pico_time/time.c.obj
 *fill*         0x10004076        0x2 
 .rodata.add_alarm_under_lock.str1.4
                0x10004078       0x28 CMakeFiles/watering_system.dir/C_/Users/daven/Documents/Pico/pico-sdk/src/common/pico_time/time.c.obj
                                 0x2b (size before relaxing)
 .rodata.alarm_pool_alarm_callback.str1.4
                0x100040a0       0xf2 CMakeFiles/watering_system.dir/C_/Users/daven/Documents/Pico/pico-sdk/src/common/pico_time/time.c.obj
 *fill*         0x10004192        0x2 
 .rodata.__func__.10
                0x10004194       0x15 CMakeFiles/watering_system.dir/C_/Users/daven/Documents/Pico/pico-sdk/src/common/pico_time/time.c.obj
 *fill*         0x100041a9        0x3 
 .rodata.__func__.11
                0x100041ac       0x1a CMakeFiles/watering_system.dir/C_/Users/daven/Documents/Pico/pico-sdk/src/common/pico_time/time.c.obj
 *fill*         0x100041c6        0x2 
 .rodata.__func__.12
                0x100041c8        0xa CMakeFiles/watering_system.dir/C_/Users/daven/Documents/Pico/pico-sdk/src/common/pico_time/time.c.obj
 *fill*         0x100041d2        0x2 
 .rodata.__func__.4
                0x100041d4       0x12 CMakeFiles/watering_system.dir/C_/Users/daven/Documents/Pico/pico-sdk/src/common/pico_time/time.c.obj
 *fill*         0x100041e6        0x2 
 .rodata.__func__.5
                0x100041e8        0xd CMakeFiles/watering_system.dir/C_/Users/daven/Documents/Pico/pico-sdk/src/common/pico_time/time.c.obj
 *fill*         0x100041f5        0x3 
 .rodata.__func__.6
                0x100041f8       0x12 CMakeFiles/watering_system.dir/C_/Users/daven/Documents/Pico/pico-sdk/src/common/pico_time/time.c.obj
 *fill*         0x1000420a        0x2 
 .rodata.__func__.7
                0x1000420c        0xf CMakeFiles/watering_system.dir/C_/Users/daven/Documents/Pico/pico-sdk/src/common/pico_time/time.c.obj
 *fill*         0x1000421b        0x1 
 .rodata.__func__.8
                0x1000421c        0xc CMakeFiles/watering_system.dir/C_/Users/daven/Documents/Pico/pico-sdk/src/common/pico_time/time.c.obj
 .rodata.__func__.9
                0x10004228       0x15 CMakeFiles/watering_system.dir/C_/Users/daven/Documents/Pico/pico-sdk/src/common/pico_time/time.c.obj
 *fill*         0x1000423d        0x3 
 .rodata.hardware_alarm_claim.str1.4
                0x10004240       0x22 CMakeFiles/watering_system.dir/C_/Users/daven/Documents/Pico/pico-sdk/src/rp2_common/hardware_timer/timer.c.obj
 *fill*         0x10004262        0x2 
 .rodata.hardware_alarm_set_target.str1.4
                0x10004264       0x71 CMakeFiles/watering_system.dir/C_/Users/daven/Documents/Pico/pico-sdk/src/rp2_common/hardware_timer/timer.c.obj
 *fill*         0x100042d5        0x3 
 .rodata.__func__.0
                0x100042d8       0x1a CMakeFiles/watering_system.dir/C_/Users/daven/Documents/Pico/pico-sdk/src/rp2_common/hardware_timer/timer.c.obj
 *fill*         0x100042f2        0x2 
 .rodata.str1.4
                0x100042f4       0x68 CMakeFiles/watering_system.dir/C_/Users/daven/Documents/Pico/pico-sdk/src/common/pico_sync/mutex.c.obj
                                 0xd8 (size before relaxing)
 .rodata.__func__.0
                0x1000435c        0xb CMakeFiles/watering_system.dir/C_/Users/daven/Documents/Pico/pico-sdk/src/common/pico_sync/mutex.c.obj
 *fill*         0x10004367        0x1 
 .rodata.__func__.3
                0x10004368       0x15 CMakeFiles/watering_system.dir/C_/Users/daven/Documents/Pico/pico-sdk/src/common/pico_sync/mutex.c.obj
 .rodata.ph_add_child_node.str1.4
                0x1000437d       0xa2 CMakeFiles/watering_system.dir/C_/Users/daven/Documents/Pico/pico-sdk/src/common/pico_util/pheap.c.obj
 *fill*         0x1000437d        0x3 
 .rodata.ph_remove_any_head.str1.4
                0x10004380       0x98 CMakeFiles/watering_system.dir/C_/Users/daven/Documents/Pico/pico-sdk/src/common/pico_util/pheap.c.obj
 .rodata.ph_remove_and_free_node.str1.4
                0x10004418       0x26 CMakeFiles/watering_system.dir/C_/Users/daven/Documents/Pico/pico-sdk/src/common/pico_util/pheap.c.obj
 *fill*         0x1000443e        0x2 
 .rodata.__func__.0
                0x10004440       0x18 CMakeFiles/watering_system.dir/C_/Users/daven/Documents/Pico/pico-sdk/src/common/pico_util/pheap.c.obj
 .rodata.__func__.1
                0x10004458       0x13 CMakeFiles/watering_system.dir/C_/Users/daven/Documents/Pico/pico-sdk/src/common/pico_util/pheap.c.obj
 *fill*         0x1000446b        0x1 
 .rodata.__func__.2
                0x1000446c       0x12 CMakeFiles/watering_system.dir/C_/Users/daven/Documents/Pico/pico-sdk/src/common/pico_util/pheap.c.obj
 *fill*         0x1000447e        0x2 
 .rodata.__func__.3
                0x10004480        0xc CMakeFiles/watering_system.dir/C_/Users/daven/Documents/Pico/pico-sdk/src/common/pico_util/pheap.c.obj
 .rodata.__assert_func.str1.4
                0x1000448c       0x3f CMakeFiles/watering_system.dir/C_/Users/daven/Documents/Pico/pico-sdk/src/rp2_common/pico_runtime/runtime.c.obj
                                 0x43 (size before relaxing)
 *fill*         0x100044cb        0x1 
 .rodata.panic.str1.4
                0x100044cc       0x12 CMakeFiles/watering_system.dir/C_/Users/daven/Documents/Pico/pico-sdk/src/rp2_common/pico_runtime/runtime.c.obj
 *fill*         0x100044de        0x2 
 .rodata.clock_configure.str1.4
                0x100044e0       0x63 CMakeFiles/watering_system.dir/C_/Users/daven/Documents/Pico/pico-sdk/src/rp2_common/hardware_clocks/clocks.c.obj
 *fill*         0x10004543        0x1 
 .rodata.__func__.1
                0x10004544       0x10 CMakeFiles/watering_system.dir/C_/Users/daven/Documents/Pico/pico-sdk/src/rp2_common/hardware_clocks/clocks.c.obj
 .rodata.pll_init.str1.4
                0x10004554       0xe7 CMakeFiles/watering_system.dir/C_/Users/daven/Documents/Pico/pico-sdk/src/rp2_common/hardware_pll/pll.c.obj
 *fill*         0x1000463b        0x1 
 .rodata.__func__.0
                0x1000463c        0x9 CMakeFiles/watering_system.dir/C_/Users/daven/Documents/Pico/pico-sdk/src/rp2_common/hardware_pll/pll.c.obj
 *fill*         0x10004645        0x3 
 .rodata.make_branch.str1.4
                0x10004648       0x59 CMakeFiles/watering_system.dir/C_/Users/daven/Documents/Pico/pico-sdk/src/rp2_common/hardware_irq/irq.c.obj
 *fill*         0x100046a1        0x3 
 .rodata.irq_set_exclusive_handler.str1.4
                0x100046a4       0x36 CMakeFiles/watering_system.dir/C_/Users/daven/Documents/Pico/pico-sdk/src/rp2_common/hardware_irq/irq.c.obj
 *fill*         0x100046da        0x2 
 .rodata.irq_add_shared_handler.str1.4
                0x100046dc       0xd9 CMakeFiles/watering_system.dir/C_/Users/daven/Documents/Pico/pico-sdk/src/rp2_common/hardware_irq/irq.c.obj
 *fill*         0x100047b5        0x3 
 .rodata.irq_remove_handler.str1.4
                0x100047b8       0x2a CMakeFiles/watering_system.dir/C_/Users/daven/Documents/Pico/pico-sdk/src/rp2_common/hardware_irq/irq.c.obj
 *fill*         0x100047e2        0x2 
 .rodata.irq_add_tail_to_free_list.str1.4
                0x100047e4       0x32 CMakeFiles/watering_system.dir/C_/Users/daven/Documents/Pico/pico-sdk/src/rp2_common/hardware_irq/irq.c.obj
                                 0x3a (size before relaxing)
 *fill*         0x10004816        0x2 
 .rodata.__func__.0
                0x10004818       0x1a CMakeFiles/watering_system.dir/C_/Users/daven/Documents/Pico/pico-sdk/src/rp2_common/hardware_irq/irq.c.obj
 *fill*         0x10004832        0x2 
 .rodata.__func__.1
                0x10004834       0x17 CMakeFiles/watering_system.dir/C_/Users/daven/Documents/Pico/pico-sdk/src/rp2_common/hardware_irq/irq.c.obj
 *fill*         0x1000484b        0x1 
 .rodata.__func__.2
                0x1000484c       0x13 CMakeFiles/watering_system.dir/C_/Users/daven/Documents/Pico/pico-sdk/src/rp2_common/hardware_irq/irq.c.obj
 *fill*         0x1000485f        0x1 
 .rodata.__func__.3
                0x10004860        0xc CMakeFiles/watering_system.dir/C_/Users/daven/Documents/Pico/pico-sdk/src/rp2_common/hardware_irq/irq.c.obj
 .rodata.__func__.4
                0x1000486c        0xf CMakeFiles/watering_system.dir/C_/Users/daven/Documents/Pico/pico-sdk/src/rp2_common/hardware_irq/irq.c.obj
 *fill*         0x1000487b        0x1 
 .rodata.__func__.6
                0x1000487c       0x1a CMakeFiles/watering_system.dir/C_/Users/daven/Documents/Pico/pico-sdk/src/rp2_common/hardware_irq/irq.c.obj
 *fill*         0x10004896        0x2 
 .rodata._ftoa.str1.4
                0x10004898       0x15 CMakeFiles/watering_system.dir/C_/Users/daven/Documents/Pico/pico-sdk/src/rp2_common/pico_printf/printf.c.obj
 *fill*         0x100048ad        0x3 
 .rodata._vsnprintf
                0x100048b0      0x1e0 CMakeFiles/watering_system.dir/C_/Users/daven/Documents/Pico/pico-sdk/src/rp2_common/pico_printf/printf.c.obj
 .rodata.pow10.0
                0x10004a90       0x50 CMakeFiles/watering_system.dir/C_/Users/daven/Documents/Pico/pico-sdk/src/rp2_common/pico_printf/printf.c.obj
 .rodata.__aeabi_double_init.str1.4
                0x10004ae0       0xb4 CMakeFiles/watering_system.dir/C_/Users/daven/Documents/Pico/pico-sdk/src/rp2_common/pico_double/double_init_rom.c.obj
 .rodata.__func__.0
                0x10004b94       0x14 CMakeFiles/watering_system.dir/C_/Users/daven/Documents/Pico/pico-sdk/src/rp2_common/pico_double/double_init_rom.c.obj
 .rodata.__aeabi_float_init.str1.4
                0x10004ba8       0x86 CMakeFiles/watering_system.dir/C_/Users/daven/Documents/Pico/pico-sdk/src/rp2_common/pico_float/float_init_rom.c.obj
                                 0x8a (size before relaxing)
 *fill*         0x10004c2e        0x2 
 .rodata.__func__.0
                0x10004c30       0x13 CMakeFiles/watering_system.dir/C_/Users/daven/Documents/Pico/pico-sdk/src/rp2_common/pico_float/float_init_rom.c.obj
 *fill*         0x10004c43        0x1 
 .rodata.str1.4
                0x10004c44       0x48 CMakeFiles/watering_system.dir/C_/Users/daven/Documents/Pico/pico-sdk/src/rp2_common/pico_standard_link/binary_info.c.obj
 .rodata.__bi_44
                0x10004c8c        0xc CMakeFiles/watering_system.dir/C_/Users/daven/Documents/Pico/pico-sdk/src/rp2_common/pico_standard_link/binary_info.c.obj
 .rodata.__bi_56
                0x10004c98        0xc CMakeFiles/watering_system.dir/C_/Users/daven/Documents/Pico/pico-sdk/src/rp2_common/pico_standard_link/binary_info.c.obj
 .rodata.__bi_75
                0x10004ca4        0xc CMakeFiles/watering_system.dir/C_/Users/daven/Documents/Pico/pico-sdk/src/rp2_common/pico_standard_link/binary_info.c.obj
 .rodata.__bi_81
                0x10004cb0        0xc CMakeFiles/watering_system.dir/C_/Users/daven/Documents/Pico/pico-sdk/src/rp2_common/pico_standard_link/binary_info.c.obj
 .rodata.crlf_str.2
                0x10004cbc        0x2 CMakeFiles/watering_system.dir/C_/Users/daven/Documents/Pico/pico-sdk/src/rp2_common/pico_stdio/stdio.c.obj
 *fill*         0x10004cbe        0x2 
 .rodata.str1.4
                0x10004cc0       0x2c CMakeFiles/watering_system.dir/C_/Users/daven/Documents/Pico/pico-sdk/src/rp2_common/pico_stdio_uart/stdio_uart.c.obj
 .rodata.__bi_28.4
                0x10004cec        0xc CMakeFiles/watering_system.dir/C_/Users/daven/Documents/Pico/pico-sdk/src/rp2_common/pico_stdio_uart/stdio_uart.c.obj
 .rodata.__bi_29.5
                0x10004cf8        0x8 CMakeFiles/watering_system.dir/C_/Users/daven/Documents/Pico/pico-sdk/src/rp2_common/pico_stdio_uart/stdio_uart.c.obj
                0x10004d00                . = ALIGN (0x4)
 *(SORT_BY_ALIGNMENT(SORT_BY_NAME(.flashdata*)))
                0x10004d00                . = ALIGN (0x4)

.rel.dyn        0x10004d00        0x0
 .rel.iplt      0x10004d00        0x0 c:/progra~2/gnuarm~1/102020~1/bin/../lib/gcc/arm-none-eabi/10.2.1/thumb/v6-m/nofp/crtbegin.o

.ARM.extab
 *(.ARM.extab* .gnu.linkonce.armextab.*)
                0x10004d00                __exidx_start = .

.ARM.exidx
 *(.ARM.exidx* .gnu.linkonce.armexidx.*)
                0x10004d00                __exidx_end = .
                0x10004d00                . = ALIGN (0x4)
                0x10004d00                __binary_info_start = .

.binary_info    0x10004d00       0x28
 *(.binary_info.keep.*)
 .binary_info.keep.__bi_ptr22
                0x10004d00        0x4 CMakeFiles/watering_system.dir/C_/Users/daven/Documents/Pico/pico-sdk/src/rp2_common/pico_standard_link/binary_info.c.obj
 .binary_info.keep.__bi_ptr30
                0x10004d04        0x4 CMakeFiles/watering_system.dir/C_/Users/daven/Documents/Pico/pico-sdk/src/rp2_common/pico_standard_link/binary_info.c.obj
 .binary_info.keep.__bi_ptr38
                0x10004d08        0x4 CMakeFiles/watering_system.dir/C_/Users/daven/Documents/Pico/pico-sdk/src/rp2_common/pico_standard_link/binary_info.c.obj
 .binary_info.keep.__bi_ptr44
                0x10004d0c        0x4 CMakeFiles/watering_system.dir/C_/Users/daven/Documents/Pico/pico-sdk/src/rp2_common/pico_standard_link/binary_info.c.obj
 .binary_info.keep.__bi_ptr50
                0x10004d10        0x4 CMakeFiles/watering_system.dir/C_/Users/daven/Documents/Pico/pico-sdk/src/rp2_common/pico_standard_link/binary_info.c.obj
 .binary_info.keep.__bi_ptr56
                0x10004d14        0x4 CMakeFiles/watering_system.dir/C_/Users/daven/Documents/Pico/pico-sdk/src/rp2_common/pico_standard_link/binary_info.c.obj
 .binary_info.keep.__bi_ptr75
                0x10004d18        0x4 CMakeFiles/watering_system.dir/C_/Users/daven/Documents/Pico/pico-sdk/src/rp2_common/pico_standard_link/binary_info.c.obj
 .binary_info.keep.__bi_ptr81
                0x10004d1c        0x4 CMakeFiles/watering_system.dir/C_/Users/daven/Documents/Pico/pico-sdk/src/rp2_common/pico_standard_link/binary_info.c.obj
 *(.binary_info.*)
 .binary_info.__bi_ptr28
                0x10004d20        0x4 CMakeFiles/watering_system.dir/C_/Users/daven/Documents/Pico/pico-sdk/src/rp2_common/pico_stdio_uart/stdio_uart.c.obj
 .binary_info.__bi_ptr29
                0x10004d24        0x4 CMakeFiles/watering_system.dir/C_/Users/daven/Documents/Pico/pico-sdk/src/rp2_common/pico_stdio_uart/stdio_uart.c.obj
                0x10004d28                __binary_info_end = .
                0x10004d28                . = ALIGN (0x4)
                0x10004d28                __etext = .

.ram_vector_table
                0x20000000       0xc0
 *(.ram_vector_table)
 .ram_vector_table
                0x20000000       0xc0 CMakeFiles/watering_system.dir/C_/Users/daven/Documents/Pico/pico-sdk/src/rp2_common/pico_runtime/runtime.c.obj
                0x20000000                ram_vector_table

.data           0x200000c0      0x1e0 load address 0x10004d28
                0x200000c0                __data_start__ = .
 *(vtable)
 *(.time_critical*)
 .time_critical.mutex_enter_blocking
                0x200000c0       0x64 CMakeFiles/watering_system.dir/C_/Users/daven/Documents/Pico/pico-sdk/src/common/pico_sync/mutex.c.obj
                0x200000c0                mutex_enter_blocking
 .time_critical.mutex_try_enter
                0x20000124       0x46 CMakeFiles/watering_system.dir/C_/Users/daven/Documents/Pico/pico-sdk/src/common/pico_sync/mutex.c.obj
                0x20000124                mutex_try_enter
 *fill*         0x2000016a        0x2 
 .time_critical.mutex_exit
                0x2000016c       0x4c CMakeFiles/watering_system.dir/C_/Users/daven/Documents/Pico/pico-sdk/src/common/pico_sync/mutex.c.obj
                0x2000016c                mutex_exit
 *(.text*)
 .text          0x200001b8        0x4 c:/progra~2/gnuarm~1/102020~1/bin/../lib/gcc/arm-none-eabi/10.2.1/thumb/v6-m/nofp\libgcc.a(_dvmd_tls.o)
                0x200001b8                __aeabi_idiv0
                0x200001b8                __aeabi_ldiv0
 *fill*         0x200001bc        0x4 
 .text.__stub   0x200001c0       0x10 linker stubs
                0x200001d0                . = ALIGN (0x4)
 *(.rodata*)
                0x200001d0                . = ALIGN (0x4)
 *(.data*)
 .data.striped_spin_lock_num
                0x200001d0        0x1 CMakeFiles/watering_system.dir/C_/Users/daven/Documents/Pico/pico-sdk/src/rp2_common/hardware_sync/sync.c.obj
 *fill*         0x200001d1        0x3 
 .data.default_alarm_pool
                0x200001d4       0x18 CMakeFiles/watering_system.dir/C_/Users/daven/Documents/Pico/pico-sdk/src/common/pico_time/time.c.obj
 .data.default_alarm_pool_heap
                0x200001ec       0x10 CMakeFiles/watering_system.dir/C_/Users/daven/Documents/Pico/pico-sdk/src/common/pico_time/time.c.obj
 .data          0x200001fc       0x48 CMakeFiles/watering_system.dir/C_/Users/daven/Documents/Pico/pico-sdk/src/rp2_common/hardware_irq/irq_handler_chain.S.obj
                0x200001fc                irq_handler_chain_slots
                0x2000022c                irq_handler_chain_first_slot
                0x20000236                irq_handler_chain_remove_tail
 *fill*         0x20000244        0xc 
 .data.aeabi_bits_funcs
                0x20000250       0x10 CMakeFiles/watering_system.dir/C_/Users/daven/Documents/Pico/pico-sdk/src/rp2_common/pico_bit_ops/bit_ops_aeabi.S.obj
                0x20000250                aeabi_bits_funcs
                0x20000260                aeabi_bits_funcs_end
 .data.aeabi_mem_funcs
                0x20000260       0x10 CMakeFiles/watering_system.dir/C_/Users/daven/Documents/Pico/pico-sdk/src/rp2_common/pico_mem_ops/mem_ops_aeabi.S.obj
                0x20000260                aeabi_mem_funcs
                0x20000270                aeabi_mem_funcs_end
 .data.stdio_uart
                0x20000270       0x14 CMakeFiles/watering_system.dir/C_/Users/daven/Documents/Pico/pico-sdk/src/rp2_common/pico_stdio_uart/stdio_uart.c.obj
                0x20000270                stdio_uart
                0x20000284                . = ALIGN (0x4)
 *(.after_data.*)
                0x20000284                . = ALIGN (0x4)
                0x20000284                PROVIDE (__mutex_array_start = .)
 *(SORT_BY_NAME(.mutex_array.*))
 *(.mutex_array)
 .mutex_array   0x20000284        0x8 CMakeFiles/watering_system.dir/C_/Users/daven/Documents/Pico/pico-sdk/src/rp2_common/pico_stdio/stdio.c.obj
                0x2000028c                PROVIDE (__mutex_array_end = .)
                0x2000028c                . = ALIGN (0x4)
                0x2000028c                PROVIDE (__preinit_array_start = .)
 *(SORT_BY_NAME(.preinit_array.*))
 .preinit_array.00001
                0x2000028c        0x4 CMakeFiles/watering_system.dir/C_/Users/daven/Documents/Pico/pico-sdk/src/rp2_common/pico_mem_ops/mem_ops_aeabi.S.obj
 .preinit_array.00010
                0x20000290        0x4 CMakeFiles/watering_system.dir/C_/Users/daven/Documents/Pico/pico-sdk/src/rp2_common/pico_bit_ops/bit_ops_aeabi.S.obj
 .preinit_array.00020
                0x20000294        0x4 CMakeFiles/watering_system.dir/C_/Users/daven/Documents/Pico/pico-sdk/src/rp2_common/pico_double/double_aeabi.S.obj
 .preinit_array.00020
                0x20000298        0x4 CMakeFiles/watering_system.dir/C_/Users/daven/Documents/Pico/pico-sdk/src/rp2_common/pico_float/float_aeabi.S.obj
 *(.preinit_array)
                0x2000029c                PROVIDE (__preinit_array_end = .)
                0x2000029c                . = ALIGN (0x4)
                0x2000029c                PROVIDE (__init_array_start = .)
 *(SORT_BY_NAME(.init_array.*))
 *(.init_array)
 .init_array    0x2000029c        0x4 c:/progra~2/gnuarm~1/102020~1/bin/../lib/gcc/arm-none-eabi/10.2.1/thumb/v6-m/nofp/crtbegin.o
                0x200002a0                PROVIDE (__init_array_end = .)
                0x200002a0                . = ALIGN (0x4)
                [!provide]                PROVIDE (__fini_array_start = .)
 *(SORT_BY_NAME(.fini_array.*))
 *(.fini_array)
                [!provide]                PROVIDE (__fini_array_end = .)
 *(.jcr)
                0x200002a0                . = ALIGN (0x4)
                0x200002a0                __data_end__ = .

.igot.plt       0x200002a0        0x0 load address 0x10004f08
 .igot.plt      0x200002a0        0x0 c:/progra~2/gnuarm~1/102020~1/bin/../lib/gcc/arm-none-eabi/10.2.1/thumb/v6-m/nofp/crtbegin.o

.uninitialized_data
                0x200002a0        0x0 load address 0x10004f08
                0x200002a0                . = ALIGN (0x4)
 *(.uninitialized_data*)

.scratch_x      0x20040000        0x0 load address 0x10004f08
                0x20040000                __scratch_x_start__ = .
 *(.scratch_x.*)
                0x20040000                . = ALIGN (0x4)
                0x20040000                __scratch_x_end__ = .
                0x10004f08                __scratch_x_source__ = LOADADDR (.scratch_x)

.scratch_y      0x20041000        0x0 load address 0x10004f08
                0x20041000                __scratch_y_start__ = .
 *(.scratch_y.*)
                0x20041000                . = ALIGN (0x4)
                0x20041000                __scratch_y_end__ = .
                0x10004f08                __scratch_y_source__ = LOADADDR (.scratch_y)

.bss            0x200002a0      0x3cc
                0x200002a0                . = ALIGN (0x4)
                0x200002a0                __bss_start__ = .
 *(SORT_BY_ALIGNMENT(SORT_BY_NAME(.bss*)))
 .bss.default_alarm_pool_entries
                0x200002a0      0x100 CMakeFiles/watering_system.dir/C_/Users/daven/Documents/Pico/pico-sdk/src/common/pico_time/time.c.obj
 .bss           0x200003a0       0x1c c:/progra~2/gnuarm~1/102020~1/bin/../lib/gcc/arm-none-eabi/10.2.1/thumb/v6-m/nofp/crtbegin.o
 .bss.alarm_callbacks
                0x200003bc       0x10 CMakeFiles/watering_system.dir/C_/Users/daven/Documents/Pico/pico-sdk/src/rp2_common/hardware_timer/timer.c.obj
 .bss.configured_freq
                0x200003cc       0x28 CMakeFiles/watering_system.dir/C_/Users/daven/Documents/Pico/pico-sdk/src/rp2_common/hardware_clocks/clocks.c.obj
 .bss.default_alarm_pool_entry_ids_high
                0x200003f4       0x10 CMakeFiles/watering_system.dir/C_/Users/daven/Documents/Pico/pico-sdk/src/common/pico_time/time.c.obj
 .bss.default_alarm_pool_heap_nodes
                0x20000404       0x30 CMakeFiles/watering_system.dir/C_/Users/daven/Documents/Pico/pico-sdk/src/common/pico_time/time.c.obj
 .bss.drivers   0x20000434        0x4 CMakeFiles/watering_system.dir/C_/Users/daven/Documents/Pico/pico-sdk/src/rp2_common/pico_stdio/stdio.c.obj
 .bss.filter    0x20000438        0x4 CMakeFiles/watering_system.dir/C_/Users/daven/Documents/Pico/pico-sdk/src/rp2_common/pico_stdio/stdio.c.obj
 .bss.pools     0x2000043c       0x10 CMakeFiles/watering_system.dir/C_/Users/daven/Documents/Pico/pico-sdk/src/common/pico_time/time.c.obj
 .bss.sd_table  0x2000044c      0x100 CMakeFiles/watering_system.dir/C_/Users/daven/Documents/Pico/pico-sdk/src/rp2_common/pico_double/double_init_rom.c.obj
                0x2000044c                sd_table
 .bss.sf_clz_func
                0x2000054c        0x4 CMakeFiles/watering_system.dir/C_/Users/daven/Documents/Pico/pico-sdk/src/rp2_common/pico_float/float_init_rom.c.obj
                0x2000054c                sf_clz_func
 .bss.sf_table  0x20000550      0x100 CMakeFiles/watering_system.dir/C_/Users/daven/Documents/Pico/pico-sdk/src/rp2_common/pico_float/float_init_rom.c.obj
                0x20000550                sf_table
 .bss.target_hi
                0x20000650       0x10 CMakeFiles/watering_system.dir/C_/Users/daven/Documents/Pico/pico-sdk/src/rp2_common/hardware_timer/timer.c.obj
 .bss.uart_char_to_line_feed
                0x20000660        0x4 CMakeFiles/watering_system.dir/C_/Users/daven/Documents/Pico/pico-sdk/src/rp2_common/hardware_uart/uart.c.obj
                0x20000660                uart_char_to_line_feed
 .bss.uart_instance
                0x20000664        0x4 CMakeFiles/watering_system.dir/C_/Users/daven/Documents/Pico/pico-sdk/src/rp2_common/pico_stdio_uart/stdio_uart.c.obj
 .bss.claimed   0x20000668        0x1 CMakeFiles/watering_system.dir/C_/Users/daven/Documents/Pico/pico-sdk/src/rp2_common/hardware_timer/timer.c.obj
 .bss.irq_hander_chain_free_slot_head
                0x20000669        0x1 CMakeFiles/watering_system.dir/C_/Users/daven/Documents/Pico/pico-sdk/src/rp2_common/hardware_irq/irq.c.obj
 .bss.timer_callbacks_pending
                0x2000066a        0x1 CMakeFiles/watering_system.dir/C_/Users/daven/Documents/Pico/pico-sdk/src/rp2_common/hardware_timer/timer.c.obj
 *(COMMON)
                0x2000066c                . = ALIGN (0x4)
 *fill*         0x2000066b        0x1 
                0x2000066c                __bss_end__ = .

.heap           0x2000066c      0x800
                0x2000066c                __end__ = .
                0x2000066c                end = __end__
 *(.heap*)
 .heap          0x2000066c      0x800 CMakeFiles/watering_system.dir/C_/Users/daven/Documents/Pico/pico-sdk/src/rp2_common/pico_standard_link/crt0.S.obj
                0x20000e6c                __HeapLimit = .

.stack1_dummy   0x20040000        0x0
 *(.stack1*)

.stack_dummy    0x20041000      0x800
 *(.stack*)
 .stack         0x20041000      0x800 CMakeFiles/watering_system.dir/C_/Users/daven/Documents/Pico/pico-sdk/src/rp2_common/pico_standard_link/crt0.S.obj

.flash_end      0x10004f08        0x0
                0x10004f08                __flash_binary_end = .
                0x20040000                __StackLimit = (ORIGIN (RAM) + LENGTH (RAM))
                0x20041000                __StackOneTop = (ORIGIN (SCRATCH_X) + LENGTH (SCRATCH_X))
                0x20042000                __StackTop = (ORIGIN (SCRATCH_Y) + LENGTH (SCRATCH_Y))
                0x20041000                __StackOneBottom = (__StackOneTop - SIZEOF (.stack1_dummy))
                0x20041800                __StackBottom = (__StackTop - SIZEOF (.stack_dummy))
                0x20042000                PROVIDE (__stack = __StackTop)
                0x00000001                ASSERT ((__StackLimit >= __HeapLimit), region RAM overflowed)
                0x00000001                ASSERT (((__binary_info_header_end - __logical_binary_start) <= 0x100), Binary info must be in first 256 bytes of the binary)
LOAD CMakeFiles/watering_system.dir/watering_system.c.obj
LOAD CMakeFiles/watering_system.dir/C_/Users/daven/Documents/Pico/pico-sdk/src/rp2_common/pico_stdlib/stdlib.c.obj
LOAD CMakeFiles/watering_system.dir/C_/Users/daven/Documents/Pico/pico-sdk/src/rp2_common/hardware_gpio/gpio.c.obj
LOAD CMakeFiles/watering_system.dir/C_/Users/daven/Documents/Pico/pico-sdk/src/rp2_common/hardware_claim/claim.c.obj
LOAD CMakeFiles/watering_system.dir/C_/Users/daven/Documents/Pico/pico-sdk/src/rp2_common/hardware_sync/sync.c.obj
LOAD CMakeFiles/watering_system.dir/C_/Users/daven/Documents/Pico/pico-sdk/src/rp2_common/pico_platform/platform.c.obj
LOAD CMakeFiles/watering_system.dir/C_/Users/daven/Documents/Pico/pico-sdk/src/rp2_common/hardware_uart/uart.c.obj
LOAD CMakeFiles/watering_system.dir/C_/Users/daven/Documents/Pico/pico-sdk/src/rp2_common/hardware_divider/divider.S.obj
LOAD CMakeFiles/watering_system.dir/C_/Users/daven/Documents/Pico/pico-sdk/src/common/pico_time/time.c.obj
LOAD CMakeFiles/watering_system.dir/C_/Users/daven/Documents/Pico/pico-sdk/src/common/pico_time/timeout_helper.c.obj
LOAD CMakeFiles/watering_system.dir/C_/Users/daven/Documents/Pico/pico-sdk/src/rp2_common/hardware_timer/timer.c.obj
LOAD CMakeFiles/watering_system.dir/C_/Users/daven/Documents/Pico/pico-sdk/src/common/pico_sync/sem.c.obj
LOAD CMakeFiles/watering_system.dir/C_/Users/daven/Documents/Pico/pico-sdk/src/common/pico_sync/lock_core.c.obj
LOAD CMakeFiles/watering_system.dir/C_/Users/daven/Documents/Pico/pico-sdk/src/common/pico_sync/mutex.c.obj
LOAD CMakeFiles/watering_system.dir/C_/Users/daven/Documents/Pico/pico-sdk/src/common/pico_sync/critical_section.c.obj
LOAD CMakeFiles/watering_system.dir/C_/Users/daven/Documents/Pico/pico-sdk/src/common/pico_util/datetime.c.obj
LOAD CMakeFiles/watering_system.dir/C_/Users/daven/Documents/Pico/pico-sdk/src/common/pico_util/pheap.c.obj
LOAD CMakeFiles/watering_system.dir/C_/Users/daven/Documents/Pico/pico-sdk/src/common/pico_util/queue.c.obj
LOAD CMakeFiles/watering_system.dir/C_/Users/daven/Documents/Pico/pico-sdk/src/rp2_common/pico_runtime/runtime.c.obj
LOAD CMakeFiles/watering_system.dir/C_/Users/daven/Documents/Pico/pico-sdk/src/rp2_common/hardware_clocks/clocks.c.obj
LOAD CMakeFiles/watering_system.dir/C_/Users/daven/Documents/Pico/pico-sdk/src/rp2_common/hardware_watchdog/watchdog.c.obj
LOAD CMakeFiles/watering_system.dir/C_/Users/daven/Documents/Pico/pico-sdk/src/rp2_common/hardware_xosc/xosc.c.obj
LOAD CMakeFiles/watering_system.dir/C_/Users/daven/Documents/Pico/pico-sdk/src/rp2_common/hardware_pll/pll.c.obj
LOAD CMakeFiles/watering_system.dir/C_/Users/daven/Documents/Pico/pico-sdk/src/rp2_common/hardware_vreg/vreg.c.obj
LOAD CMakeFiles/watering_system.dir/C_/Users/daven/Documents/Pico/pico-sdk/src/rp2_common/hardware_irq/irq.c.obj
LOAD CMakeFiles/watering_system.dir/C_/Users/daven/Documents/Pico/pico-sdk/src/rp2_common/hardware_irq/irq_handler_chain.S.obj
LOAD CMakeFiles/watering_system.dir/C_/Users/daven/Documents/Pico/pico-sdk/src/rp2_common/pico_printf/printf.c.obj
LOAD CMakeFiles/watering_system.dir/C_/Users/daven/Documents/Pico/pico-sdk/src/rp2_common/pico_bit_ops/bit_ops_aeabi.S.obj
LOAD CMakeFiles/watering_system.dir/C_/Users/daven/Documents/Pico/pico-sdk/src/rp2_common/pico_bootrom/bootrom.c.obj
LOAD CMakeFiles/watering_system.dir/C_/Users/daven/Documents/Pico/pico-sdk/src/rp2_common/pico_divider/divider.S.obj
LOAD CMakeFiles/watering_system.dir/C_/Users/daven/Documents/Pico/pico-sdk/src/rp2_common/pico_double/double_aeabi.S.obj
LOAD CMakeFiles/watering_system.dir/C_/Users/daven/Documents/Pico/pico-sdk/src/rp2_common/pico_double/double_init_rom.c.obj
LOAD CMakeFiles/watering_system.dir/C_/Users/daven/Documents/Pico/pico-sdk/src/rp2_common/pico_double/double_math.c.obj
LOAD CMakeFiles/watering_system.dir/C_/Users/daven/Documents/Pico/pico-sdk/src/rp2_common/pico_double/double_v1_rom_shim.S.obj
LOAD CMakeFiles/watering_system.dir/C_/Users/daven/Documents/Pico/pico-sdk/src/rp2_common/pico_int64_ops/pico_int64_ops_aeabi.S.obj
LOAD CMakeFiles/watering_system.dir/C_/Users/daven/Documents/Pico/pico-sdk/src/rp2_common/pico_float/float_aeabi.S.obj
LOAD CMakeFiles/watering_system.dir/C_/Users/daven/Documents/Pico/pico-sdk/src/rp2_common/pico_float/float_init_rom.c.obj
LOAD CMakeFiles/watering_system.dir/C_/Users/daven/Documents/Pico/pico-sdk/src/rp2_common/pico_float/float_math.c.obj
LOAD CMakeFiles/watering_system.dir/C_/Users/daven/Documents/Pico/pico-sdk/src/rp2_common/pico_float/float_v1_rom_shim.S.obj
LOAD CMakeFiles/watering_system.dir/C_/Users/daven/Documents/Pico/pico-sdk/src/rp2_common/pico_malloc/pico_malloc.c.obj
LOAD CMakeFiles/watering_system.dir/C_/Users/daven/Documents/Pico/pico-sdk/src/rp2_common/pico_mem_ops/mem_ops_aeabi.S.obj
LOAD CMakeFiles/watering_system.dir/C_/Users/daven/Documents/Pico/pico-sdk/src/rp2_common/pico_standard_link/crt0.S.obj
LOAD CMakeFiles/watering_system.dir/C_/Users/daven/Documents/Pico/pico-sdk/src/rp2_common/pico_standard_link/new_delete.cpp.obj
LOAD CMakeFiles/watering_system.dir/C_/Users/daven/Documents/Pico/pico-sdk/src/rp2_common/pico_standard_link/binary_info.c.obj
LOAD CMakeFiles/watering_system.dir/C_/Users/daven/Documents/Pico/pico-sdk/src/rp2_common/pico_stdio/stdio.c.obj
LOAD CMakeFiles/watering_system.dir/C_/Users/daven/Documents/Pico/pico-sdk/src/rp2_common/pico_stdio_uart/stdio_uart.c.obj
LOAD C:\Users\daven\AppData\Local\Temp\ccehFMpx.o
LOAD c:/progra~2/gnuarm~1/102020~1/bin/../lib/gcc/arm-none-eabi/10.2.1/../../../../arm-none-eabi/lib/thumb/v6-m/nofp\libstdc++.a
LOAD c:/progra~2/gnuarm~1/102020~1/bin/../lib/gcc/arm-none-eabi/10.2.1/../../../../arm-none-eabi/lib/thumb/v6-m/nofp\libm.a
START GROUP
LOAD c:/progra~2/gnuarm~1/102020~1/bin/../lib/gcc/arm-none-eabi/10.2.1/thumb/v6-m/nofp\libgcc.a
LOAD c:/progra~2/gnuarm~1/102020~1/bin/../lib/gcc/arm-none-eabi/10.2.1/../../../../arm-none-eabi/lib/thumb/v6-m/nofp\libg.a
LOAD c:/progra~2/gnuarm~1/102020~1/bin/../lib/gcc/arm-none-eabi/10.2.1/../../../../arm-none-eabi/lib/thumb/v6-m/nofp\libc.a
END GROUP
START GROUP
LOAD c:/progra~2/gnuarm~1/102020~1/bin/../lib/gcc/arm-none-eabi/10.2.1/thumb/v6-m/nofp\libgcc.a
LOAD c:/progra~2/gnuarm~1/102020~1/bin/../lib/gcc/arm-none-eabi/10.2.1/../../../../arm-none-eabi/lib/thumb/v6-m/nofp\libc.a
LOAD c:/progra~2/gnuarm~1/102020~1/bin/../lib/gcc/arm-none-eabi/10.2.1/../../../../arm-none-eabi/lib/thumb/v6-m/nofp\libnosys.a
END GROUP
LOAD c:/progra~2/gnuarm~1/102020~1/bin/../lib/gcc/arm-none-eabi/10.2.1/thumb/v6-m/nofp/crtend.o
LOAD c:/progra~2/gnuarm~1/102020~1/bin/../lib/gcc/arm-none-eabi/10.2.1/thumb/v6-m/nofp/crtn.o
OUTPUT(watering_system.elf elf32-littlearm)
LOAD linker stubs

.ARM.attributes
                0x00000000       0x28
 .ARM.attributes
                0x00000000       0x1e c:/progra~2/gnuarm~1/102020~1/bin/../lib/gcc/arm-none-eabi/10.2.1/thumb/v6-m/nofp/crti.o
 .ARM.attributes
                0x0000001e       0x2c c:/progra~2/gnuarm~1/102020~1/bin/../lib/gcc/arm-none-eabi/10.2.1/thumb/v6-m/nofp/crtbegin.o
 .ARM.attributes
                0x0000004a       0x2c CMakeFiles/watering_system.dir/watering_system.c.obj
 .ARM.attributes
                0x00000076       0x2c CMakeFiles/watering_system.dir/C_/Users/daven/Documents/Pico/pico-sdk/src/rp2_common/hardware_gpio/gpio.c.obj
 .ARM.attributes
                0x000000a2       0x2c CMakeFiles/watering_system.dir/C_/Users/daven/Documents/Pico/pico-sdk/src/rp2_common/hardware_claim/claim.c.obj
 .ARM.attributes
                0x000000ce       0x2c CMakeFiles/watering_system.dir/C_/Users/daven/Documents/Pico/pico-sdk/src/rp2_common/hardware_sync/sync.c.obj
 .ARM.attributes
                0x000000fa       0x2c CMakeFiles/watering_system.dir/C_/Users/daven/Documents/Pico/pico-sdk/src/rp2_common/pico_platform/platform.c.obj
 .ARM.attributes
                0x00000126       0x2c CMakeFiles/watering_system.dir/C_/Users/daven/Documents/Pico/pico-sdk/src/rp2_common/hardware_uart/uart.c.obj
 .ARM.attributes
                0x00000152       0x2c CMakeFiles/watering_system.dir/C_/Users/daven/Documents/Pico/pico-sdk/src/common/pico_time/time.c.obj
 .ARM.attributes
                0x0000017e       0x2c CMakeFiles/watering_system.dir/C_/Users/daven/Documents/Pico/pico-sdk/src/rp2_common/hardware_timer/timer.c.obj
 .ARM.attributes
                0x000001aa       0x2c CMakeFiles/watering_system.dir/C_/Users/daven/Documents/Pico/pico-sdk/src/common/pico_sync/lock_core.c.obj
 .ARM.attributes
                0x000001d6       0x2c CMakeFiles/watering_system.dir/C_/Users/daven/Documents/Pico/pico-sdk/src/common/pico_sync/mutex.c.obj
 .ARM.attributes
                0x00000202       0x2c CMakeFiles/watering_system.dir/C_/Users/daven/Documents/Pico/pico-sdk/src/common/pico_util/pheap.c.obj
 .ARM.attributes
                0x0000022e       0x2c CMakeFiles/watering_system.dir/C_/Users/daven/Documents/Pico/pico-sdk/src/rp2_common/pico_runtime/runtime.c.obj
 .ARM.attributes
                0x0000025a       0x2c CMakeFiles/watering_system.dir/C_/Users/daven/Documents/Pico/pico-sdk/src/rp2_common/hardware_clocks/clocks.c.obj
 .ARM.attributes
                0x00000286       0x2c CMakeFiles/watering_system.dir/C_/Users/daven/Documents/Pico/pico-sdk/src/rp2_common/hardware_watchdog/watchdog.c.obj
 .ARM.attributes
                0x000002b2       0x2c CMakeFiles/watering_system.dir/C_/Users/daven/Documents/Pico/pico-sdk/src/rp2_common/hardware_xosc/xosc.c.obj
 .ARM.attributes
                0x000002de       0x2c CMakeFiles/watering_system.dir/C_/Users/daven/Documents/Pico/pico-sdk/src/rp2_common/hardware_pll/pll.c.obj
 .ARM.attributes
                0x0000030a       0x2c CMakeFiles/watering_system.dir/C_/Users/daven/Documents/Pico/pico-sdk/src/rp2_common/hardware_irq/irq.c.obj
 .ARM.attributes
                0x00000336       0x22 CMakeFiles/watering_system.dir/C_/Users/daven/Documents/Pico/pico-sdk/src/rp2_common/hardware_irq/irq_handler_chain.S.obj
 .ARM.attributes
                0x00000358       0x2c CMakeFiles/watering_system.dir/C_/Users/daven/Documents/Pico/pico-sdk/src/rp2_common/pico_printf/printf.c.obj
 .ARM.attributes
                0x00000384       0x22 CMakeFiles/watering_system.dir/C_/Users/daven/Documents/Pico/pico-sdk/src/rp2_common/pico_bit_ops/bit_ops_aeabi.S.obj
 .ARM.attributes
                0x000003a6       0x2c CMakeFiles/watering_system.dir/C_/Users/daven/Documents/Pico/pico-sdk/src/rp2_common/pico_bootrom/bootrom.c.obj
 .ARM.attributes
                0x000003d2       0x22 CMakeFiles/watering_system.dir/C_/Users/daven/Documents/Pico/pico-sdk/src/rp2_common/pico_divider/divider.S.obj
 .ARM.attributes
                0x000003f4       0x22 CMakeFiles/watering_system.dir/C_/Users/daven/Documents/Pico/pico-sdk/src/rp2_common/pico_double/double_aeabi.S.obj
 .ARM.attributes
                0x00000416       0x2c CMakeFiles/watering_system.dir/C_/Users/daven/Documents/Pico/pico-sdk/src/rp2_common/pico_double/double_init_rom.c.obj
 .ARM.attributes
                0x00000442       0x22 CMakeFiles/watering_system.dir/C_/Users/daven/Documents/Pico/pico-sdk/src/rp2_common/pico_double/double_v1_rom_shim.S.obj
 .ARM.attributes
                0x00000464       0x22 CMakeFiles/watering_system.dir/C_/Users/daven/Documents/Pico/pico-sdk/src/rp2_common/pico_float/float_aeabi.S.obj
 .ARM.attributes
                0x00000486       0x2c CMakeFiles/watering_system.dir/C_/Users/daven/Documents/Pico/pico-sdk/src/rp2_common/pico_float/float_init_rom.c.obj
 .ARM.attributes
                0x000004b2       0x22 CMakeFiles/watering_system.dir/C_/Users/daven/Documents/Pico/pico-sdk/src/rp2_common/pico_float/float_v1_rom_shim.S.obj
 .ARM.attributes
                0x000004d4       0x22 CMakeFiles/watering_system.dir/C_/Users/daven/Documents/Pico/pico-sdk/src/rp2_common/pico_mem_ops/mem_ops_aeabi.S.obj
 .ARM.attributes
                0x000004f6       0x22 CMakeFiles/watering_system.dir/C_/Users/daven/Documents/Pico/pico-sdk/src/rp2_common/pico_standard_link/crt0.S.obj
 .ARM.attributes
                0x00000518       0x32 CMakeFiles/watering_system.dir/C_/Users/daven/Documents/Pico/pico-sdk/src/rp2_common/pico_standard_link/binary_info.c.obj
 .ARM.attributes
                0x0000054a       0x2c CMakeFiles/watering_system.dir/C_/Users/daven/Documents/Pico/pico-sdk/src/rp2_common/pico_stdio/stdio.c.obj
 .ARM.attributes
                0x00000576       0x2c CMakeFiles/watering_system.dir/C_/Users/daven/Documents/Pico/pico-sdk/src/rp2_common/pico_stdio_uart/stdio_uart.c.obj
 .ARM.attributes
                0x000005a2       0x22 C:\Users\daven\AppData\Local\Temp\ccehFMpx.o
 .ARM.attributes
                0x000005c4       0x1e c:/progra~2/gnuarm~1/102020~1/bin/../lib/gcc/arm-none-eabi/10.2.1/thumb/v6-m/nofp\libgcc.a(_dvmd_tls.o)
 .ARM.attributes
                0x000005e2       0x2c c:/progra~2/gnuarm~1/102020~1/bin/../lib/gcc/arm-none-eabi/10.2.1/../../../../arm-none-eabi/lib/thumb/v6-m/nofp\libg.a(lib_a-strlen-stub.o)

.comment        0x00000000       0x4d
 .comment       0x00000000       0x4d CMakeFiles/watering_system.dir/watering_system.c.obj
                                 0x4e (size before relaxing)
 .comment       0x0000004d       0x4e CMakeFiles/watering_system.dir/C_/Users/daven/Documents/Pico/pico-sdk/src/rp2_common/hardware_gpio/gpio.c.obj
 .comment       0x0000004d       0x4e CMakeFiles/watering_system.dir/C_/Users/daven/Documents/Pico/pico-sdk/src/rp2_common/hardware_claim/claim.c.obj
 .comment       0x0000004d       0x4e CMakeFiles/watering_system.dir/C_/Users/daven/Documents/Pico/pico-sdk/src/rp2_common/hardware_sync/sync.c.obj
 .comment       0x0000004d       0x4e CMakeFiles/watering_system.dir/C_/Users/daven/Documents/Pico/pico-sdk/src/rp2_common/pico_platform/platform.c.obj
 .comment       0x0000004d       0x4e CMakeFiles/watering_system.dir/C_/Users/daven/Documents/Pico/pico-sdk/src/rp2_common/hardware_uart/uart.c.obj
 .comment       0x0000004d       0x4e CMakeFiles/watering_system.dir/C_/Users/daven/Documents/Pico/pico-sdk/src/common/pico_time/time.c.obj
 .comment       0x0000004d       0x4e CMakeFiles/watering_system.dir/C_/Users/daven/Documents/Pico/pico-sdk/src/rp2_common/hardware_timer/timer.c.obj
 .comment       0x0000004d       0x4e CMakeFiles/watering_system.dir/C_/Users/daven/Documents/Pico/pico-sdk/src/common/pico_sync/lock_core.c.obj
 .comment       0x0000004d       0x4e CMakeFiles/watering_system.dir/C_/Users/daven/Documents/Pico/pico-sdk/src/common/pico_sync/mutex.c.obj
 .comment       0x0000004d       0x4e CMakeFiles/watering_system.dir/C_/Users/daven/Documents/Pico/pico-sdk/src/common/pico_util/pheap.c.obj
 .comment       0x0000004d       0x4e CMakeFiles/watering_system.dir/C_/Users/daven/Documents/Pico/pico-sdk/src/rp2_common/pico_runtime/runtime.c.obj
 .comment       0x0000004d       0x4e CMakeFiles/watering_system.dir/C_/Users/daven/Documents/Pico/pico-sdk/src/rp2_common/hardware_clocks/clocks.c.obj
 .comment       0x0000004d       0x4e CMakeFiles/watering_system.dir/C_/Users/daven/Documents/Pico/pico-sdk/src/rp2_common/hardware_watchdog/watchdog.c.obj
 .comment       0x0000004d       0x4e CMakeFiles/watering_system.dir/C_/Users/daven/Documents/Pico/pico-sdk/src/rp2_common/hardware_xosc/xosc.c.obj
 .comment       0x0000004d       0x4e CMakeFiles/watering_system.dir/C_/Users/daven/Documents/Pico/pico-sdk/src/rp2_common/hardware_pll/pll.c.obj
 .comment       0x0000004d       0x4e CMakeFiles/watering_system.dir/C_/Users/daven/Documents/Pico/pico-sdk/src/rp2_common/hardware_irq/irq.c.obj
 .comment       0x0000004d       0x4e CMakeFiles/watering_system.dir/C_/Users/daven/Documents/Pico/pico-sdk/src/rp2_common/pico_printf/printf.c.obj
 .comment       0x0000004d       0x4e CMakeFiles/watering_system.dir/C_/Users/daven/Documents/Pico/pico-sdk/src/rp2_common/pico_bootrom/bootrom.c.obj
 .comment       0x0000004d       0x4e CMakeFiles/watering_system.dir/C_/Users/daven/Documents/Pico/pico-sdk/src/rp2_common/pico_double/double_init_rom.c.obj
 .comment       0x0000004d       0x4e CMakeFiles/watering_system.dir/C_/Users/daven/Documents/Pico/pico-sdk/src/rp2_common/pico_float/float_init_rom.c.obj
 .comment       0x0000004d       0x4e CMakeFiles/watering_system.dir/C_/Users/daven/Documents/Pico/pico-sdk/src/rp2_common/pico_standard_link/binary_info.c.obj
 .comment       0x0000004d       0x4e CMakeFiles/watering_system.dir/C_/Users/daven/Documents/Pico/pico-sdk/src/rp2_common/pico_stdio/stdio.c.obj
 .comment       0x0000004d       0x4e CMakeFiles/watering_system.dir/C_/Users/daven/Documents/Pico/pico-sdk/src/rp2_common/pico_stdio_uart/stdio_uart.c.obj

.debug_info     0x00000000    0x11434
 .debug_info    0x00000000       0xd0 CMakeFiles/watering_system.dir/watering_system.c.obj
 .debug_info    0x000000d0     0x1141 CMakeFiles/watering_system.dir/C_/Users/daven/Documents/Pico/pico-sdk/src/rp2_common/hardware_gpio/gpio.c.obj
 .debug_info    0x00001211      0x620 CMakeFiles/watering_system.dir/C_/Users/daven/Documents/Pico/pico-sdk/src/rp2_common/hardware_claim/claim.c.obj
 .debug_info    0x00001831      0x4a5 CMakeFiles/watering_system.dir/C_/Users/daven/Documents/Pico/pico-sdk/src/rp2_common/hardware_sync/sync.c.obj
 .debug_info    0x00001cd6      0x1e3 CMakeFiles/watering_system.dir/C_/Users/daven/Documents/Pico/pico-sdk/src/rp2_common/pico_platform/platform.c.obj
 .debug_info    0x00001eb9      0xb64 CMakeFiles/watering_system.dir/C_/Users/daven/Documents/Pico/pico-sdk/src/rp2_common/hardware_uart/uart.c.obj
 .debug_info    0x00002a1d     0x37d9 CMakeFiles/watering_system.dir/C_/Users/daven/Documents/Pico/pico-sdk/src/common/pico_time/time.c.obj
 .debug_info    0x000061f6     0x1043 CMakeFiles/watering_system.dir/C_/Users/daven/Documents/Pico/pico-sdk/src/rp2_common/hardware_timer/timer.c.obj
 .debug_info    0x00007239      0x17b CMakeFiles/watering_system.dir/C_/Users/daven/Documents/Pico/pico-sdk/src/common/pico_sync/lock_core.c.obj
 .debug_info    0x000073b4      0xdb9 CMakeFiles/watering_system.dir/C_/Users/daven/Documents/Pico/pico-sdk/src/common/pico_sync/mutex.c.obj
 .debug_info    0x0000816d     0x120c CMakeFiles/watering_system.dir/C_/Users/daven/Documents/Pico/pico-sdk/src/common/pico_util/pheap.c.obj
 .debug_info    0x00009379      0x975 CMakeFiles/watering_system.dir/C_/Users/daven/Documents/Pico/pico-sdk/src/rp2_common/pico_runtime/runtime.c.obj
 .debug_info    0x00009cee     0x1068 CMakeFiles/watering_system.dir/C_/Users/daven/Documents/Pico/pico-sdk/src/rp2_common/hardware_clocks/clocks.c.obj
 .debug_info    0x0000ad56      0x49c CMakeFiles/watering_system.dir/C_/Users/daven/Documents/Pico/pico-sdk/src/rp2_common/hardware_watchdog/watchdog.c.obj
 .debug_info    0x0000b1f2      0x214 CMakeFiles/watering_system.dir/C_/Users/daven/Documents/Pico/pico-sdk/src/rp2_common/hardware_xosc/xosc.c.obj
 .debug_info    0x0000b406      0x3b0 CMakeFiles/watering_system.dir/C_/Users/daven/Documents/Pico/pico-sdk/src/rp2_common/hardware_pll/pll.c.obj
 .debug_info    0x0000b7b6     0x18ff CMakeFiles/watering_system.dir/C_/Users/daven/Documents/Pico/pico-sdk/src/rp2_common/hardware_irq/irq.c.obj
 .debug_info    0x0000d0b5       0x26 CMakeFiles/watering_system.dir/C_/Users/daven/Documents/Pico/pico-sdk/src/rp2_common/hardware_irq/irq_handler_chain.S.obj
 .debug_info    0x0000d0db     0x1a5f CMakeFiles/watering_system.dir/C_/Users/daven/Documents/Pico/pico-sdk/src/rp2_common/pico_printf/printf.c.obj
 .debug_info    0x0000eb3a       0x22 CMakeFiles/watering_system.dir/C_/Users/daven/Documents/Pico/pico-sdk/src/rp2_common/pico_bit_ops/bit_ops_aeabi.S.obj
 .debug_info    0x0000eb5c      0x231 CMakeFiles/watering_system.dir/C_/Users/daven/Documents/Pico/pico-sdk/src/rp2_common/pico_bootrom/bootrom.c.obj
 .debug_info    0x0000ed8d       0x22 CMakeFiles/watering_system.dir/C_/Users/daven/Documents/Pico/pico-sdk/src/rp2_common/pico_divider/divider.S.obj
 .debug_info    0x0000edaf       0x22 CMakeFiles/watering_system.dir/C_/Users/daven/Documents/Pico/pico-sdk/src/rp2_common/pico_double/double_aeabi.S.obj
 .debug_info    0x0000edd1      0x2a0 CMakeFiles/watering_system.dir/C_/Users/daven/Documents/Pico/pico-sdk/src/rp2_common/pico_double/double_init_rom.c.obj
 .debug_info    0x0000f071       0x22 CMakeFiles/watering_system.dir/C_/Users/daven/Documents/Pico/pico-sdk/src/rp2_common/pico_double/double_v1_rom_shim.S.obj
 .debug_info    0x0000f093       0x22 CMakeFiles/watering_system.dir/C_/Users/daven/Documents/Pico/pico-sdk/src/rp2_common/pico_float/float_aeabi.S.obj
 .debug_info    0x0000f0b5      0x2e9 CMakeFiles/watering_system.dir/C_/Users/daven/Documents/Pico/pico-sdk/src/rp2_common/pico_float/float_init_rom.c.obj
 .debug_info    0x0000f39e       0x22 CMakeFiles/watering_system.dir/C_/Users/daven/Documents/Pico/pico-sdk/src/rp2_common/pico_float/float_v1_rom_shim.S.obj
 .debug_info    0x0000f3c0       0x22 CMakeFiles/watering_system.dir/C_/Users/daven/Documents/Pico/pico-sdk/src/rp2_common/pico_mem_ops/mem_ops_aeabi.S.obj
 .debug_info    0x0000f3e2       0x22 CMakeFiles/watering_system.dir/C_/Users/daven/Documents/Pico/pico-sdk/src/rp2_common/pico_standard_link/crt0.S.obj
 .debug_info    0x0000f404      0x327 CMakeFiles/watering_system.dir/C_/Users/daven/Documents/Pico/pico-sdk/src/rp2_common/pico_standard_link/binary_info.c.obj
 .debug_info    0x0000f72b     0x10dc CMakeFiles/watering_system.dir/C_/Users/daven/Documents/Pico/pico-sdk/src/rp2_common/pico_stdio/stdio.c.obj
 .debug_info    0x00010807      0xc2d CMakeFiles/watering_system.dir/C_/Users/daven/Documents/Pico/pico-sdk/src/rp2_common/pico_stdio_uart/stdio_uart.c.obj

.debug_abbrev   0x00000000     0x3b23
 .debug_abbrev  0x00000000       0x7b CMakeFiles/watering_system.dir/watering_system.c.obj
 .debug_abbrev  0x0000007b      0x2f1 CMakeFiles/watering_system.dir/C_/Users/daven/Documents/Pico/pico-sdk/src/rp2_common/hardware_gpio/gpio.c.obj
 .debug_abbrev  0x0000036c      0x249 CMakeFiles/watering_system.dir/C_/Users/daven/Documents/Pico/pico-sdk/src/rp2_common/hardware_claim/claim.c.obj
 .debug_abbrev  0x000005b5      0x1f8 CMakeFiles/watering_system.dir/C_/Users/daven/Documents/Pico/pico-sdk/src/rp2_common/hardware_sync/sync.c.obj
 .debug_abbrev  0x000007ad       0xeb CMakeFiles/watering_system.dir/C_/Users/daven/Documents/Pico/pico-sdk/src/rp2_common/pico_platform/platform.c.obj
 .debug_abbrev  0x00000898      0x2d2 CMakeFiles/watering_system.dir/C_/Users/daven/Documents/Pico/pico-sdk/src/rp2_common/hardware_uart/uart.c.obj
 .debug_abbrev  0x00000b6a      0x531 CMakeFiles/watering_system.dir/C_/Users/daven/Documents/Pico/pico-sdk/src/common/pico_time/time.c.obj
 .debug_abbrev  0x0000109b      0x321 CMakeFiles/watering_system.dir/C_/Users/daven/Documents/Pico/pico-sdk/src/rp2_common/hardware_timer/timer.c.obj
 .debug_abbrev  0x000013bc      0x114 CMakeFiles/watering_system.dir/C_/Users/daven/Documents/Pico/pico-sdk/src/common/pico_sync/lock_core.c.obj
 .debug_abbrev  0x000014d0      0x306 CMakeFiles/watering_system.dir/C_/Users/daven/Documents/Pico/pico-sdk/src/common/pico_sync/mutex.c.obj
 .debug_abbrev  0x000017d6      0x297 CMakeFiles/watering_system.dir/C_/Users/daven/Documents/Pico/pico-sdk/src/common/pico_util/pheap.c.obj
 .debug_abbrev  0x00001a6d      0x32d CMakeFiles/watering_system.dir/C_/Users/daven/Documents/Pico/pico-sdk/src/rp2_common/pico_runtime/runtime.c.obj
 .debug_abbrev  0x00001d9a      0x388 CMakeFiles/watering_system.dir/C_/Users/daven/Documents/Pico/pico-sdk/src/rp2_common/hardware_clocks/clocks.c.obj
 .debug_abbrev  0x00002122      0x1b1 CMakeFiles/watering_system.dir/C_/Users/daven/Documents/Pico/pico-sdk/src/rp2_common/hardware_watchdog/watchdog.c.obj
 .debug_abbrev  0x000022d3      0x12c CMakeFiles/watering_system.dir/C_/Users/daven/Documents/Pico/pico-sdk/src/rp2_common/hardware_xosc/xosc.c.obj
 .debug_abbrev  0x000023ff      0x1cf CMakeFiles/watering_system.dir/C_/Users/daven/Documents/Pico/pico-sdk/src/rp2_common/hardware_pll/pll.c.obj
 .debug_abbrev  0x000025ce      0x47c CMakeFiles/watering_system.dir/C_/Users/daven/Documents/Pico/pico-sdk/src/rp2_common/hardware_irq/irq.c.obj
 .debug_abbrev  0x00002a4a       0x14 CMakeFiles/watering_system.dir/C_/Users/daven/Documents/Pico/pico-sdk/src/rp2_common/hardware_irq/irq_handler_chain.S.obj
 .debug_abbrev  0x00002a5e      0x384 CMakeFiles/watering_system.dir/C_/Users/daven/Documents/Pico/pico-sdk/src/rp2_common/pico_printf/printf.c.obj
 .debug_abbrev  0x00002de2       0x12 CMakeFiles/watering_system.dir/C_/Users/daven/Documents/Pico/pico-sdk/src/rp2_common/pico_bit_ops/bit_ops_aeabi.S.obj
 .debug_abbrev  0x00002df4       0xf8 CMakeFiles/watering_system.dir/C_/Users/daven/Documents/Pico/pico-sdk/src/rp2_common/pico_bootrom/bootrom.c.obj
 .debug_abbrev  0x00002eec       0x12 CMakeFiles/watering_system.dir/C_/Users/daven/Documents/Pico/pico-sdk/src/rp2_common/pico_divider/divider.S.obj
 .debug_abbrev  0x00002efe       0x12 CMakeFiles/watering_system.dir/C_/Users/daven/Documents/Pico/pico-sdk/src/rp2_common/pico_double/double_aeabi.S.obj
 .debug_abbrev  0x00002f10      0x166 CMakeFiles/watering_system.dir/C_/Users/daven/Documents/Pico/pico-sdk/src/rp2_common/pico_double/double_init_rom.c.obj
 .debug_abbrev  0x00003076       0x12 CMakeFiles/watering_system.dir/C_/Users/daven/Documents/Pico/pico-sdk/src/rp2_common/pico_double/double_v1_rom_shim.S.obj
 .debug_abbrev  0x00003088       0x12 CMakeFiles/watering_system.dir/C_/Users/daven/Documents/Pico/pico-sdk/src/rp2_common/pico_float/float_aeabi.S.obj
 .debug_abbrev  0x0000309a      0x179 CMakeFiles/watering_system.dir/C_/Users/daven/Documents/Pico/pico-sdk/src/rp2_common/pico_float/float_init_rom.c.obj
 .debug_abbrev  0x00003213       0x12 CMakeFiles/watering_system.dir/C_/Users/daven/Documents/Pico/pico-sdk/src/rp2_common/pico_float/float_v1_rom_shim.S.obj
 .debug_abbrev  0x00003225       0x12 CMakeFiles/watering_system.dir/C_/Users/daven/Documents/Pico/pico-sdk/src/rp2_common/pico_mem_ops/mem_ops_aeabi.S.obj
 .debug_abbrev  0x00003237       0x12 CMakeFiles/watering_system.dir/C_/Users/daven/Documents/Pico/pico-sdk/src/rp2_common/pico_standard_link/crt0.S.obj
 .debug_abbrev  0x00003249       0xad CMakeFiles/watering_system.dir/C_/Users/daven/Documents/Pico/pico-sdk/src/rp2_common/pico_standard_link/binary_info.c.obj
 .debug_abbrev  0x000032f6      0x4a7 CMakeFiles/watering_system.dir/C_/Users/daven/Documents/Pico/pico-sdk/src/rp2_common/pico_stdio/stdio.c.obj
 .debug_abbrev  0x0000379d      0x386 CMakeFiles/watering_system.dir/C_/Users/daven/Documents/Pico/pico-sdk/src/rp2_common/pico_stdio_uart/stdio_uart.c.obj

.debug_aranges  0x00000000      0xca8
 .debug_aranges
                0x00000000       0x20 CMakeFiles/watering_system.dir/watering_system.c.obj
 .debug_aranges
                0x00000020       0xa0 CMakeFiles/watering_system.dir/C_/Users/daven/Documents/Pico/pico-sdk/src/rp2_common/hardware_gpio/gpio.c.obj
 .debug_aranges
                0x000000c0       0x48 CMakeFiles/watering_system.dir/C_/Users/daven/Documents/Pico/pico-sdk/src/rp2_common/hardware_claim/claim.c.obj
 .debug_aranges
                0x00000108       0x50 CMakeFiles/watering_system.dir/C_/Users/daven/Documents/Pico/pico-sdk/src/rp2_common/hardware_sync/sync.c.obj
 .debug_aranges
                0x00000158       0x28 CMakeFiles/watering_system.dir/C_/Users/daven/Documents/Pico/pico-sdk/src/rp2_common/pico_platform/platform.c.obj
 .debug_aranges
                0x00000180       0x40 CMakeFiles/watering_system.dir/C_/Users/daven/Documents/Pico/pico-sdk/src/rp2_common/hardware_uart/uart.c.obj
 .debug_aranges
                0x000001c0       0xd0 CMakeFiles/watering_system.dir/C_/Users/daven/Documents/Pico/pico-sdk/src/common/pico_time/time.c.obj
 .debug_aranges
                0x00000290       0x68 CMakeFiles/watering_system.dir/C_/Users/daven/Documents/Pico/pico-sdk/src/rp2_common/hardware_timer/timer.c.obj
 .debug_aranges
                0x000002f8       0x20 CMakeFiles/watering_system.dir/C_/Users/daven/Documents/Pico/pico-sdk/src/common/pico_sync/lock_core.c.obj
 .debug_aranges
                0x00000318       0x48 CMakeFiles/watering_system.dir/C_/Users/daven/Documents/Pico/pico-sdk/src/common/pico_sync/mutex.c.obj
 .debug_aranges
                0x00000360       0x78 CMakeFiles/watering_system.dir/C_/Users/daven/Documents/Pico/pico-sdk/src/common/pico_util/pheap.c.obj
 .debug_aranges
                0x000003d8       0x60 CMakeFiles/watering_system.dir/C_/Users/daven/Documents/Pico/pico-sdk/src/rp2_common/pico_runtime/runtime.c.obj
 .debug_aranges
                0x00000438       0x70 CMakeFiles/watering_system.dir/C_/Users/daven/Documents/Pico/pico-sdk/src/rp2_common/hardware_clocks/clocks.c.obj
 .debug_aranges
                0x000004a8       0x50 CMakeFiles/watering_system.dir/C_/Users/daven/Documents/Pico/pico-sdk/src/rp2_common/hardware_watchdog/watchdog.c.obj
 .debug_aranges
                0x000004f8       0x30 CMakeFiles/watering_system.dir/C_/Users/daven/Documents/Pico/pico-sdk/src/rp2_common/hardware_xosc/xosc.c.obj
 .debug_aranges
                0x00000528       0x28 CMakeFiles/watering_system.dir/C_/Users/daven/Documents/Pico/pico-sdk/src/rp2_common/hardware_pll/pll.c.obj
 .debug_aranges
                0x00000550       0x90 CMakeFiles/watering_system.dir/C_/Users/daven/Documents/Pico/pico-sdk/src/rp2_common/hardware_irq/irq.c.obj
 .debug_aranges
                0x000005e0       0x20 CMakeFiles/watering_system.dir/C_/Users/daven/Documents/Pico/pico-sdk/src/rp2_common/hardware_irq/irq_handler_chain.S.obj
 .debug_aranges
                0x00000600       0x90 CMakeFiles/watering_system.dir/C_/Users/daven/Documents/Pico/pico-sdk/src/rp2_common/pico_printf/printf.c.obj
 .debug_aranges
                0x00000690       0x68 CMakeFiles/watering_system.dir/C_/Users/daven/Documents/Pico/pico-sdk/src/rp2_common/pico_bit_ops/bit_ops_aeabi.S.obj
 .debug_aranges
                0x000006f8       0x30 CMakeFiles/watering_system.dir/C_/Users/daven/Documents/Pico/pico-sdk/src/rp2_common/pico_bootrom/bootrom.c.obj
 .debug_aranges
                0x00000728       0x40 CMakeFiles/watering_system.dir/C_/Users/daven/Documents/Pico/pico-sdk/src/rp2_common/pico_divider/divider.S.obj
 .debug_aranges
                0x00000768      0x140 CMakeFiles/watering_system.dir/C_/Users/daven/Documents/Pico/pico-sdk/src/rp2_common/pico_double/double_aeabi.S.obj
 .debug_aranges
                0x000008a8       0x20 CMakeFiles/watering_system.dir/C_/Users/daven/Documents/Pico/pico-sdk/src/rp2_common/pico_double/double_init_rom.c.obj
 .debug_aranges
                0x000008c8       0xc8 CMakeFiles/watering_system.dir/C_/Users/daven/Documents/Pico/pico-sdk/src/rp2_common/pico_double/double_v1_rom_shim.S.obj
 .debug_aranges
                0x00000990      0x130 CMakeFiles/watering_system.dir/C_/Users/daven/Documents/Pico/pico-sdk/src/rp2_common/pico_float/float_aeabi.S.obj
 .debug_aranges
                0x00000ac0       0x20 CMakeFiles/watering_system.dir/C_/Users/daven/Documents/Pico/pico-sdk/src/rp2_common/pico_float/float_init_rom.c.obj
 .debug_aranges
                0x00000ae0       0x50 CMakeFiles/watering_system.dir/C_/Users/daven/Documents/Pico/pico-sdk/src/rp2_common/pico_float/float_v1_rom_shim.S.obj
 .debug_aranges
                0x00000b30       0x38 CMakeFiles/watering_system.dir/C_/Users/daven/Documents/Pico/pico-sdk/src/rp2_common/pico_mem_ops/mem_ops_aeabi.S.obj
 .debug_aranges
                0x00000b68       0x28 CMakeFiles/watering_system.dir/C_/Users/daven/Documents/Pico/pico-sdk/src/rp2_common/pico_standard_link/crt0.S.obj
 .debug_aranges
                0x00000b90       0x18 CMakeFiles/watering_system.dir/C_/Users/daven/Documents/Pico/pico-sdk/src/rp2_common/pico_standard_link/binary_info.c.obj
 .debug_aranges
                0x00000ba8       0xb8 CMakeFiles/watering_system.dir/C_/Users/daven/Documents/Pico/pico-sdk/src/rp2_common/pico_stdio/stdio.c.obj
 .debug_aranges
                0x00000c60       0x48 CMakeFiles/watering_system.dir/C_/Users/daven/Documents/Pico/pico-sdk/src/rp2_common/pico_stdio_uart/stdio_uart.c.obj

.debug_ranges   0x00000000     0x2560
 .debug_ranges  0x00000000       0x10 CMakeFiles/watering_system.dir/watering_system.c.obj
 .debug_ranges  0x00000010       0xa8 CMakeFiles/watering_system.dir/C_/Users/daven/Documents/Pico/pico-sdk/src/rp2_common/hardware_gpio/gpio.c.obj
 .debug_ranges  0x000000b8       0xd8 CMakeFiles/watering_system.dir/C_/Users/daven/Documents/Pico/pico-sdk/src/rp2_common/hardware_claim/claim.c.obj
 .debug_ranges  0x00000190       0xb8 CMakeFiles/watering_system.dir/C_/Users/daven/Documents/Pico/pico-sdk/src/rp2_common/hardware_sync/sync.c.obj
 .debug_ranges  0x00000248       0x18 CMakeFiles/watering_system.dir/C_/Users/daven/Documents/Pico/pico-sdk/src/rp2_common/pico_platform/platform.c.obj
 .debug_ranges  0x00000260       0xf8 CMakeFiles/watering_system.dir/C_/Users/daven/Documents/Pico/pico-sdk/src/rp2_common/hardware_uart/uart.c.obj
 .debug_ranges  0x00000358      0xa30 CMakeFiles/watering_system.dir/C_/Users/daven/Documents/Pico/pico-sdk/src/common/pico_time/time.c.obj