Archive member included to satisfy reference by file (symbol)

c:/progra~2/gnuarm~1/102020~1/bin/../lib/gcc/arm-none-eabi/10.2.1/thumb/v6-m/nofp\libgcc.a(_dvmd_tls.o)
                              CMakeFiles/watering_system.dir/C_/Users/daven/Documents/Pico/pico-sdk/src/rp2_common/pico_divider/divider.S.obj (__aeabi_idiv0)
c:/progra~2/gnuarm~1/102020~1/bin/../lib/gcc/arm-none-eabi/10.2.1/../../../../arm-none-eabi/lib/thumb/v6-m/nofp\libg.a(lib_a-calloc.o)
                              CMakeFiles/watering_system.dir/C_/Users/daven/Documents/Pico/pico-sdk/src/rp2_common/pico_malloc/pico_malloc.c.obj (calloc)
c:/progra~2/gnuarm~1/102020~1/bin/../lib/gcc/arm-none-eabi/10.2.1/../../../../arm-none-eabi/lib/thumb/v6-m/nofp\libg.a(lib_a-callocr.o)
                              c:/progra~2/gnuarm~1/102020~1/bin/../lib/gcc/arm-none-eabi/10.2.1/../../../../arm-none-eabi/lib/thumb/v6-m/nofp\libg.a(lib_a-calloc.o) (_calloc_r)
c:/progra~2/gnuarm~1/102020~1/bin/../lib/gcc/arm-none-eabi/10.2.1/../../../../arm-none-eabi/lib/thumb/v6-m/nofp\libg.a(lib_a-ctype_.o)
                              CMakeFiles/watering_system.dir/C_/Users/daven/Documents/Pico/pico-sdk/lib/tinyusb/src/tusb.c.obj (_ctype_)
c:/progra~2/gnuarm~1/102020~1/bin/../lib/gcc/arm-none-eabi/10.2.1/../../../../arm-none-eabi/lib/thumb/v6-m/nofp\libg.a(lib_a-impure.o)
                              c:/progra~2/gnuarm~1/102020~1/bin/../lib/gcc/arm-none-eabi/10.2.1/../../../../arm-none-eabi/lib/thumb/v6-m/nofp\libg.a(lib_a-calloc.o) (_impure_ptr)
c:/progra~2/gnuarm~1/102020~1/bin/../lib/gcc/arm-none-eabi/10.2.1/../../../../arm-none-eabi/lib/thumb/v6-m/nofp\libg.a(lib_a-init.o)
                              c:/progra~2/gnuarm~1/102020~1/bin/../lib/gcc/arm-none-eabi/10.2.1/../../../../arm-none-eabi/lib/thumb/v6-m/nofp/crt0.o (__libc_init_array)
c:/progra~2/gnuarm~1/102020~1/bin/../lib/gcc/arm-none-eabi/10.2.1/../../../../arm-none-eabi/lib/thumb/v6-m/nofp\libg.a(lib_a-malloc.o)
                              CMakeFiles/watering_system.dir/C_/Users/daven/Documents/Pico/pico-sdk/src/rp2_common/pico_malloc/pico_malloc.c.obj (malloc)
c:/progra~2/gnuarm~1/102020~1/bin/../lib/gcc/arm-none-eabi/10.2.1/../../../../arm-none-eabi/lib/thumb/v6-m/nofp\libg.a(lib_a-mallocr.o)
                              c:/progra~2/gnuarm~1/102020~1/bin/../lib/gcc/arm-none-eabi/10.2.1/../../../../arm-none-eabi/lib/thumb/v6-m/nofp\libg.a(lib_a-callocr.o) (_malloc_r)
c:/progra~2/gnuarm~1/102020~1/bin/../lib/gcc/arm-none-eabi/10.2.1/../../../../arm-none-eabi/lib/thumb/v6-m/nofp\libg.a(lib_a-mlock.o)
                              c:/progra~2/gnuarm~1/102020~1/bin/../lib/gcc/arm-none-eabi/10.2.1/../../../../arm-none-eabi/lib/thumb/v6-m/nofp\libg.a(lib_a-mallocr.o) (__malloc_lock)
c:/progra~2/gnuarm~1/102020~1/bin/../lib/gcc/arm-none-eabi/10.2.1/../../../../arm-none-eabi/lib/thumb/v6-m/nofp\libg.a(lib_a-sbrkr.o)
                              c:/progra~2/gnuarm~1/102020~1/bin/../lib/gcc/arm-none-eabi/10.2.1/../../../../arm-none-eabi/lib/thumb/v6-m/nofp\libg.a(lib_a-mallocr.o) (_sbrk_r)
c:/progra~2/gnuarm~1/102020~1/bin/../lib/gcc/arm-none-eabi/10.2.1/../../../../arm-none-eabi/lib/thumb/v6-m/nofp\libg.a(lib_a-strlen-stub.o)
                              CMakeFiles/watering_system.dir/C_/Users/daven/Documents/Pico/pico-sdk/src/rp2_common/pico_stdio/stdio.c.obj (strlen)
c:/progra~2/gnuarm~1/102020~1/bin/../lib/gcc/arm-none-eabi/10.2.1/../../../../arm-none-eabi/lib/thumb/v6-m/nofp\libg.a(lib_a-freer.o)
                              c:/progra~2/gnuarm~1/102020~1/bin/../lib/gcc/arm-none-eabi/10.2.1/../../../../arm-none-eabi/lib/thumb/v6-m/nofp\libg.a(lib_a-malloc.o) (_free_r)
c:/progra~2/gnuarm~1/102020~1/bin/../lib/gcc/arm-none-eabi/10.2.1/../../../../arm-none-eabi/lib/thumb/v6-m/nofp\libg.a(lib_a-lock.o)
                              c:/progra~2/gnuarm~1/102020~1/bin/../lib/gcc/arm-none-eabi/10.2.1/../../../../arm-none-eabi/lib/thumb/v6-m/nofp\libg.a(lib_a-mlock.o) (__retarget_lock_acquire_recursive)
c:/progra~2/gnuarm~1/102020~1/bin/../lib/gcc/arm-none-eabi/10.2.1/../../../../arm-none-eabi/lib/thumb/v6-m/nofp\libg.a(lib_a-reent.o)
                              c:/progra~2/gnuarm~1/102020~1/bin/../lib/gcc/arm-none-eabi/10.2.1/../../../../arm-none-eabi/lib/thumb/v6-m/nofp\libg.a(lib_a-sbrkr.o) (errno)

Discarded input sections

 .text          0x00000000        0x0 c:/progra~2/gnuarm~1/102020~1/bin/../lib/gcc/arm-none-eabi/10.2.1/thumb/v6-m/nofp/crti.o
 .data          0x00000000        0x0 c:/progra~2/gnuarm~1/102020~1/bin/../lib/gcc/arm-none-eabi/10.2.1/thumb/v6-m/nofp/crti.o
 .bss           0x00000000        0x0 c:/progra~2/gnuarm~1/102020~1/bin/../lib/gcc/arm-none-eabi/10.2.1/thumb/v6-m/nofp/crti.o
 .data          0x00000000        0x4 c:/progra~2/gnuarm~1/102020~1/bin/../lib/gcc/arm-none-eabi/10.2.1/thumb/v6-m/nofp/crtbegin.o
 .rodata        0x00000000       0x24 c:/progra~2/gnuarm~1/102020~1/bin/../lib/gcc/arm-none-eabi/10.2.1/thumb/v6-m/nofp/crtbegin.o
[...]
Memory Configuration

Name             Origin             Length             Attributes
FLASH            0x10000000         0x00200000         xr
RAM              0x20000000         0x00040000         xrw
SCRATCH_X        0x20040000         0x00001000         xrw
SCRATCH_Y        0x20041000         0x00001000         xrw
*default*        0x00000000         0xffffffff

Linker script and memory map

LOAD c:/progra~2/gnuarm~1/102020~1/bin/../lib/gcc/arm-none-eabi/10.2.1/thumb/v6-m/nofp/crti.o
LOAD c:/progra~2/gnuarm~1/102020~1/bin/../lib/gcc/arm-none-eabi/10.2.1/thumb/v6-m/nofp/crtbegin.o
LOAD c:/progra~2/gnuarm~1/102020~1/bin/../lib/gcc/arm-none-eabi/10.2.1/../../../../arm-none-eabi/lib/thumb/v6-m/nofp/crt0.o

.flash_begin    0x10000000        0x0
                0x10000000                __flash_binary_start = .

.boot2          0x10000000      0x100
                0x10000000                __boot2_start__ = .
 *(.boot2)
 .boot2         0x10000000      0x100 C:\Users\daven\AppData\Local\Temp\ccmJJfYq.o
                0x10000100                __boot2_end__ = .
                0x00000001                ASSERT (((__boot2_end__ - __boot2_start__) == 0x100), ERROR: Pico second stage bootloader must be 256 bytes in size)

.text           0x10000100     0x6ae0
                0x10000100                __logical_binary_start = .
 *(.vectors)
 .vectors       0x10000100       0xd4 CMakeFiles/watering_system.dir/C_/Users/daven/Documents/Pico/pico-sdk/src/rp2_common/pico_standard_link/crt0.S.obj
                0x10000100                __vectors
                0x100001c0                isr_invalid
                0x100001c2                isr_nmi
                0x100001c4                isr_hardfault
                0x100001c6                isr_svcall
                0x100001c8                isr_pendsv
                0x100001ca                isr_systick
                0x100001cc                isr_irq11
                0x100001cc                isr_irq5
                0x100001cc                isr_irq23
                0x100001cc                isr_irq18
                0x100001cc                isr_irq31
                0x100001cc                isr_irq28
                0x100001cc                isr_irq19
                0x100001cc                isr_irq0
                0x100001cc                isr_irq6
                0x100001cc                isr_irq27
                0x100001cc                isr_irq12
                0x100001cc                isr_irq22
                0x100001cc                isr_irq13
                0x100001cc                isr_irq17
                0x100001cc                isr_irq14
                0x100001cc                isr_irq2
                0x100001cc                isr_irq10
                0x100001cc                isr_irq8
                0x100001cc                isr_irq24
                0x100001cc                isr_irq1
                0x100001cc                isr_irq7
                0x100001cc                isr_irq21
                0x100001cc                isr_irq20
                0x100001cc                isr_irq15
                0x100001cc                isr_irq25
                0x100001cc                __unhandled_user_irq
                0x100001cc                isr_irq4
                0x100001cc                isr_irq16
                0x100001cc                isr_irq29
                0x100001cc                isr_irq26
                0x100001cc                isr_irq3
                0x100001cc                isr_irq30
                0x100001cc                isr_irq9
                0x100001d2                unhandled_user_irq_num_in_r0
 *(.binary_info_header)
 .binary_info_header
                0x100001d4       0x14 CMakeFiles/watering_system.dir/C_/Users/daven/Documents/Pico/pico-sdk/src/rp2_common/pico_standard_link/crt0.S.obj
                0x100001e8                __binary_info_header_end = .
 *(.reset)
 .reset         0x100001e8       0xa8 CMakeFiles/watering_system.dir/C_/Users/daven/Documents/Pico/pico-sdk/src/rp2_common/pico_standard_link/crt0.S.obj
                0x100001e8                _entry_point
                0x10000266                __get_current_exception
 .reset         0x10000290       0x30 CMakeFiles/watering_system.dir/C_/Users/daven/Documents/Pico/pico-sdk/src/rp2_common/pico_standard_link/binary_info.c.obj
 *(.init)
 .init          0x100002c0        0x4 c:/progra~2/gnuarm~1/102020~1/bin/../lib/gcc/arm-none-eabi/10.2.1/thumb/v6-m/nofp/crti.o
                0x100002c0                _init
 *(EXCLUDE_FILE(*libm.a: *libc.a:*lib_a-mem*.o *libgcc.a:) .text*)
 .text          0x100002c4       0x48 c:/progra~2/gnuarm~1/102020~1/bin/../lib/gcc/arm-none-eabi/10.2.1/thumb/v6-m/nofp/crtbegin.o
 .text.init_hygros
                0x1000030c       0x40 CMakeFiles/watering_system.dir/watering_system.c.obj
                0x1000030c                init_hygros
 .text.init_relays
                0x1000034c       0x2c CMakeFiles/watering_system.dir/watering_system.c.obj
                0x1000034c                init_relays
 .text.record_hygros
                0x10000378       0x30 CMakeFiles/watering_system.dir/watering_system.c.obj
                0x10000378                record_hygros
 .text.run_water_cycle
                0x100003a8       0x80 CMakeFiles/watering_system.dir/watering_system.c.obj
                0x100003a8                run_water_cycle
 .text.main     0x10000428       0x3c CMakeFiles/watering_system.dir/watering_system.c.obj
                0x10000428                main
 .text.gpio_set_function
                0x10000464       0x30 CMakeFiles/watering_system.dir/C_/Users/daven/Documents/Pico/pico-sdk/src/rp2_common/hardware_gpio/gpio.c.obj
                0x10000464                gpio_set_function
 .text.gpio_set_pulls
                0x10000494       0x34 CMakeFiles/watering_system.dir/C_/Users/daven/Documents/Pico/pico-sdk/src/rp2_common/hardware_gpio/gpio.c.obj
                0x10000494                gpio_set_pulls
 .text.gpio_init
                0x100004c8       0x16 CMakeFiles/watering_system.dir/C_/Users/daven/Documents/Pico/pico-sdk/src/rp2_common/hardware_gpio/gpio.c.obj
                0x100004c8                gpio_init
 *fill*         0x100004de        0x2 
 .text.hw_claim_lock
                0x100004e0       0x18 CMakeFiles/watering_system.dir/C_/Users/daven/Documents/Pico/pico-sdk/src/rp2_common/hardware_claim/claim.c.obj
                0x100004e0                hw_claim_lock
 .text.hw_claim_unlock
                0x100004f8       0x14 CMakeFiles/watering_system.dir/C_/Users/daven/Documents/Pico/pico-sdk/src/rp2_common/hardware_claim/claim.c.obj
                0x100004f8                hw_claim_unlock
 .text.hw_claim_or_assert
                0x1000050c       0x36 CMakeFiles/watering_system.dir/C_/Users/daven/Documents/Pico/pico-sdk/src/rp2_common/hardware_claim/claim.c.obj
                0x1000050c                hw_claim_or_assert
 .text.hw_claim_unused_from_range
                0x10000542       0x58 CMakeFiles/watering_system.dir/C_/Users/daven/Documents/Pico/pico-sdk/src/rp2_common/hardware_claim/claim.c.obj
                0x10000542                hw_claim_unused_from_range
 *fill*         0x1000059a        0x2 
 .text.spin_locks_reset
                0x1000059c       0x20 CMakeFiles/watering_system.dir/C_/Users/daven/Documents/Pico/pico-sdk/src/rp2_common/hardware_sync/sync.c.obj
                0x1000059c                spin_locks_reset
 .text.next_striped_spin_lock_num
                0x100005bc       0x1c CMakeFiles/watering_system.dir/C_/Users/daven/Documents/Pico/pico-sdk/src/rp2_common/hardware_sync/sync.c.obj
                0x100005bc                next_striped_spin_lock_num
 .text.spin_lock_claim_unused
                0x100005d8       0x20 CMakeFiles/watering_system.dir/C_/Users/daven/Documents/Pico/pico-sdk/src/rp2_common/hardware_sync/sync.c.obj
                0x100005d8                spin_lock_claim_unused
 .text.running_on_fpga
                0x100005f8       0x14 CMakeFiles/watering_system.dir/C_/Users/daven/Documents/Pico/pico-sdk/src/rp2_common/pico_platform/platform.c.obj
                0x100005f8                running_on_fpga
 .text.sev_callback
                0x1000060c        0x8 CMakeFiles/watering_system.dir/C_/Users/daven/Documents/Pico/pico-sdk/src/common/pico_time/time.c.obj
 .text.alarm_pool_post_alloc_init
                0x10000614       0x40 CMakeFiles/watering_system.dir/C_/Users/daven/Documents/Pico/pico-sdk/src/common/pico_time/time.c.obj
 .text.timer_pool_entry_comparator
                0x10000654       0x7c CMakeFiles/watering_system.dir/C_/Users/daven/Documents/Pico/pico-sdk/src/common/pico_time/time.c.obj
                0x10000654                timer_pool_entry_comparator
 .text.ph_add_child_node
                0x100006d0       0xa4 CMakeFiles/watering_system.dir/C_/Users/daven/Documents/Pico/pico-sdk/src/common/pico_time/time.c.obj
 .text.ph_merge_nodes
                0x10000774       0x3e CMakeFiles/watering_system.dir/C_/Users/daven/Documents/Pico/pico-sdk/src/common/pico_time/time.c.obj
 *fill*         0x100007b2        0x2 
 .text.add_alarm_under_lock
                0x100007b4      0x174 CMakeFiles/watering_system.dir/C_/Users/daven/Documents/Pico/pico-sdk/src/common/pico_time/time.c.obj
 .text.alarm_pool_alarm_callback
                0x10000928      0x328 CMakeFiles/watering_system.dir/C_/Users/daven/Documents/Pico/pico-sdk/src/common/pico_time/time.c.obj
 .text.alarm_pool_init_default
                0x10000c50       0x2c CMakeFiles/watering_system.dir/C_/Users/daven/Documents/Pico/pico-sdk/src/common/pico_time/time.c.obj
                0x10000c50                alarm_pool_init_default
 .text.alarm_pool_get_default
                0x10000c7c       0x2c CMakeFiles/watering_system.dir/C_/Users/daven/Documents/Pico/pico-sdk/src/common/pico_time/time.c.obj
                0x10000c7c                alarm_pool_get_default
 .text.alarm_pool_add_alarm_at
                0x10000ca8      0x170 CMakeFiles/watering_system.dir/C_/Users/daven/Documents/Pico/pico-sdk/src/common/pico_time/time.c.obj
                0x10000ca8                alarm_pool_add_alarm_at
 .text.alarm_pool_cancel_alarm
                0x10000e18       0xec CMakeFiles/watering_system.dir/C_/Users/daven/Documents/Pico/pico-sdk/src/common/pico_time/time.c.obj
                0x10000e18                alarm_pool_cancel_alarm
 .text.sleep_until
                0x10000f04       0xd4 CMakeFiles/watering_system.dir/C_/Users/daven/Documents/Pico/pico-sdk/src/common/pico_time/time.c.obj
                0x10000f04                sleep_until
 .text.sleep_us
                0x10000fd8       0x58 CMakeFiles/watering_system.dir/C_/Users/daven/Documents/Pico/pico-sdk/src/common/pico_time/time.c.obj
                0x10000fd8                sleep_us
 .text.sleep_ms
                0x10001030       0x14 CMakeFiles/watering_system.dir/C_/Users/daven/Documents/Pico/pico-sdk/src/common/pico_time/time.c.obj
                0x10001030                sleep_ms
 .text.best_effort_wfe_or_timeout
                0x10001044       0x80 CMakeFiles/watering_system.dir/C_/Users/daven/Documents/Pico/pico-sdk/src/common/pico_time/time.c.obj
                0x10001044                best_effort_wfe_or_timeout
 .text.hardware_alarm_irq_handler
                0x100010c4       0x8c CMakeFiles/watering_system.dir/C_/Users/daven/Documents/Pico/pico-sdk/src/rp2_common/hardware_timer/timer.c.obj
 .text.hardware_alarm_claim
                0x10001150       0x18 CMakeFiles/watering_system.dir/C_/Users/daven/Documents/Pico/pico-sdk/src/rp2_common/hardware_timer/timer.c.obj
                0x10001150                hardware_alarm_claim
 .text.time_us_64
                0x10001168       0x18 CMakeFiles/watering_system.dir/C_/Users/daven/Documents/Pico/pico-sdk/src/rp2_common/hardware_timer/timer.c.obj
                0x10001168                time_us_64
 .text.busy_wait_until
                0x10001180       0x28 CMakeFiles/watering_system.dir/C_/Users/daven/Documents/Pico/pico-sdk/src/rp2_common/hardware_timer/timer.c.obj
                0x10001180                busy_wait_until
 .text.hardware_alarm_set_callback
                0x100011a8       0x90 CMakeFiles/watering_system.dir/C_/Users/daven/Documents/Pico/pico-sdk/src/rp2_common/hardware_timer/timer.c.obj
                0x100011a8                hardware_alarm_set_callback
 .text.hardware_alarm_set_target
                0x10001238       0xe8 CMakeFiles/watering_system.dir/C_/Users/daven/Documents/Pico/pico-sdk/src/rp2_common/hardware_timer/timer.c.obj
                0x10001238                hardware_alarm_set_target
 .text.hardware_alarm_cancel
                0x10001320       0x40 CMakeFiles/watering_system.dir/C_/Users/daven/Documents/Pico/pico-sdk/src/rp2_common/hardware_timer/timer.c.obj
                0x10001320                hardware_alarm_cancel
 .text.lock_init
                0x10001360       0x10 CMakeFiles/watering_system.dir/C_/Users/daven/Documents/Pico/pico-sdk/src/common/pico_sync/lock_core.c.obj
                0x10001360                lock_init
 .text.mutex_init
                0x10001370       0x1a CMakeFiles/watering_system.dir/C_/Users/daven/Documents/Pico/pico-sdk/src/common/pico_sync/mutex.c.obj
                0x10001370                mutex_init
 .text.critical_section_init_with_lock_num
                0x1000138a        0xc CMakeFiles/watering_system.dir/C_/Users/daven/Documents/Pico/pico-sdk/src/common/pico_sync/critical_section.c.obj
                0x1000138a                critical_section_init_with_lock_num
 .text.critical_section_init
                0x10001396       0x14 CMakeFiles/watering_system.dir/C_/Users/daven/Documents/Pico/pico-sdk/src/common/pico_sync/critical_section.c.obj
                0x10001396                critical_section_init
 *fill*         0x100013aa        0x2 
 .text.ph_add_child_node
                0x100013ac       0xa4 CMakeFiles/watering_system.dir/C_/Users/daven/Documents/Pico/pico-sdk/src/common/pico_util/pheap.c.obj
 .text.ph_merge_nodes
                0x10001450       0x3e CMakeFiles/watering_system.dir/C_/Users/daven/Documents/Pico/pico-sdk/src/common/pico_util/pheap.c.obj
 *fill*         0x1000148e        0x2 
 .text.ph_clear
                0x10001490       0x70 CMakeFiles/watering_system.dir/C_/Users/daven/Documents/Pico/pico-sdk/src/common/pico_util/pheap.c.obj
                0x10001490                ph_clear
 .text.ph_post_alloc_init
                0x10001500        0xe CMakeFiles/watering_system.dir/C_/Users/daven/Documents/Pico/pico-sdk/src/common/pico_util/pheap.c.obj
                0x10001500                ph_post_alloc_init
 *fill*         0x1000150e        0x2 
 .text.ph_merge_two_pass
                0x10001510       0xa8 CMakeFiles/watering_system.dir/C_/Users/daven/Documents/Pico/pico-sdk/src/common/pico_util/pheap.c.obj
                0x10001510                ph_merge_two_pass
 .text.ph_remove_any_head
                0x100015b8      0x108 CMakeFiles/watering_system.dir/C_/Users/daven/Documents/Pico/pico-sdk/src/common/pico_util/pheap.c.obj
 .text.ph_remove_head
                0x100016c0       0x14 CMakeFiles/watering_system.dir/C_/Users/daven/Documents/Pico/pico-sdk/src/common/pico_util/pheap.c.obj
                0x100016c0                ph_remove_head
 .text.ph_remove_and_free_node
                0x100016d4       0xf8 CMakeFiles/watering_system.dir/C_/Users/daven/Documents/Pico/pico-sdk/src/common/pico_util/pheap.c.obj
                0x100016d4                ph_remove_and_free_node
 .text.runtime_init
                0x100017cc       0xcc CMakeFiles/watering_system.dir/C_/Users/daven/Documents/Pico/pico-sdk/src/rp2_common/pico_runtime/runtime.c.obj
                0x100017cc                runtime_init
 .text._exit    0x10001898        0x4 CMakeFiles/watering_system.dir/C_/Users/daven/Documents/Pico/pico-sdk/src/rp2_common/pico_runtime/runtime.c.obj
                0x10001898                _exit
 .text.exit     0x1000189c        0x6 CMakeFiles/watering_system.dir/C_/Users/daven/Documents/Pico/pico-sdk/src/rp2_common/pico_runtime/runtime.c.obj
                0x1000189c                exit
 *fill*         0x100018a2        0x2 
 .text.__assert_func
                0x100018a4       0x3c CMakeFiles/watering_system.dir/C_/Users/daven/Documents/Pico/pico-sdk/src/rp2_common/pico_runtime/runtime.c.obj
                0x100018a4                __assert_func
 .text.panic    0x100018e0       0x30 CMakeFiles/watering_system.dir/C_/Users/daven/Documents/Pico/pico-sdk/src/rp2_common/pico_runtime/runtime.c.obj
                0x100018e0                panic
 .text.clock_configure
                0x10001910       0xe8 CMakeFiles/watering_system.dir/C_/Users/daven/Documents/Pico/pico-sdk/src/rp2_common/hardware_clocks/clocks.c.obj
                0x10001910                clock_configure
 .text.clocks_init
                0x100019f8      0x124 CMakeFiles/watering_system.dir/C_/Users/daven/Documents/Pico/pico-sdk/src/rp2_common/hardware_clocks/clocks.c.obj
                0x100019f8                clocks_init
 .text.watchdog_start_tick
                0x10001b1c       0x10 CMakeFiles/watering_system.dir/C_/Users/daven/Documents/Pico/pico-sdk/src/rp2_common/hardware_watchdog/watchdog.c.obj
                0x10001b1c                watchdog_start_tick
 .text.watchdog_update
                0x10001b2c       0x14 CMakeFiles/watering_system.dir/C_/Users/daven/Documents/Pico/pico-sdk/src/rp2_common/hardware_watchdog/watchdog.c.obj
                0x10001b2c                watchdog_update
 .text._watchdog_enable
                0x10001b40       0x70 CMakeFiles/watering_system.dir/C_/Users/daven/Documents/Pico/pico-sdk/src/rp2_common/hardware_watchdog/watchdog.c.obj
                0x10001b40                _watchdog_enable
 .text.watchdog_reboot
                0x10001bb0       0x48 CMakeFiles/watering_system.dir/C_/Users/daven/Documents/Pico/pico-sdk/src/rp2_common/hardware_watchdog/watchdog.c.obj
                0x10001bb0                watchdog_reboot
 .text.xosc_init
                0x10001bf8       0x28 CMakeFiles/watering_system.dir/C_/Users/daven/Documents/Pico/pico-sdk/src/rp2_common/hardware_xosc/xosc.c.obj
                0x10001bf8                xosc_init
 .text.pll_init
                0x10001c20       0xd0 CMakeFiles/watering_system.dir/C_/Users/daven/Documents/Pico/pico-sdk/src/rp2_common/hardware_pll/pll.c.obj
                0x10001c20                pll_init
 .text.set_raw_irq_handler_and_unlock
                0x10001cf0       0x28 CMakeFiles/watering_system.dir/C_/Users/daven/Documents/Pico/pico-sdk/src/rp2_common/hardware_irq/irq.c.obj
 .text.make_branch
                0x10001d18       0x34 CMakeFiles/watering_system.dir/C_/Users/daven/Documents/Pico/pico-sdk/src/rp2_common/hardware_irq/irq.c.obj
 .text.insert_branch_and_link
                0x10001d4c       0x40 CMakeFiles/watering_system.dir/C_/Users/daven/Documents/Pico/pico-sdk/src/rp2_common/hardware_irq/irq.c.obj
 .text.irq_is_enabled
                0x10001d8c       0x18 CMakeFiles/watering_system.dir/C_/Users/daven/Documents/Pico/pico-sdk/src/rp2_common/hardware_irq/irq.c.obj
                0x10001d8c                irq_is_enabled
 .text.irq_set_mask_enabled
                0x10001da4       0x20 CMakeFiles/watering_system.dir/C_/Users/daven/Documents/Pico/pico-sdk/src/rp2_common/hardware_irq/irq.c.obj
                0x10001da4                irq_set_mask_enabled
 .text.irq_set_enabled
                0x10001dc4        0xe CMakeFiles/watering_system.dir/C_/Users/daven/Documents/Pico/pico-sdk/src/rp2_common/hardware_irq/irq.c.obj
                0x10001dc4                irq_set_enabled
 *fill*         0x10001dd2        0x2 
 .text.irq_set_pending
                0x10001dd4       0x10 CMakeFiles/watering_system.dir/C_/Users/daven/Documents/Pico/pico-sdk/src/rp2_common/hardware_irq/irq.c.obj
                0x10001dd4                irq_set_pending
 .text.irq_get_vtable_handler
                0x10001de4       0x10 CMakeFiles/watering_system.dir/C_/Users/daven/Documents/Pico/pico-sdk/src/rp2_common/hardware_irq/irq.c.obj
                0x10001de4                irq_get_vtable_handler
 .text.irq_set_exclusive_handler
                0x10001df4       0x54 CMakeFiles/watering_system.dir/C_/Users/daven/Documents/Pico/pico-sdk/src/rp2_common/hardware_irq/irq.c.obj
                0x10001df4                irq_set_exclusive_handler
 .text.irq_remove_handler
                0x10001e48      0x1ac CMakeFiles/watering_system.dir/C_/Users/daven/Documents/Pico/pico-sdk/src/rp2_common/hardware_irq/irq.c.obj
                0x10001e48                irq_remove_handler
 .text.irq_set_priority
                0x10001ff4       0x28 CMakeFiles/watering_system.dir/C_/Users/daven/Documents/Pico/pico-sdk/src/rp2_common/hardware_irq/irq.c.obj
                0x10001ff4                irq_set_priority
 .text.irq_add_tail_to_free_list
                0x1000201c       0xf0 CMakeFiles/watering_system.dir/C_/Users/daven/Documents/Pico/pico-sdk/src/rp2_common/hardware_irq/irq.c.obj
                0x1000201c                irq_add_tail_to_free_list
 .text.irq_init_priorities
                0x1000210c       0x16 CMakeFiles/watering_system.dir/C_/Users/daven/Documents/Pico/pico-sdk/src/rp2_common/hardware_irq/irq.c.obj
                0x1000210c                irq_init_priorities
 .text._out_null
                0x10002122        0x2 CMakeFiles/watering_system.dir/C_/Users/daven/Documents/Pico/pico-sdk/src/rp2_common/pico_printf/printf.c.obj
 .text._out_fct
                0x10002124        0xe CMakeFiles/watering_system.dir/C_/Users/daven/Documents/Pico/pico-sdk/src/rp2_common/pico_printf/printf.c.obj
 .text._atoi    0x10002132       0x24 CMakeFiles/watering_system.dir/C_/Users/daven/Documents/Pico/pico-sdk/src/rp2_common/pico_printf/printf.c.obj
 .text._out_rev
                0x10002156       0xae CMakeFiles/watering_system.dir/C_/Users/daven/Documents/Pico/pico-sdk/src/rp2_common/pico_printf/printf.c.obj
 .text._ntoa_format
                0x10002204      0x112 CMakeFiles/watering_system.dir/C_/Users/daven/Documents/Pico/pico-sdk/src/rp2_common/pico_printf/printf.c.obj
 .text._ntoa_long
                0x10002316       0xbc CMakeFiles/watering_system.dir/C_/Users/daven/Documents/Pico/pico-sdk/src/rp2_common/pico_printf/printf.c.obj
 .text._ntoa_long_long
                0x100023d2       0xe2 CMakeFiles/watering_system.dir/C_/Users/daven/Documents/Pico/pico-sdk/src/rp2_common/pico_printf/printf.c.obj
 .text._etoa    0x100024b4      0x414 CMakeFiles/watering_system.dir/C_/Users/daven/Documents/Pico/pico-sdk/src/rp2_common/pico_printf/printf.c.obj
 .text._ftoa    0x100028c8      0x354 CMakeFiles/watering_system.dir/C_/Users/daven/Documents/Pico/pico-sdk/src/rp2_common/pico_printf/printf.c.obj
 .text._vsnprintf
                0x10002c1c      0x624 CMakeFiles/watering_system.dir/C_/Users/daven/Documents/Pico/pico-sdk/src/rp2_common/pico_printf/printf.c.obj
 .text.vfctprintf
                0x10003240       0x20 CMakeFiles/watering_system.dir/C_/Users/daven/Documents/Pico/pico-sdk/src/rp2_common/pico_printf/printf.c.obj
                0x10003240                vfctprintf
 .text          0x10003260       0x10 CMakeFiles/watering_system.dir/C_/Users/daven/Documents/Pico/pico-sdk/src/rp2_common/pico_bit_ops/bit_ops_aeabi.S.obj
 .text.rom_func_lookup
                0x10003270       0x10 CMakeFiles/watering_system.dir/C_/Users/daven/Documents/Pico/pico-sdk/src/rp2_common/pico_bootrom/bootrom.c.obj
                0x10003270                rom_func_lookup
 .text.rom_data_lookup
                0x10003280       0x10 CMakeFiles/watering_system.dir/C_/Users/daven/Documents/Pico/pico-sdk/src/rp2_common/pico_bootrom/bootrom.c.obj
                0x10003280                rom_data_lookup
 .text.rom_funcs_lookup
                0x10003290       0x36 CMakeFiles/watering_system.dir/C_/Users/daven/Documents/Pico/pico-sdk/src/rp2_common/pico_bootrom/bootrom.c.obj
                0x10003290                rom_funcs_lookup
 *fill*         0x100032c6        0x2 
 .text.__wrap___aeabi_idiv
                0x100032c8       0x58 CMakeFiles/watering_system.dir/C_/Users/daven/Documents/Pico/pico-sdk/src/rp2_common/pico_divider/divider.S.obj
                0x100032c8                __wrap___aeabi_idivmod
                0x100032c8                divmod_s32s32
                0x100032c8                div_s32s32
                0x100032c8                __wrap___aeabi_idiv
                0x100032d0                divmod_s32s32_unsafe
                0x100032fc                divmod_s32s32_savestate
 .text.__wrap___aeabi_uidiv
                0x10003320       0x54 CMakeFiles/watering_system.dir/C_/Users/daven/Documents/Pico/pico-sdk/src/rp2_common/pico_divider/divider.S.obj
                0x10003320                __wrap___aeabi_uidiv
                0x10003320                __wrap___aeabi_uidivmod
                0x10003320                div_u32u32
                0x10003320                divmod_u32u32
                0x10003328                divmod_u32u32_unsafe
                0x10003350                divmod_u32u32_savestate
 .text.__wrap___aeabi_ldiv
                0x10003374      0x430 CMakeFiles/watering_system.dir/C_/Users/daven/Documents/Pico/pico-sdk/src/rp2_common/pico_divider/divider.S.obj
                0x10003374                div_s64s64
                0x10003374                divmod_s64s64
                0x10003374                __wrap___aeabi_ldivmod
                0x100033ac                divmod_u64u64
                0x100033ac                div_u64u64
                0x100033ac                __wrap___aeabi_uldivmod
                0x100033bc                divmod_u64u64_savestate
                0x100033e4                divmod_s64s64_unsafe
                0x1000346c                divmod_u64u64_unsafe
 .text.__wrap___aeabi_darithmetic
                0x100037a4       0x54 CMakeFiles/watering_system.dir/C_/Users/daven/Documents/Pico/pico-sdk/src/rp2_common/pico_double/double_aeabi.S.obj
                0x100037a4                __wrap___aeabi_drsub
                0x100037aa                __wrap___aeabi_dsub
                0x100037bc                __wrap___aeabi_dadd
                0x100037ce                __wrap___aeabi_ddiv
                0x100037e0                __wrap___aeabi_dmul
 .text.__wrap___aeabi_cdcmple
                0x100037f8       0x6c CMakeFiles/watering_system.dir/C_/Users/daven/Documents/Pico/pico-sdk/src/rp2_common/pico_double/double_aeabi.S.obj
                0x100037f8                __wrap___aeabi_cdrcmple
                0x10003808                __wrap___aeabi_cdcmpeq
                0x10003808                __wrap___aeabi_cdcmple
 .text.__wrap___aeabi_dcmplt
                0x10003864        0xc CMakeFiles/watering_system.dir/C_/Users/daven/Documents/Pico/pico-sdk/src/rp2_common/pico_double/double_aeabi.S.obj
                0x10003864                __wrap___aeabi_dcmplt
 .text.__wrap___aeabi_dcmple
                0x10003870       0x10 CMakeFiles/watering_system.dir/C_/Users/daven/Documents/Pico/pico-sdk/src/rp2_common/pico_double/double_aeabi.S.obj
                0x10003870                __wrap___aeabi_dcmple
 .text.__wrap___aeabi_dcmpge
                0x10003880       0x10 CMakeFiles/watering_system.dir/C_/Users/daven/Documents/Pico/pico-sdk/src/rp2_common/pico_double/double_aeabi.S.obj
                0x10003880                __wrap___aeabi_dcmpge
 .text.__wrap___aeabi_dcmpgt
                0x10003890        0xa CMakeFiles/watering_system.dir/C_/Users/daven/Documents/Pico/pico-sdk/src/rp2_common/pico_double/double_aeabi.S.obj
                0x10003890                __wrap___aeabi_dcmpgt
 .text.__wrap___aeabi_dcmpun
                0x1000389a       0x1c CMakeFiles/watering_system.dir/C_/Users/daven/Documents/Pico/pico-sdk/src/rp2_common/pico_double/double_aeabi.S.obj
                0x1000389a                __wrap___aeabi_dcmpun
 *fill*         0x100038b6        0x2 
 .text.__wrap___aeabi_i2d
                0x100038b8       0x38 CMakeFiles/watering_system.dir/C_/Users/daven/Documents/Pico/pico-sdk/src/rp2_common/pico_double/double_aeabi.S.obj
                0x100038b8                __wrap___aeabi_ui2d
                0x100038c0                __wrap___aeabi_i2d
 .text.__wrap___aeabi_d2iz
                0x100038f0       0x48 CMakeFiles/watering_system.dir/C_/Users/daven/Documents/Pico/pico-sdk/src/rp2_common/pico_double/double_aeabi.S.obj
                0x100038f0                double2int_z
                0x100038f0                __wrap___aeabi_d2iz
 .text.__wrap___aeabi_d2uiz
                0x10003938       0x18 CMakeFiles/watering_system.dir/C_/Users/daven/Documents/Pico/pico-sdk/src/rp2_common/pico_double/double_aeabi.S.obj
                0x10003938                __wrap___aeabi_d2uiz
                0x10003938                double2uint
 .text.__aeabi_double_init
                0x10003950       0xb8 CMakeFiles/watering_system.dir/C_/Users/daven/Documents/Pico/pico-sdk/src/rp2_common/pico_double/double_init_rom.c.obj
                0x10003950                __aeabi_double_init
 .text.double_table_shim_on_use_helper
                0x10003a08       0x34 CMakeFiles/watering_system.dir/C_/Users/daven/Documents/Pico/pico-sdk/src/rp2_common/pico_double/double_v1_rom_shim.S.obj
                0x10003a08                double_table_shim_on_use_helper
 .text.__wrap___aeabi_dsub
                0x10003a3c       0x10 CMakeFiles/watering_system.dir/C_/Users/daven/Documents/Pico/pico-sdk/src/rp2_common/pico_double/double_v1_rom_shim.S.obj
                0x10003a3c                drsub_shim
                0x10003a42                dsub_shim
 .text.dadd_shim
                0x10003a4c      0x15c CMakeFiles/watering_system.dir/C_/Users/daven/Documents/Pico/pico-sdk/src/rp2_common/pico_double/double_v1_rom_shim.S.obj
                0x10003a4c                dadd_shim
 .text.dmul_shim
                0x10003ba8      0x15c CMakeFiles/watering_system.dir/C_/Users/daven/Documents/Pico/pico-sdk/src/rp2_common/pico_double/double_v1_rom_shim.S.obj
                0x10003ba8                dmul_shim
 .text.ddiv_shim
                0x10003d04      0x1b0 CMakeFiles/watering_system.dir/C_/Users/daven/Documents/Pico/pico-sdk/src/rp2_common/pico_double/double_v1_rom_shim.S.obj
                0x10003d04                ddiv_shim
 .text.dcordic_rot_step
                0x10003eb4       0x7c CMakeFiles/watering_system.dir/C_/Users/daven/Documents/Pico/pico-sdk/src/rp2_common/pico_double/double_v1_rom_shim.S.obj
                0x10003eb4                dcordic_rot_step
 .text.double2uint_shim
                0x10003f30        0xe CMakeFiles/watering_system.dir/C_/Users/daven/Documents/Pico/pico-sdk/src/rp2_common/pico_double/double_v1_rom_shim.S.obj
                0x10003f30                double2uint_shim
                0x10003f32                double2ufix_shim
 *fill*         0x10003f3e        0x2 
 .text.double2uint64_shim
                0x10003f40       0x6c CMakeFiles/watering_system.dir/C_/Users/daven/Documents/Pico/pico-sdk/src/rp2_common/pico_double/double_v1_rom_shim.S.obj
                0x10003f40                double2uint64_shim
                0x10003f42                double2ufix64_shim
                0x10003f5c                d2fix_a
 .text.dunpacks
                0x10003fac       0x3c CMakeFiles/watering_system.dir/C_/Users/daven/Documents/Pico/pico-sdk/src/rp2_common/pico_double/double_v1_rom_shim.S.obj
                0x10003fac                dunpacks
 .text.__aeabi_lmul
                0x10003fe8       0x32 CMakeFiles/watering_system.dir/C_/Users/daven/Documents/Pico/pico-sdk/src/rp2_common/pico_int64_ops/pico_int64_ops_aeabi.S.obj
                0x10003fe8                __wrap___aeabi_lmul
 *fill*         0x1000401a        0x2 
 .text.__aeabi_float_init
                0x1000401c       0xfc CMakeFiles/watering_system.dir/C_/Users/daven/Documents/Pico/pico-sdk/src/rp2_common/pico_float/float_init_rom.c.obj
                0x1000401c                __aeabi_float_init
 .text.float_table_shim_on_use_helper
                0x10004118       0x34 CMakeFiles/watering_system.dir/C_/Users/daven/Documents/Pico/pico-sdk/src/rp2_common/pico_float/float_v1_rom_shim.S.obj
                0x10004118                float_table_shim_on_use_helper
 .text          0x1000414c       0x10 CMakeFiles/watering_system.dir/C_/Users/daven/Documents/Pico/pico-sdk/src/rp2_common/pico_mem_ops/mem_ops_aeabi.S.obj
                0x1000414c                __aeabi_mem_init
 .text.memset   0x1000415c        0xc CMakeFiles/watering_system.dir/C_/Users/daven/Documents/Pico/pico-sdk/src/rp2_common/pico_mem_ops/mem_ops_aeabi.S.obj
                0x1000415c                __wrap_memset
 .text.memcpy   0x10004168        0xc CMakeFiles/watering_system.dir/C_/Users/daven/Documents/Pico/pico-sdk/src/rp2_common/pico_mem_ops/mem_ops_aeabi.S.obj
                0x10004168                __wrap_memcpy
                0x10004168                __wrap___aeabi_memcpy
 .text.stdio_out_chars_crlf
                0x10004174       0x80 CMakeFiles/watering_system.dir/C_/Users/daven/Documents/Pico/pico-sdk/src/rp2_common/pico_stdio/stdio.c.obj
 .text.stdio_stack_buffer_flush
                0x100041f4       0x44 CMakeFiles/watering_system.dir/C_/Users/daven/Documents/Pico/pico-sdk/src/rp2_common/pico_stdio/stdio.c.obj
 .text.stdio_buffered_printer
                0x10004238       0x20 CMakeFiles/watering_system.dir/C_/Users/daven/Documents/Pico/pico-sdk/src/rp2_common/pico_stdio/stdio.c.obj
 .text.stdout_serialize_begin
                0x10004258       0x2c CMakeFiles/watering_system.dir/C_/Users/daven/Documents/Pico/pico-sdk/src/rp2_common/pico_stdio/stdio.c.obj
                0x10004258                stdout_serialize_begin
 .text.stdout_serialize_end
                0x10004284       0x10 CMakeFiles/watering_system.dir/C_/Users/daven/Documents/Pico/pico-sdk/src/rp2_common/pico_stdio/stdio.c.obj
                0x10004284                stdout_serialize_end
 .text.stdio_put_string
                0x10004294       0x84 CMakeFiles/watering_system.dir/C_/Users/daven/Documents/Pico/pico-sdk/src/rp2_common/pico_stdio/stdio.c.obj
 .text.stdio_set_driver_enabled
                0x10004318       0x38 CMakeFiles/watering_system.dir/C_/Users/daven/Documents/Pico/pico-sdk/src/rp2_common/pico_stdio/stdio.c.obj
                0x10004318                stdio_set_driver_enabled
 .text.stdio_flush
                0x10004350       0x20 CMakeFiles/watering_system.dir/C_/Users/daven/Documents/Pico/pico-sdk/src/rp2_common/pico_stdio/stdio.c.obj
                0x10004350                stdio_flush
 .text.__wrap_puts
                0x10004370       0x1c CMakeFiles/watering_system.dir/C_/Users/daven/Documents/Pico/pico-sdk/src/rp2_common/pico_stdio/stdio.c.obj
                0x10004370                __wrap_puts
 .text.__wrap_vprintf
                0x1000438c       0x44 CMakeFiles/watering_system.dir/C_/Users/daven/Documents/Pico/pico-sdk/src/rp2_common/pico_stdio/stdio.c.obj
                0x1000438c                __wrap_vprintf
 .text.__wrap_printf
                0x100043d0       0x18 CMakeFiles/watering_system.dir/C_/Users/daven/Documents/Pico/pico-sdk/src/rp2_common/pico_stdio/stdio.c.obj
                0x100043d0                __wrap_printf
 .text.stdio_init_all
                0x100043e8        0x8 CMakeFiles/watering_system.dir/C_/Users/daven/Documents/Pico/pico-sdk/src/rp2_common/pico_stdio/stdio.c.obj
                0x100043e8                stdio_init_all
 .text.resetd_init
                0x100043f0        0x2 CMakeFiles/watering_system.dir/C_/Users/daven/Documents/Pico/pico-sdk/src/rp2_common/pico_stdio_usb/reset_interface.c.obj
 *fill*         0x100043f2        0x2 
 .text.resetd_reset
                0x100043f4        0xc CMakeFiles/watering_system.dir/C_/Users/daven/Documents/Pico/pico-sdk/src/rp2_common/pico_stdio_usb/reset_interface.c.obj
 .text.resetd_open
                0x10004400       0x34 CMakeFiles/watering_system.dir/C_/Users/daven/Documents/Pico/pico-sdk/src/rp2_common/pico_stdio_usb/reset_interface.c.obj
 .text.resetd_control_complete_cb
                0x10004434        0x4 CMakeFiles/watering_system.dir/C_/Users/daven/Documents/Pico/pico-sdk/src/rp2_common/pico_stdio_usb/reset_interface.c.obj
 .text.resetd_xfer_cb
                0x10004438        0x4 CMakeFiles/watering_system.dir/C_/Users/daven/Documents/Pico/pico-sdk/src/rp2_common/pico_stdio_usb/reset_interface.c.obj
 .text.reset_usb_boot
                0x1000443c       0x18 CMakeFiles/watering_system.dir/C_/Users/daven/Documents/Pico/pico-sdk/src/rp2_common/pico_stdio_usb/reset_interface.c.obj
 .text.resetd_control_request_cb
                0x10004454       0x58 CMakeFiles/watering_system.dir/C_/Users/daven/Documents/Pico/pico-sdk/src/rp2_common/pico_stdio_usb/reset_interface.c.obj
 .text.usbd_app_driver_get_cb
                0x100044ac        0xc CMakeFiles/watering_system.dir/C_/Users/daven/Documents/Pico/pico-sdk/src/rp2_common/pico_stdio_usb/reset_interface.c.obj
                0x100044ac                usbd_app_driver_get_cb
 .text.tud_cdc_line_coding_cb
                0x100044b8       0x28 CMakeFiles/watering_system.dir/C_/Users/daven/Documents/Pico/pico-sdk/src/rp2_common/pico_stdio_usb/reset_interface.c.obj
                0x100044b8                tud_cdc_line_coding_cb
 .text.stdio_usb_in_chars
                0x100044e0       0x70 CMakeFiles/watering_system.dir/C_/Users/daven/Documents/Pico/pico-sdk/src/rp2_common/pico_stdio_usb/stdio_usb.c.obj
                0x100044e0                stdio_usb_in_chars
 .text.low_priority_worker_irq
                0x10004550       0x20 CMakeFiles/watering_system.dir/C_/Users/daven/Documents/Pico/pico-sdk/src/rp2_common/pico_stdio_usb/stdio_usb.c.obj
 .text.stdio_usb_out_chars
                0x10004570       0xd4 CMakeFiles/watering_system.dir/C_/Users/daven/Documents/Pico/pico-sdk/src/rp2_common/pico_stdio_usb/stdio_usb.c.obj
 .text.timer_task
                0x10004644       0x10 CMakeFiles/watering_system.dir/C_/Users/daven/Documents/Pico/pico-sdk/src/rp2_common/pico_stdio_usb/stdio_usb.c.obj
 .text.stdio_usb_init
                0x10004654       0xb8 CMakeFiles/watering_system.dir/C_/Users/daven/Documents/Pico/pico-sdk/src/rp2_common/pico_stdio_usb/stdio_usb.c.obj
                0x10004654                stdio_usb_init
 .text.tud_descriptor_device_cb
                0x1000470c        0x8 CMakeFiles/watering_system.dir/C_/Users/daven/Documents/Pico/pico-sdk/src/rp2_common/pico_stdio_usb/stdio_usb_descriptors.c.obj
                0x1000470c                tud_descriptor_device_cb
 .text.tud_descriptor_configuration_cb
                0x10004714        0x8 CMakeFiles/watering_system.dir/C_/Users/daven/Documents/Pico/pico-sdk/src/rp2_common/pico_stdio_usb/stdio_usb_descriptors.c.obj
                0x10004714                tud_descriptor_configuration_cb
 .text.tud_descriptor_string_cb
                0x1000471c       0x50 CMakeFiles/watering_system.dir/C_/Users/daven/Documents/Pico/pico-sdk/src/rp2_common/pico_stdio_usb/stdio_usb_descriptors.c.obj
                0x1000471c                tud_descriptor_string_cb
 .text.hw_endpoint_get_by_addr
                0x1000476c       0x1c CMakeFiles/watering_system.dir/C_/Users/daven/Documents/Pico/pico-sdk/lib/tinyusb/src/portable/raspberrypi/rp2040/dcd_rp2040.c.obj
 .text.reset_ep0
                0x10004788       0x2c CMakeFiles/watering_system.dir/C_/Users/daven/Documents/Pico/pico-sdk/lib/tinyusb/src/portable/raspberrypi/rp2040/dcd_rp2040.c.obj
 .text._hw_endpoint_alloc
                0x100047b4       0x7c CMakeFiles/watering_system.dir/C_/Users/daven/Documents/Pico/pico-sdk/lib/tinyusb/src/portable/raspberrypi/rp2040/dcd_rp2040.c.obj
 .text._hw_endpoint_init
                0x10004830       0xbc CMakeFiles/watering_system.dir/C_/Users/daven/Documents/Pico/pico-sdk/lib/tinyusb/src/portable/raspberrypi/rp2040/dcd_rp2040.c.obj
 .text.hw_endpoint_init
                0x100048ec       0x18 CMakeFiles/watering_system.dir/C_/Users/daven/Documents/Pico/pico-sdk/lib/tinyusb/src/portable/raspberrypi/rp2040/dcd_rp2040.c.obj
 .text.hw_handle_buff_status
                0x10004904       0xb8 CMakeFiles/watering_system.dir/C_/Users/daven/Documents/Pico/pico-sdk/lib/tinyusb/src/portable/raspberrypi/rp2040/dcd_rp2040.c.obj
 .text.dcd_rp2040_irq
                0x100049bc       0x8c CMakeFiles/watering_system.dir/C_/Users/daven/Documents/Pico/pico-sdk/lib/tinyusb/src/portable/raspberrypi/rp2040/dcd_rp2040.c.obj
 .text.hw_endpoint_xfer
                0x10004a48       0x18 CMakeFiles/watering_system.dir/C_/Users/daven/Documents/Pico/pico-sdk/lib/tinyusb/src/portable/raspberrypi/rp2040/dcd_rp2040.c.obj
 .text.ep0_0len_status
                0x10004a60       0x14 CMakeFiles/watering_system.dir/C_/Users/daven/Documents/Pico/pico-sdk/lib/tinyusb/src/portable/raspberrypi/rp2040/dcd_rp2040.c.obj
 .text._hw_endpoint_stall
                0x10004a74       0x54 CMakeFiles/watering_system.dir/C_/Users/daven/Documents/Pico/pico-sdk/lib/tinyusb/src/portable/raspberrypi/rp2040/dcd_rp2040.c.obj
 .text.hw_endpoint_stall
                0x10004ac8        0xc CMakeFiles/watering_system.dir/C_/Users/daven/Documents/Pico/pico-sdk/lib/tinyusb/src/portable/raspberrypi/rp2040/dcd_rp2040.c.obj
 .text._hw_endpoint_clear_stall
                0x10004ad4       0x34 CMakeFiles/watering_system.dir/C_/Users/daven/Documents/Pico/pico-sdk/lib/tinyusb/src/portable/raspberrypi/rp2040/dcd_rp2040.c.obj
 .text.hw_endpoint_clear_stall
                0x10004b08        0xc CMakeFiles/watering_system.dir/C_/Users/daven/Documents/Pico/pico-sdk/lib/tinyusb/src/portable/raspberrypi/rp2040/dcd_rp2040.c.obj
 .text.dcd_int_enable
                0x10004b14       0x2c CMakeFiles/watering_system.dir/C_/Users/daven/Documents/Pico/pico-sdk/lib/tinyusb/src/portable/raspberrypi/rp2040/dcd_rp2040.c.obj
                0x10004b14                dcd_int_enable
 .text.dcd_set_address
                0x10004b40       0x30 CMakeFiles/watering_system.dir/C_/Users/daven/Documents/Pico/pico-sdk/lib/tinyusb/src/portable/raspberrypi/rp2040/dcd_rp2040.c.obj
                0x10004b40                dcd_set_address
 .text.dcd_connect
                0x10004b70       0x30 CMakeFiles/watering_system.dir/C_/Users/daven/Documents/Pico/pico-sdk/lib/tinyusb/src/portable/raspberrypi/rp2040/dcd_rp2040.c.obj
                0x10004b70                dcd_connect
 .text.dcd_init
                0x10004ba0       0x90 CMakeFiles/watering_system.dir/C_/Users/daven/Documents/Pico/pico-sdk/lib/tinyusb/src/portable/raspberrypi/rp2040/dcd_rp2040.c.obj
                0x10004ba0                dcd_init
 .text.dcd_edpt0_status_complete
                0x10004c30       0x44 CMakeFiles/watering_system.dir/C_/Users/daven/Documents/Pico/pico-sdk/lib/tinyusb/src/portable/raspberrypi/rp2040/dcd_rp2040.c.obj
                0x10004c30                dcd_edpt0_status_complete
 .text.dcd_edpt_open
                0x10004c74       0x40 CMakeFiles/watering_system.dir/C_/Users/daven/Documents/Pico/pico-sdk/lib/tinyusb/src/portable/raspberrypi/rp2040/dcd_rp2040.c.obj
                0x10004c74                dcd_edpt_open
 .text.dcd_edpt_xfer
                0x10004cb4       0x34 CMakeFiles/watering_system.dir/C_/Users/daven/Documents/Pico/pico-sdk/lib/tinyusb/src/portable/raspberrypi/rp2040/dcd_rp2040.c.obj
                0x10004cb4                dcd_edpt_xfer
 .text.dcd_edpt_stall
                0x10004ce8       0x28 CMakeFiles/watering_system.dir/C_/Users/daven/Documents/Pico/pico-sdk/lib/tinyusb/src/portable/raspberrypi/rp2040/dcd_rp2040.c.obj
                0x10004ce8                dcd_edpt_stall
 .text.dcd_edpt_clear_stall
                0x10004d10       0x28 CMakeFiles/watering_system.dir/C_/Users/daven/Documents/Pico/pico-sdk/lib/tinyusb/src/portable/raspberrypi/rp2040/dcd_rp2040.c.obj
                0x10004d10                dcd_edpt_clear_stall
 .text.rp2040_usb_init
                0x10004d38       0x50 CMakeFiles/watering_system.dir/C_/Users/daven/Documents/Pico/pico-sdk/lib/tinyusb/src/portable/raspberrypi/rp2040/rp2040_usb.c.obj
                0x10004d38                rp2040_usb_init
 .text.hw_endpoint_reset_transfer
                0x10004d88       0x14 CMakeFiles/watering_system.dir/C_/Users/daven/Documents/Pico/pico-sdk/lib/tinyusb/src/portable/raspberrypi/rp2040/rp2040_usb.c.obj
                0x10004d88                hw_endpoint_reset_transfer
 .text._hw_endpoint_buffer_control_update32
                0x10004d9c       0x54 CMakeFiles/watering_system.dir/C_/Users/daven/Documents/Pico/pico-sdk/lib/tinyusb/src/portable/raspberrypi/rp2040/rp2040_usb.c.obj
                0x10004d9c                _hw_endpoint_buffer_control_update32
 .text._hw_endpoint_start_next_buffer
                0x10004df0       0x5a CMakeFiles/watering_system.dir/C_/Users/daven/Documents/Pico/pico-sdk/lib/tinyusb/src/portable/raspberrypi/rp2040/rp2040_usb.c.obj
                0x10004df0                _hw_endpoint_start_next_buffer
 .text._hw_endpoint_xfer_start
                0x10004e4a       0x46 CMakeFiles/watering_system.dir/C_/Users/daven/Documents/Pico/pico-sdk/lib/tinyusb/src/portable/raspberrypi/rp2040/rp2040_usb.c.obj
                0x10004e4a                _hw_endpoint_xfer_start
 .text._hw_endpoint_xfer_sync
                0x10004e90       0x74 CMakeFiles/watering_system.dir/C_/Users/daven/Documents/Pico/pico-sdk/lib/tinyusb/src/portable/raspberrypi/rp2040/rp2040_usb.c.obj
                0x10004e90                _hw_endpoint_xfer_sync
 .text._hw_endpoint_xfer_continue
                0x10004f04       0x58 CMakeFiles/watering_system.dir/C_/Users/daven/Documents/Pico/pico-sdk/lib/tinyusb/src/portable/raspberrypi/rp2040/rp2040_usb.c.obj
                0x10004f04                _hw_endpoint_xfer_continue
 .text._hw_endpoint_xfer
                0x10004f5c       0x34 CMakeFiles/watering_system.dir/C_/Users/daven/Documents/Pico/pico-sdk/lib/tinyusb/src/portable/raspberrypi/rp2040/rp2040_usb.c.obj
                0x10004f5c                _hw_endpoint_xfer
 .text.mark_interface_endpoint
                0x10004f90       0x2a CMakeFiles/watering_system.dir/C_/Users/daven/Documents/Pico/pico-sdk/lib/tinyusb/src/device/usbd.c.obj
 *fill*         0x10004fba        0x2 
 .text.usbd_reset
                0x10004fbc       0x88 CMakeFiles/watering_system.dir/C_/Users/daven/Documents/Pico/pico-sdk/lib/tinyusb/src/device/usbd.c.obj
 .text.invoke_class_control
                0x10005044       0x18 CMakeFiles/watering_system.dir/C_/Users/daven/Documents/Pico/pico-sdk/lib/tinyusb/src/device/usbd.c.obj
 .text.process_set_config
                0x1000505c      0x1d0 CMakeFiles/watering_system.dir/C_/Users/daven/Documents/Pico/pico-sdk/lib/tinyusb/src/device/usbd.c.obj
 .text.process_get_descriptor
                0x1000522c       0xf4 CMakeFiles/watering_system.dir/C_/Users/daven/Documents/Pico/pico-sdk/lib/tinyusb/src/device/usbd.c.obj
 .text.tud_mounted
                0x10005320       0x10 CMakeFiles/watering_system.dir/C_/Users/daven/Documents/Pico/pico-sdk/lib/tinyusb/src/device/usbd.c.obj
                0x10005320                tud_mounted
 .text.tud_suspended
                0x10005330       0x10 CMakeFiles/watering_system.dir/C_/Users/daven/Documents/Pico/pico-sdk/lib/tinyusb/src/device/usbd.c.obj
                0x10005330                tud_suspended
 .text.tud_init
                0x10005340       0xb8 CMakeFiles/watering_system.dir/C_/Users/daven/Documents/Pico/pico-sdk/lib/tinyusb/src/device/usbd.c.obj
                0x10005340                tud_init
 .text.dcd_event_handler
                0x100053f8      0x1c4 CMakeFiles/watering_system.dir/C_/Users/daven/Documents/Pico/pico-sdk/lib/tinyusb/src/device/usbd.c.obj
                0x100053f8                dcd_event_handler
 .text.dcd_event_bus_signal
                0x100055bc       0x26 CMakeFiles/watering_system.dir/C_/Users/daven/Documents/Pico/pico-sdk/lib/tinyusb/src/device/usbd.c.obj
                0x100055bc                dcd_event_bus_signal
 .text.dcd_event_setup_received
                0x100055e2       0x34 CMakeFiles/watering_system.dir/C_/Users/daven/Documents/Pico/pico-sdk/lib/tinyusb/src/device/usbd.c.obj
                0x100055e2                dcd_event_setup_received
 .text.dcd_event_xfer_complete
                0x10005616       0x44 CMakeFiles/watering_system.dir/C_/Users/daven/Documents/Pico/pico-sdk/lib/tinyusb/src/device/usbd.c.obj
                0x10005616                dcd_event_xfer_complete
 .text.usbd_edpt_open
                0x1000565a        0x8 CMakeFiles/watering_system.dir/C_/Users/daven/Documents/Pico/pico-sdk/lib/tinyusb/src/device/usbd.c.obj
                0x1000565a                usbd_edpt_open
 *fill*         0x10005662        0x2 
 .text.usbd_open_edpt_pair
                0x10005664       0x8c CMakeFiles/watering_system.dir/C_/Users/daven/Documents/Pico/pico-sdk/lib/tinyusb/src/device/usbd.c.obj
                0x10005664                usbd_open_edpt_pair
 .text.usbd_edpt_claim
                0x100056f0       0x8c CMakeFiles/watering_system.dir/C_/Users/daven/Documents/Pico/pico-sdk/lib/tinyusb/src/device/usbd.c.obj
                0x100056f0                usbd_edpt_claim
 .text.usbd_edpt_release
                0x1000577c       0x68 CMakeFiles/watering_system.dir/C_/Users/daven/Documents/Pico/pico-sdk/lib/tinyusb/src/device/usbd.c.obj
                0x1000577c                usbd_edpt_release
 .text.usbd_edpt_xfer
                0x100057e4       0x80 CMakeFiles/watering_system.dir/C_/Users/daven/Documents/Pico/pico-sdk/lib/tinyusb/src/device/usbd.c.obj
                0x100057e4                usbd_edpt_xfer
 .text.usbd_edpt_stall
                0x10005864       0x2c CMakeFiles/watering_system.dir/C_/Users/daven/Documents/Pico/pico-sdk/lib/tinyusb/src/device/usbd.c.obj
                0x10005864                usbd_edpt_stall
 .text.usbd_edpt_clear_stall
                0x10005890       0x2c CMakeFiles/watering_system.dir/C_/Users/daven/Documents/Pico/pico-sdk/lib/tinyusb/src/device/usbd.c.obj
                0x10005890                usbd_edpt_clear_stall
 .text.usbd_edpt_stalled
                0x100058bc       0x1c CMakeFiles/watering_system.dir/C_/Users/daven/Documents/Pico/pico-sdk/lib/tinyusb/src/device/usbd.c.obj
                0x100058bc                usbd_edpt_stalled
 .text.process_control_request
                0x100058d8      0x37c CMakeFiles/watering_system.dir/C_/Users/daven/Documents/Pico/pico-sdk/lib/tinyusb/src/device/usbd.c.obj
 .text.tud_task
                0x10005c54      0x204 CMakeFiles/watering_system.dir/C_/Users/daven/Documents/Pico/pico-sdk/lib/tinyusb/src/device/usbd.c.obj
                0x10005c54                tud_task
 .text._data_stage_xact
                0x10005e58       0x58 CMakeFiles/watering_system.dir/C_/Users/daven/Documents/Pico/pico-sdk/lib/tinyusb/src/device/usbd_control.c.obj
 .text.tud_control_status
                0x10005eb0       0x38 CMakeFiles/watering_system.dir/C_/Users/daven/Documents/Pico/pico-sdk/lib/tinyusb/src/device/usbd_control.c.obj
                0x10005eb0                tud_control_status
 .text.tud_control_xfer
                0x10005ee8       0xa8 CMakeFiles/watering_system.dir/C_/Users/daven/Documents/Pico/pico-sdk/lib/tinyusb/src/device/usbd_control.c.obj
                0x10005ee8                tud_control_xfer
 .text.usbd_control_reset
                0x10005f90       0x14 CMakeFiles/watering_system.dir/C_/Users/daven/Documents/Pico/pico-sdk/lib/tinyusb/src/device/usbd_control.c.obj
                0x10005f90                usbd_control_reset
 .text.usbd_control_set_complete_callback
                0x10005fa4        0xc CMakeFiles/watering_system.dir/C_/Users/daven/Documents/Pico/pico-sdk/lib/tinyusb/src/device/usbd_control.c.obj
                0x10005fa4                usbd_control_set_complete_callback
 .text.usbd_control_set_request
                0x10005fb0       0x1c CMakeFiles/watering_system.dir/C_/Users/daven/Documents/Pico/pico-sdk/lib/tinyusb/src/device/usbd_control.c.obj
                0x10005fb0                usbd_control_set_request
 .text.usbd_control_xfer_cb
                0x10005fcc       0xe8 CMakeFiles/watering_system.dir/C_/Users/daven/Documents/Pico/pico-sdk/lib/tinyusb/src/device/usbd_control.c.obj
                0x10005fcc                usbd_control_xfer_cb
 .text._prep_out_transaction
                0x100060b4       0x46 CMakeFiles/watering_system.dir/C_/Users/daven/Documents/Pico/pico-sdk/lib/tinyusb/src/class/cdc/cdc_device.c.obj
 *fill*         0x100060fa        0x2 
 .text.tud_cdc_n_connected
                0x100060fc       0x48 CMakeFiles/watering_system.dir/C_/Users/daven/Documents/Pico/pico-sdk/lib/tinyusb/src/class/cdc/cdc_device.c.obj
                0x100060fc                tud_cdc_n_connected
 .text.tud_cdc_n_available
                0x10006144       0x20 CMakeFiles/watering_system.dir/C_/Users/daven/Documents/Pico/pico-sdk/lib/tinyusb/src/class/cdc/cdc_device.c.obj
                0x10006144                tud_cdc_n_available
 .text.tud_cdc_n_read
                0x10006164       0x30 CMakeFiles/watering_system.dir/C_/Users/daven/Documents/Pico/pico-sdk/lib/tinyusb/src/class/cdc/cdc_device.c.obj
                0x10006164                tud_cdc_n_read
 .text.tud_cdc_n_write_flush
                0x10006194       0xc4 CMakeFiles/watering_system.dir/C_/Users/daven/Documents/Pico/pico-sdk/lib/tinyusb/src/class/cdc/cdc_device.c.obj
                0x10006194                tud_cdc_n_write_flush
 .text.tud_cdc_n_write
                0x10006258       0x38 CMakeFiles/watering_system.dir/C_/Users/daven/Documents/Pico/pico-sdk/lib/tinyusb/src/class/cdc/cdc_device.c.obj
                0x10006258                tud_cdc_n_write
 .text.tud_cdc_n_write_available
                0x10006290       0x20 CMakeFiles/watering_system.dir/C_/Users/daven/Documents/Pico/pico-sdk/lib/tinyusb/src/class/cdc/cdc_device.c.obj
                0x10006290                tud_cdc_n_write_available
 .text.cdcd_init
                0x100062b0       0xdc CMakeFiles/watering_system.dir/C_/Users/daven/Documents/Pico/pico-sdk/lib/tinyusb/src/class/cdc/cdc_device.c.obj
                0x100062b0                cdcd_init
 .text.cdcd_reset
                0x1000638c       0x44 CMakeFiles/watering_system.dir/C_/Users/daven/Documents/Pico/pico-sdk/lib/tinyusb/src/class/cdc/cdc_device.c.obj
                0x1000638c                cdcd_reset
 .text.cdcd_open
                0x100063d0      0x118 CMakeFiles/watering_system.dir/C_/Users/daven/Documents/Pico/pico-sdk/lib/tinyusb/src/class/cdc/cdc_device.c.obj
                0x100063d0                cdcd_open
 .text.cdcd_control_complete
                0x100064e8       0x60 CMakeFiles/watering_system.dir/C_/Users/daven/Documents/Pico/pico-sdk/lib/tinyusb/src/class/cdc/cdc_device.c.obj
                0x100064e8                cdcd_control_complete
 .text.cdcd_control_request
                0x10006548       0x9c CMakeFiles/watering_system.dir/C_/Users/daven/Documents/Pico/pico-sdk/lib/tinyusb/src/class/cdc/cdc_device.c.obj
                0x10006548                cdcd_control_request
 .text.cdcd_xfer_cb
                0x100065e4      0x130 CMakeFiles/watering_system.dir/C_/Users/daven/Documents/Pico/pico-sdk/lib/tinyusb/src/class/cdc/cdc_device.c.obj
                0x100065e4                cdcd_xfer_cb
 .text.tusb_init
                0x10006714       0x38 CMakeFiles/watering_system.dir/C_/Users/daven/Documents/Pico/pico-sdk/lib/tinyusb/src/tusb.c.obj
                0x10006714                tusb_init
 .text.tusb_inited
                0x1000674c        0xc CMakeFiles/watering_system.dir/C_/Users/daven/Documents/Pico/pico-sdk/lib/tinyusb/src/tusb.c.obj
                0x1000674c                tusb_inited
 .text.advance_pointer
                0x10006758       0x1e CMakeFiles/watering_system.dir/C_/Users/daven/Documents/Pico/pico-sdk/lib/tinyusb/src/common/tusb_fifo.c.obj
 .text.backward_pointer
                0x10006776       0x1a CMakeFiles/watering_system.dir/C_/Users/daven/Documents/Pico/pico-sdk/lib/tinyusb/src/common/tusb_fifo.c.obj
 .text.get_relative_pointer
                0x10006790       0x16 CMakeFiles/watering_system.dir/C_/Users/daven/Documents/Pico/pico-sdk/lib/tinyusb/src/common/tusb_fifo.c.obj
 .text.tu_fifo_lock
                0x100067a6       0x12 CMakeFiles/watering_system.dir/C_/Users/daven/Documents/Pico/pico-sdk/lib/tinyusb/src/common/tusb_fifo.c.obj
 .text.tu_fifo_unlock
                0x100067b8        0xe CMakeFiles/watering_system.dir/C_/Users/daven/Documents/Pico/pico-sdk/lib/tinyusb/src/common/tusb_fifo.c.obj
 .text._tu_fifo_peek_at
                0x100067c6       0x66 CMakeFiles/watering_system.dir/C_/Users/daven/Documents/Pico/pico-sdk/lib/tinyusb/src/common/tusb_fifo.c.obj
 .text._ff_pull_n
                0x1000682c       0x4a CMakeFiles/watering_system.dir/C_/Users/daven/Documents/Pico/pico-sdk/lib/tinyusb/src/common/tusb_fifo.c.obj
 .text._tu_fifo_peek_at_n
                0x10006876       0x72 CMakeFiles/watering_system.dir/C_/Users/daven/Documents/Pico/pico-sdk/lib/tinyusb/src/common/tusb_fifo.c.obj
 .text._ff_push_n
                0x100068e8       0x4a CMakeFiles/watering_system.dir/C_/Users/daven/Documents/Pico/pico-sdk/lib/tinyusb/src/common/tusb_fifo.c.obj
 .text.tu_fifo_config
                0x10006932       0x48 CMakeFiles/watering_system.dir/C_/Users/daven/Documents/Pico/pico-sdk/lib/tinyusb/src/common/tusb_fifo.c.obj
                0x10006932                tu_fifo_config
 .text.tu_fifo_count
                0x1000697a       0x1c CMakeFiles/watering_system.dir/C_/Users/daven/Documents/Pico/pico-sdk/lib/tinyusb/src/common/tusb_fifo.c.obj
                0x1000697a                tu_fifo_count
 .text.tu_fifo_remaining
                0x10006996       0x20 CMakeFiles/watering_system.dir/C_/Users/daven/Documents/Pico/pico-sdk/lib/tinyusb/src/common/tusb_fifo.c.obj
                0x10006996                tu_fifo_remaining
 .text.tu_fifo_read
                0x100069b6       0x3a CMakeFiles/watering_system.dir/C_/Users/daven/Documents/Pico/pico-sdk/lib/tinyusb/src/common/tusb_fifo.c.obj
                0x100069b6                tu_fifo_read
 .text.tu_fifo_read_n
                0x100069f0       0x3e CMakeFiles/watering_system.dir/C_/Users/daven/Documents/Pico/pico-sdk/lib/tinyusb/src/common/tusb_fifo.c.obj
                0x100069f0                tu_fifo_read_n
 .text.tu_fifo_write
                0x10006a2e       0x5c CMakeFiles/watering_system.dir/C_/Users/daven/Documents/Pico/pico-sdk/lib/tinyusb/src/common/tusb_fifo.c.obj
                0x10006a2e                tu_fifo_write
 .text.tu_fifo_write_n
                0x10006a8a       0x7c CMakeFiles/watering_system.dir/C_/Users/daven/Documents/Pico/pico-sdk/lib/tinyusb/src/common/tusb_fifo.c.obj
                0x10006a8a                tu_fifo_write_n
 .text.tu_fifo_clear
                0x10006b06       0x18 CMakeFiles/watering_system.dir/C_/Users/daven/Documents/Pico/pico-sdk/lib/tinyusb/src/common/tusb_fifo.c.obj
                0x10006b06                tu_fifo_clear
 *fill*         0x10006b1e        0x2 
 .text.strlen   0x10006b20       0x5c c:/progra~2/gnuarm~1/102020~1/bin/../lib/gcc/arm-none-eabi/10.2.1/../../../../arm-none-eabi/lib/thumb/v6-m/nofp\libg.a(lib_a-strlen-stub.o)
                0x10006b20                strlen
 *(.fini)
 .fini          0x10006b7c        0x4 c:/progra~2/gnuarm~1/102020~1/bin/../lib/gcc/arm-none-eabi/10.2.1/thumb/v6-m/nofp/crti.o
                0x10006b7c                _fini
 .fini.__stub   0x10006b80       0x60 linker stubs
 *crtbegin.o(.ctors)
 *crtbegin?.o(.ctors)
 *(EXCLUDE_FILE(*crtend.o *crtend?.o) .ctors)
 *(SORT_BY_NAME(.ctors.*))
 *(.ctors)
 *crtbegin.o(.dtors)
 *crtbegin?.o(.dtors)
 *(EXCLUDE_FILE(*crtend.o *crtend?.o) .dtors)
 *(SORT_BY_NAME(.dtors.*))
 *(.dtors)
 *(.eh_frame*)
 .eh_frame      0x10006be0        0x0 c:/progra~2/gnuarm~1/102020~1/bin/../lib/gcc/arm-none-eabi/10.2.1/thumb/v6-m/nofp/crtbegin.o
                0x10006be0                . = ALIGN (0x4)

.glue_7         0x10006be0        0x0
 .glue_7        0x10006be0        0x0 linker stubs

.glue_7t        0x10006be0        0x0
 .glue_7t       0x10006be0        0x0 linker stubs

.vfp11_veneer   0x10006be0        0x0
 .vfp11_veneer  0x10006be0        0x0 linker stubs

.v4_bx          0x10006be0        0x0
 .v4_bx         0x10006be0        0x0 linker stubs

.iplt           0x10006be0        0x0
 .iplt          0x10006be0        0x0 c:/progra~2/gnuarm~1/102020~1/bin/../lib/gcc/arm-none-eabi/10.2.1/thumb/v6-m/nofp/crtbegin.o

.rodata         0x10006be0     0x1554
 *(EXCLUDE_FILE(*libm.a: *libc.a:*lib_a-mem*.o *libgcc.a:) .rodata*)
 .rodata.run_water_cycle.str1.4
                0x10006be0       0x22 CMakeFiles/watering_system.dir/watering_system.c.obj
 *fill*         0x10006c02        0x2 
 .rodata.main.str1.4
                0x10006c04       0x19 CMakeFiles/watering_system.dir/watering_system.c.obj
 *fill*         0x10006c1d        0x3 
 .rodata.spin_lock_claim_unused.str1.4
                0x10006c20       0x1b CMakeFiles/watering_system.dir/C_/Users/daven/Documents/Pico/pico-sdk/src/rp2_common/hardware_sync/sync.c.obj
 *fill*         0x10006c3b        0x1 
 .rodata.repeating_timer_callback.str1.4
                0x10006c3c       0x57 CMakeFiles/watering_system.dir/C_/Users/daven/Documents/Pico/pico-sdk/src/common/pico_time/time.c.obj
 *fill*         0x10006c93        0x1 
 .rodata.alarm_pool_dump_key.str1.4
                0x10006c94       0x33 CMakeFiles/watering_system.dir/C_/Users/daven/Documents/Pico/pico-sdk/src/common/pico_time/time.c.obj
 *fill*         0x10006cc7        0x1 
 .rodata.ph_add_child_node.str1.4
                0x10006cc8       0xa2 CMakeFiles/watering_system.dir/C_/Users/daven/Documents/Pico/pico-sdk/src/common/pico_time/time.c.obj
 *fill*         0x10006d6a        0x2 
 .rodata.add_alarm_under_lock.str1.4
                0x10006d6c       0x28 CMakeFiles/watering_system.dir/C_/Users/daven/Documents/Pico/pico-sdk/src/common/pico_time/time.c.obj
                                 0x2b (size before relaxing)
 .rodata.alarm_pool_alarm_callback.str1.4
                0x10006d94       0xf2 CMakeFiles/watering_system.dir/C_/Users/daven/Documents/Pico/pico-sdk/src/common/pico_time/time.c.obj
 *fill*         0x10006e86        0x2 
 .rodata.alarm_pool_get_default.str1.4
                0x10006e88       0x21 CMakeFiles/watering_system.dir/C_/Users/daven/Documents/Pico/pico-sdk/src/common/pico_time/time.c.obj
 *fill*         0x10006ea9        0x3 
 .rodata.alarm_pool_cancel_alarm.str1.4
                0x10006eac       0x27 CMakeFiles/watering_system.dir/C_/Users/daven/Documents/Pico/pico-sdk/src/common/pico_time/time.c.obj
 *fill*         0x10006ed3        0x1 
 .rodata.sleep_until.str1.4
                0x10006ed4       0x4d CMakeFiles/watering_system.dir/C_/Users/daven/Documents/Pico/pico-sdk/src/common/pico_time/time.c.obj
 *fill*         0x10006f21        0x3 
 .rodata.__func__.1
                0x10006f24       0x18 CMakeFiles/watering_system.dir/C_/Users/daven/Documents/Pico/pico-sdk/src/common/pico_time/time.c.obj
 .rodata.__func__.10
                0x10006f3c       0x15 CMakeFiles/watering_system.dir/C_/Users/daven/Documents/Pico/pico-sdk/src/common/pico_time/time.c.obj
 *fill*         0x10006f51        0x3 
 .rodata.__func__.11
                0x10006f54       0x1a CMakeFiles/watering_system.dir/C_/Users/daven/Documents/Pico/pico-sdk/src/common/pico_time/time.c.obj
 *fill*         0x10006f6e        0x2 
 .rodata.__func__.12
                0x10006f70        0xa CMakeFiles/watering_system.dir/C_/Users/daven/Documents/Pico/pico-sdk/src/common/pico_time/time.c.obj
 *fill*         0x10006f7a        0x2 
 .rodata.__func__.3
                0x10006f7c       0x17 CMakeFiles/watering_system.dir/C_/Users/daven/Documents/Pico/pico-sdk/src/common/pico_time/time.c.obj
 *fill*         0x10006f93        0x1 
 .rodata.__func__.4
                0x10006f94       0x12 CMakeFiles/watering_system.dir/C_/Users/daven/Documents/Pico/pico-sdk/src/common/pico_time/time.c.obj
 *fill*         0x10006fa6        0x2 
 .rodata.__func__.5
                0x10006fa8        0xd CMakeFiles/watering_system.dir/C_/Users/daven/Documents/Pico/pico-sdk/src/common/pico_time/time.c.obj
 *fill*         0x10006fb5        0x3 
 .rodata.__func__.6
                0x10006fb8       0x12 CMakeFiles/watering_system.dir/C_/Users/daven/Documents/Pico/pico-sdk/src/common/pico_time/time.c.obj
 *fill*         0x10006fca        0x2 
 .rodata.__func__.7
                0x10006fcc        0xf CMakeFiles/watering_system.dir/C_/Users/daven/Documents/Pico/pico-sdk/src/common/pico_time/time.c.obj
 *fill*         0x10006fdb        0x1 
 .rodata.__func__.8
                0x10006fdc        0xc CMakeFiles/watering_system.dir/C_/Users/daven/Documents/Pico/pico-sdk/src/common/pico_time/time.c.obj
 .rodata.__func__.9
                0x10006fe8       0x15 CMakeFiles/watering_system.dir/C_/Users/daven/Documents/Pico/pico-sdk/src/common/pico_time/time.c.obj
 *fill*         0x10006ffd        0x3 
 .rodata.hardware_alarm_claim.str1.4
                0x10007000       0x22 CMakeFiles/watering_system.dir/C_/Users/daven/Documents/Pico/pico-sdk/src/rp2_common/hardware_timer/timer.c.obj
 *fill*         0x10007022        0x2 
 .rodata.hardware_alarm_set_target.str1.4
                0x10007024       0x71 CMakeFiles/watering_system.dir/C_/Users/daven/Documents/Pico/pico-sdk/src/rp2_common/hardware_timer/timer.c.obj
 *fill*         0x10007095        0x3 
 .rodata.__func__.0
                0x10007098       0x1a CMakeFiles/watering_system.dir/C_/Users/daven/Documents/Pico/pico-sdk/src/rp2_common/hardware_timer/timer.c.obj
 *fill*         0x100070b2        0x2 
 .rodata.str1.4
                0x100070b4       0x68 CMakeFiles/watering_system.dir/C_/Users/daven/Documents/Pico/pico-sdk/src/common/pico_sync/mutex.c.obj
                                 0xd8 (size before relaxing)
 .rodata.__func__.0
                0x1000711c        0xb CMakeFiles/watering_system.dir/C_/Users/daven/Documents/Pico/pico-sdk/src/common/pico_sync/mutex.c.obj
 *fill*         0x10007127        0x1 
 .rodata.__func__.1
                0x10007128       0x18 CMakeFiles/watering_system.dir/C_/Users/daven/Documents/Pico/pico-sdk/src/common/pico_sync/mutex.c.obj
 .rodata.__func__.2
                0x10007140       0x15 CMakeFiles/watering_system.dir/C_/Users/daven/Documents/Pico/pico-sdk/src/common/pico_sync/mutex.c.obj
 *fill*         0x10007155        0x3 
 .rodata.__func__.3
                0x10007158       0x15 CMakeFiles/watering_system.dir/C_/Users/daven/Documents/Pico/pico-sdk/src/common/pico_sync/mutex.c.obj
 .rodata.ph_add_child_node.str1.4
                0x1000716d       0xa2 CMakeFiles/watering_system.dir/C_/Users/daven/Documents/Pico/pico-sdk/src/common/pico_util/pheap.c.obj
 *fill*         0x1000716d        0x3 
 .rodata.ph_remove_any_head.str1.4
                0x10007170       0x98 CMakeFiles/watering_system.dir/C_/Users/daven/Documents/Pico/pico-sdk/src/common/pico_util/pheap.c.obj
 .rodata.ph_remove_and_free_node.str1.4
                0x10007208       0x26 CMakeFiles/watering_system.dir/C_/Users/daven/Documents/Pico/pico-sdk/src/common/pico_util/pheap.c.obj
 *fill*         0x1000722e        0x2 
 .rodata.__func__.0
                0x10007230       0x18 CMakeFiles/watering_system.dir/C_/Users/daven/Documents/Pico/pico-sdk/src/common/pico_util/pheap.c.obj
 .rodata.__func__.1
                0x10007248       0x13 CMakeFiles/watering_system.dir/C_/Users/daven/Documents/Pico/pico-sdk/src/common/pico_util/pheap.c.obj
 *fill*         0x1000725b        0x1 
 .rodata.__func__.2
                0x1000725c       0x12 CMakeFiles/watering_system.dir/C_/Users/daven/Documents/Pico/pico-sdk/src/common/pico_util/pheap.c.obj
 *fill*         0x1000726e        0x2 
 .rodata.__func__.3
                0x10007270        0xc CMakeFiles/watering_system.dir/C_/Users/daven/Documents/Pico/pico-sdk/src/common/pico_util/pheap.c.obj
 .rodata.__assert_func.str1.4
                0x1000727c       0x3f CMakeFiles/watering_system.dir/C_/Users/daven/Documents/Pico/pico-sdk/src/rp2_common/pico_runtime/runtime.c.obj
                                 0x43 (size before relaxing)
 *fill*         0x100072bb        0x1 
 .rodata.panic.str1.4
                0x100072bc       0x10 CMakeFiles/watering_system.dir/C_/Users/daven/Documents/Pico/pico-sdk/src/rp2_common/pico_runtime/runtime.c.obj
                                 0x12 (size before relaxing)
 .rodata.clock_configure.str1.4
                0x100072cc       0x63 CMakeFiles/watering_system.dir/C_/Users/daven/Documents/Pico/pico-sdk/src/rp2_common/hardware_clocks/clocks.c.obj
 *fill*         0x1000732f        0x1 
 .rodata.__func__.1
                0x10007330       0x10 CMakeFiles/watering_system.dir/C_/Users/daven/Documents/Pico/pico-sdk/src/rp2_common/hardware_clocks/clocks.c.obj
 .rodata.pll_init.str1.4
                0x10007340       0xe7 CMakeFiles/watering_system.dir/C_/Users/daven/Documents/Pico/pico-sdk/src/rp2_common/hardware_pll/pll.c.obj
 *fill*         0x10007427        0x1 
 .rodata.__func__.0
                0x10007428        0x9 CMakeFiles/watering_system.dir/C_/Users/daven/Documents/Pico/pico-sdk/src/rp2_common/hardware_pll/pll.c.obj
 *fill*         0x10007431        0x3 
 .rodata.make_branch.str1.4
                0x10007434       0x59 CMakeFiles/watering_system.dir/C_/Users/daven/Documents/Pico/pico-sdk/src/rp2_common/hardware_irq/irq.c.obj
 *fill*         0x1000748d        0x3 
 .rodata.irq_set_exclusive_handler.str1.4
                0x10007490       0x36 CMakeFiles/watering_system.dir/C_/Users/daven/Documents/Pico/pico-sdk/src/rp2_common/hardware_irq/irq.c.obj
 *fill*         0x100074c6        0x2 
 .rodata.irq_add_shared_handler.str1.4
                0x100074c8       0xd9 CMakeFiles/watering_system.dir/C_/Users/daven/Documents/Pico/pico-sdk/src/rp2_common/hardware_irq/irq.c.obj
 *fill*         0x100075a1        0x3 
 .rodata.irq_remove_handler.str1.4
                0x100075a4       0x2a CMakeFiles/watering_system.dir/C_/Users/daven/Documents/Pico/pico-sdk/src/rp2_common/hardware_irq/irq.c.obj
 *fill*         0x100075ce        0x2 
 .rodata.irq_add_tail_to_free_list.str1.4
                0x100075d0       0x32 CMakeFiles/watering_system.dir/C_/Users/daven/Documents/Pico/pico-sdk/src/rp2_common/hardware_irq/irq.c.obj
                                 0x3a (size before relaxing)
 *fill*         0x10007602        0x2 
 .rodata.__func__.0
                0x10007604       0x1a CMakeFiles/watering_system.dir/C_/Users/daven/Documents/Pico/pico-sdk/src/rp2_common/hardware_irq/irq.c.obj
 *fill*         0x1000761e        0x2 
 .rodata.__func__.1
                0x10007620       0x17 CMakeFiles/watering_system.dir/C_/Users/daven/Documents/Pico/pico-sdk/src/rp2_common/hardware_irq/irq.c.obj
 *fill*         0x10007637        0x1 
 .rodata.__func__.2
                0x10007638       0x13 CMakeFiles/watering_system.dir/C_/Users/daven/Documents/Pico/pico-sdk/src/rp2_common/hardware_irq/irq.c.obj
 *fill*         0x1000764b        0x1 
 .rodata.__func__.3
                0x1000764c        0xc CMakeFiles/watering_system.dir/C_/Users/daven/Documents/Pico/pico-sdk/src/rp2_common/hardware_irq/irq.c.obj
 .rodata.__func__.4
                0x10007658        0xf CMakeFiles/watering_system.dir/C_/Users/daven/Documents/Pico/pico-sdk/src/rp2_common/hardware_irq/irq.c.obj
 *fill*         0x10007667        0x1 
 .rodata.__func__.6
                0x10007668       0x1a CMakeFiles/watering_system.dir/C_/Users/daven/Documents/Pico/pico-sdk/src/rp2_common/hardware_irq/irq.c.obj
 *fill*         0x10007682        0x2 
 .rodata._ftoa.str1.4
                0x10007684       0x15 CMakeFiles/watering_system.dir/C_/Users/daven/Documents/Pico/pico-sdk/src/rp2_common/pico_printf/printf.c.obj
 *fill*         0x10007699        0x3 
 .rodata._vsnprintf
                0x1000769c      0x1e0 CMakeFiles/watering_system.dir/C_/Users/daven/Documents/Pico/pico-sdk/src/rp2_common/pico_printf/printf.c.obj
 *fill*         0x1000787c        0x4 
 .rodata.pow10.0
                0x10007880       0x50 CMakeFiles/watering_system.dir/C_/Users/daven/Documents/Pico/pico-sdk/src/rp2_common/pico_printf/printf.c.obj
 .rodata.__aeabi_double_init.str1.4
                0x100078d0       0xb4 CMakeFiles/watering_system.dir/C_/Users/daven/Documents/Pico/pico-sdk/src/rp2_common/pico_double/double_init_rom.c.obj
 .rodata.__func__.0
                0x10007984       0x14 CMakeFiles/watering_system.dir/C_/Users/daven/Documents/Pico/pico-sdk/src/rp2_common/pico_double/double_init_rom.c.obj
 .rodata.__aeabi_float_init.str1.4
                0x10007998       0x86 CMakeFiles/watering_system.dir/C_/Users/daven/Documents/Pico/pico-sdk/src/rp2_common/pico_float/float_init_rom.c.obj
                                 0x8a (size before relaxing)
 *fill*         0x10007a1e        0x2 
 .rodata.__func__.0
                0x10007a20       0x13 CMakeFiles/watering_system.dir/C_/Users/daven/Documents/Pico/pico-sdk/src/rp2_common/pico_float/float_init_rom.c.obj
 *fill*         0x10007a33        0x1 
 .rodata.str1.4
                0x10007a34       0x48 CMakeFiles/watering_system.dir/C_/Users/daven/Documents/Pico/pico-sdk/src/rp2_common/pico_standard_link/binary_info.c.obj
 .rodata.__bi_44
                0x10007a7c        0xc CMakeFiles/watering_system.dir/C_/Users/daven/Documents/Pico/pico-sdk/src/rp2_common/pico_standard_link/binary_info.c.obj
 .rodata.__bi_56
                0x10007a88        0xc CMakeFiles/watering_system.dir/C_/Users/daven/Documents/Pico/pico-sdk/src/rp2_common/pico_standard_link/binary_info.c.obj
 .rodata.__bi_75
                0x10007a94        0xc CMakeFiles/watering_system.dir/C_/Users/daven/Documents/Pico/pico-sdk/src/rp2_common/pico_standard_link/binary_info.c.obj
 .rodata.__bi_81
                0x10007aa0        0xc CMakeFiles/watering_system.dir/C_/Users/daven/Documents/Pico/pico-sdk/src/rp2_common/pico_standard_link/binary_info.c.obj
 .rodata.crlf_str.2
                0x10007aac        0x2 CMakeFiles/watering_system.dir/C_/Users/daven/Documents/Pico/pico-sdk/src/rp2_common/pico_stdio/stdio.c.obj
 *fill*         0x10007aae        0x2 
 .rodata._resetd_driver
                0x10007ab0       0x1c CMakeFiles/watering_system.dir/C_/Users/daven/Documents/Pico/pico-sdk/src/rp2_common/pico_stdio_usb/reset_interface.c.obj
 .rodata.stdio_usb_init.str1.4
                0x10007acc       0x6d CMakeFiles/watering_system.dir/C_/Users/daven/Documents/Pico/pico-sdk/src/rp2_common/pico_stdio_usb/stdio_usb.c.obj
 .rodata.str1.4
                0x10007acc       0x13 CMakeFiles/watering_system.dir/C_/Users/daven/Documents/Pico/pico-sdk/src/rp2_common/pico_stdio_usb/stdio_usb.c.obj
 *fill*         0x10007adf        0x1 
 .rodata.__bi_93.1
                0x10007ae0        0xc CMakeFiles/watering_system.dir/C_/Users/daven/Documents/Pico/pico-sdk/src/rp2_common/pico_stdio_usb/stdio_usb.c.obj
 .rodata.__func__.0
                0x10007aec       0x15 CMakeFiles/watering_system.dir/C_/Users/daven/Documents/Pico/pico-sdk/src/rp2_common/pico_stdio_usb/stdio_usb.c.obj
 *fill*         0x10007b01        0x3 
 .rodata.str1.4
                0x10007b04       0x3a CMakeFiles/watering_system.dir/C_/Users/daven/Documents/Pico/pico-sdk/src/rp2_common/pico_stdio_usb/stdio_usb_descriptors.c.obj
 *fill*         0x10007b3e        0x2 
 .rodata.usbd_desc_cfg
                0x10007b40       0x54 CMakeFiles/watering_system.dir/C_/Users/daven/Documents/Pico/pico-sdk/src/rp2_common/pico_stdio_usb/stdio_usb_descriptors.c.obj
 .rodata.usbd_desc_device
                0x10007b94       0x12 CMakeFiles/watering_system.dir/C_/Users/daven/Documents/Pico/pico-sdk/src/rp2_common/pico_stdio_usb/stdio_usb_descriptors.c.obj
 *fill*         0x10007ba6        0x2 
 .rodata.usbd_desc_str
                0x10007ba8       0x18 CMakeFiles/watering_system.dir/C_/Users/daven/Documents/Pico/pico-sdk/src/rp2_common/pico_stdio_usb/stdio_usb_descriptors.c.obj
 .rodata._hw_endpoint_alloc.str1.4
                0x10007bc0       0xc1 CMakeFiles/watering_system.dir/C_/Users/daven/Documents/Pico/pico-sdk/lib/tinyusb/src/portable/raspberrypi/rp2040/dcd_rp2040.c.obj
 *fill*         0x10007c81        0x3 
 .rodata._hw_endpoint_init.str1.4
                0x10007c84       0x28 CMakeFiles/watering_system.dir/C_/Users/daven/Documents/Pico/pico-sdk/lib/tinyusb/src/portable/raspberrypi/rp2040/dcd_rp2040.c.obj
 .rodata.hw_handle_buff_status.str1.4
                0x10007cac        0xb CMakeFiles/watering_system.dir/C_/Users/daven/Documents/Pico/pico-sdk/lib/tinyusb/src/portable/raspberrypi/rp2040/dcd_rp2040.c.obj
 *fill*         0x10007cb7        0x1 
 .rodata.dcd_rp2040_irq.str1.4
                0x10007cb8       0x14 CMakeFiles/watering_system.dir/C_/Users/daven/Documents/Pico/pico-sdk/lib/tinyusb/src/portable/raspberrypi/rp2040/dcd_rp2040.c.obj
 .rodata._hw_endpoint_stall.str1.4
                0x10007ccc        0xd CMakeFiles/watering_system.dir/C_/Users/daven/Documents/Pico/pico-sdk/lib/tinyusb/src/portable/raspberrypi/rp2040/dcd_rp2040.c.obj
 *fill*         0x10007cd9        0x3 
 .rodata.dcd_int_enable.str1.4
                0x10007cdc        0xc CMakeFiles/watering_system.dir/C_/Users/daven/Documents/Pico/pico-sdk/lib/tinyusb/src/portable/raspberrypi/rp2040/dcd_rp2040.c.obj
 .rodata.__func__.0
                0x10007ce8       0x15 CMakeFiles/watering_system.dir/C_/Users/daven/Documents/Pico/pico-sdk/lib/tinyusb/src/portable/raspberrypi/rp2040/dcd_rp2040.c.obj
 *fill*         0x10007cfd        0x3 
 .rodata.__func__.1
                0x10007d00       0x13 CMakeFiles/watering_system.dir/C_/Users/daven/Documents/Pico/pico-sdk/lib/tinyusb/src/portable/raspberrypi/rp2040/dcd_rp2040.c.obj
 *fill*         0x10007d13        0x1 
 .rodata.__func__.10
                0x10007d14        0xf CMakeFiles/watering_system.dir/C_/Users/daven/Documents/Pico/pico-sdk/lib/tinyusb/src/portable/raspberrypi/rp2040/dcd_rp2040.c.obj
 *fill*         0x10007d23        0x1 
 .rodata.__func__.11
                0x10007d24       0x13 CMakeFiles/watering_system.dir/C_/Users/daven/Documents/Pico/pico-sdk/lib/tinyusb/src/portable/raspberrypi/rp2040/dcd_rp2040.c.obj
 *fill*         0x10007d37        0x1 
 .rodata.__func__.12
                0x10007d38       0x16 CMakeFiles/watering_system.dir/C_/Users/daven/Documents/Pico/pico-sdk/lib/tinyusb/src/portable/raspberrypi/rp2040/dcd_rp2040.c.obj
 *fill*         0x10007d4e        0x2 
 .rodata.__func__.13
                0x10007d50        0x9 CMakeFiles/watering_system.dir/C_/Users/daven/Documents/Pico/pico-sdk/lib/tinyusb/src/portable/raspberrypi/rp2040/dcd_rp2040.c.obj
 *fill*         0x10007d59        0x3 
 .rodata.__func__.2
                0x10007d5c        0xf CMakeFiles/watering_system.dir/C_/Users/daven/Documents/Pico/pico-sdk/lib/tinyusb/src/portable/raspberrypi/rp2040/dcd_rp2040.c.obj
 *fill*         0x10007d6b        0x1 
 .rodata.__func__.3
                0x10007d6c        0xe CMakeFiles/watering_system.dir/C_/Users/daven/Documents/Pico/pico-sdk/lib/tinyusb/src/portable/raspberrypi/rp2040/dcd_rp2040.c.obj
 *fill*         0x10007d7a        0x2 
 .rodata.__func__.4
                0x10007d7c        0xe CMakeFiles/watering_system.dir/C_/Users/daven/Documents/Pico/pico-sdk/lib/tinyusb/src/portable/raspberrypi/rp2040/dcd_rp2040.c.obj
 *fill*         0x10007d8a        0x2 
 .rodata.__func__.5
                0x10007d8c       0x1a CMakeFiles/watering_system.dir/C_/Users/daven/Documents/Pico/pico-sdk/lib/tinyusb/src/portable/raspberrypi/rp2040/dcd_rp2040.c.obj
 *fill*         0x10007da6        0x2 
 .rodata.__func__.6
                0x10007da8        0xc CMakeFiles/watering_system.dir/C_/Users/daven/Documents/Pico/pico-sdk/lib/tinyusb/src/portable/raspberrypi/rp2040/dcd_rp2040.c.obj
 .rodata.__func__.8
                0x10007db4       0x10 CMakeFiles/watering_system.dir/C_/Users/daven/Documents/Pico/pico-sdk/lib/tinyusb/src/portable/raspberrypi/rp2040/dcd_rp2040.c.obj
 .rodata._hw_endpoint_buffer_control_update32.str1.4
                0x10007dc4       0x1f CMakeFiles/watering_system.dir/C_/Users/daven/Documents/Pico/pico-sdk/lib/tinyusb/src/portable/raspberrypi/rp2040/rp2040_usb.c.obj
 *fill*         0x10007de3        0x1 
 .rodata._hw_endpoint_xfer_sync.str1.4
                0x10007de4       0x9d CMakeFiles/watering_system.dir/C_/Users/daven/Documents/Pico/pico-sdk/lib/tinyusb/src/portable/raspberrypi/rp2040/rp2040_usb.c.obj
 *fill*         0x10007e81        0x3 
 .rodata._hw_endpoint_xfer_continue.str1.4
                0x10007e84       0x50 CMakeFiles/watering_system.dir/C_/Users/daven/Documents/Pico/pico-sdk/lib/tinyusb/src/portable/raspberrypi/rp2040/rp2040_usb.c.obj
 .rodata._hw_endpoint_xfer.str1.4
                0x10007ed4        0xf CMakeFiles/watering_system.dir/C_/Users/daven/Documents/Pico/pico-sdk/lib/tinyusb/src/portable/raspberrypi/rp2040/rp2040_usb.c.obj
 *fill*         0x10007ee3        0x1 
 .rodata.str1.4
                0x10007ee4        0x7 CMakeFiles/watering_system.dir/C_/Users/daven/Documents/Pico/pico-sdk/lib/tinyusb/src/portable/raspberrypi/rp2040/rp2040_usb.c.obj
 *fill*         0x10007eeb        0x1 
 .rodata.__func__.0
                0x10007eec       0x12 CMakeFiles/watering_system.dir/C_/Users/daven/Documents/Pico/pico-sdk/lib/tinyusb/src/portable/raspberrypi/rp2040/rp2040_usb.c.obj
 *fill*         0x10007efe        0x2 
 .rodata.__func__.1
                0x10007f00       0x17 CMakeFiles/watering_system.dir/C_/Users/daven/Documents/Pico/pico-sdk/lib/tinyusb/src/portable/raspberrypi/rp2040/rp2040_usb.c.obj
 *fill*         0x10007f17        0x1 
 .rodata.process_set_config.str1.4
                0x10007f18       0x17 CMakeFiles/watering_system.dir/C_/Users/daven/Documents/Pico/pico-sdk/lib/tinyusb/src/device/usbd.c.obj
 *fill*         0x10007f2f        0x1 
 .rodata.process_get_descriptor
                0x10007f30       0x40 CMakeFiles/watering_system.dir/C_/Users/daven/Documents/Pico/pico-sdk/lib/tinyusb/src/device/usbd.c.obj
 .rodata.dcd_event_handler.str1.4
                0x10007f70       0x58 CMakeFiles/watering_system.dir/C_/Users/daven/Documents/Pico/pico-sdk/lib/tinyusb/src/device/usbd.c.obj
 .rodata.process_control_request
                0x10007fc8       0x28 CMakeFiles/watering_system.dir/C_/Users/daven/Documents/Pico/pico-sdk/lib/tinyusb/src/device/usbd.c.obj
 .rodata.tud_task
                0x10007ff0       0x24 CMakeFiles/watering_system.dir/C_/Users/daven/Documents/Pico/pico-sdk/lib/tinyusb/src/device/usbd.c.obj
 .rodata.__func__.1
                0x10008014        0xf CMakeFiles/watering_system.dir/C_/Users/daven/Documents/Pico/pico-sdk/lib/tinyusb/src/device/usbd.c.obj
 *fill*         0x10008023        0x1 
 .rodata.__func__.2
                0x10008024       0x14 CMakeFiles/watering_system.dir/C_/Users/daven/Documents/Pico/pico-sdk/lib/tinyusb/src/device/usbd.c.obj
 .rodata.__func__.3
                0x10008038       0x10 CMakeFiles/watering_system.dir/C_/Users/daven/Documents/Pico/pico-sdk/lib/tinyusb/src/device/usbd.c.obj
 .rodata.__func__.4
                0x10008048       0x17 CMakeFiles/watering_system.dir/C_/Users/daven/Documents/Pico/pico-sdk/lib/tinyusb/src/device/usbd.c.obj
 *fill*         0x1000805f        0x1 
 .rodata.__func__.5
                0x10008060       0x13 CMakeFiles/watering_system.dir/C_/Users/daven/Documents/Pico/pico-sdk/lib/tinyusb/src/device/usbd.c.obj
 *fill*         0x10008073        0x1 
 .rodata.__func__.6
                0x10008074       0x18 CMakeFiles/watering_system.dir/C_/Users/daven/Documents/Pico/pico-sdk/lib/tinyusb/src/device/usbd.c.obj
 .rodata.__func__.7
                0x1000808c       0x13 CMakeFiles/watering_system.dir/C_/Users/daven/Documents/Pico/pico-sdk/lib/tinyusb/src/device/usbd.c.obj
 *fill*         0x1000809f        0x1 
 .rodata.__func__.8
                0x100080a0        0x9 CMakeFiles/watering_system.dir/C_/Users/daven/Documents/Pico/pico-sdk/lib/tinyusb/src/device/usbd.c.obj
 *fill*         0x100080a9        0x3 
 .rodata._usbd_driver
                0x100080ac       0x1c CMakeFiles/watering_system.dir/C_/Users/daven/Documents/Pico/pico-sdk/lib/tinyusb/src/device/usbd.c.obj
 .rodata.tud_control_xfer.str1.4
                0x100080c8       0x17 CMakeFiles/watering_system.dir/C_/Users/daven/Documents/Pico/pico-sdk/lib/tinyusb/src/device/usbd_control.c.obj
 .rodata.__func__.0
                0x100080c8       0x15 CMakeFiles/watering_system.dir/C_/Users/daven/Documents/Pico/pico-sdk/lib/tinyusb/src/device/usbd_control.c.obj
 *fill*         0x100080dd        0x3 
 .rodata.__func__.1
                0x100080e0       0x11 CMakeFiles/watering_system.dir/C_/Users/daven/Documents/Pico/pico-sdk/lib/tinyusb/src/device/usbd_control.c.obj
 .rodata.tud_cdc_n_write_flush.str1.4
                0x100080f1       0x17 CMakeFiles/watering_system.dir/C_/Users/daven/Documents/Pico/pico-sdk/lib/tinyusb/src/class/cdc/cdc_device.c.obj
 *fill*         0x100080f1        0x3 
 .rodata.__func__.0
                0x100080f4        0xd CMakeFiles/watering_system.dir/C_/Users/daven/Documents/Pico/pico-sdk/lib/tinyusb/src/class/cdc/cdc_device.c.obj
 *fill*         0x10008101        0x3 
 .rodata.__func__.1
                0x10008104        0xa CMakeFiles/watering_system.dir/C_/Users/daven/Documents/Pico/pico-sdk/lib/tinyusb/src/class/cdc/cdc_device.c.obj
 *fill*         0x1000810e        0x2 
 .rodata.__func__.2
                0x10008110       0x16 CMakeFiles/watering_system.dir/C_/Users/daven/Documents/Pico/pico-sdk/lib/tinyusb/src/class/cdc/cdc_device.c.obj
 .rodata.tusb_init.str1.4
                0x10008126       0x17 CMakeFiles/watering_system.dir/C_/Users/daven/Documents/Pico/pico-sdk/lib/tinyusb/src/tusb.c.obj
 *fill*         0x10008126        0x2 
 .rodata.__func__.0
                0x10008128        0xa CMakeFiles/watering_system.dir/C_/Users/daven/Documents/Pico/pico-sdk/lib/tinyusb/src/tusb.c.obj
                0x10008134                . = ALIGN (0x4)
 *fill*         0x10008132        0x2 
 *(SORT_BY_ALIGNMENT(SORT_BY_NAME(.flashdata*)))
                0x10008134                . = ALIGN (0x4)

.rel.dyn        0x10008134        0x0
 .rel.iplt      0x10008134        0x0 c:/progra~2/gnuarm~1/102020~1/bin/../lib/gcc/arm-none-eabi/10.2.1/thumb/v6-m/nofp/crtbegin.o

.ARM.extab
 *(.ARM.extab* .gnu.linkonce.armextab.*)
                0x10008134                __exidx_start = .

.ARM.exidx
 *(.ARM.exidx* .gnu.linkonce.armexidx.*)
                0x10008134                __exidx_end = .
                0x10008134                . = ALIGN (0x4)
                0x10008134                __binary_info_start = .

.binary_info    0x10008134       0x24
 *(.binary_info.keep.*)
 .binary_info.keep.__bi_ptr22
                0x10008134        0x4 CMakeFiles/watering_system.dir/C_/Users/daven/Documents/Pico/pico-sdk/src/rp2_common/pico_standard_link/binary_info.c.obj
 .binary_info.keep.__bi_ptr30
                0x10008138        0x4 CMakeFiles/watering_system.dir/C_/Users/daven/Documents/Pico/pico-sdk/src/rp2_common/pico_standard_link/binary_info.c.obj
 .binary_info.keep.__bi_ptr38
                0x1000813c        0x4 CMakeFiles/watering_system.dir/C_/Users/daven/Documents/Pico/pico-sdk/src/rp2_common/pico_standard_link/binary_info.c.obj
 .binary_info.keep.__bi_ptr44
                0x10008140        0x4 CMakeFiles/watering_system.dir/C_/Users/daven/Documents/Pico/pico-sdk/src/rp2_common/pico_standard_link/binary_info.c.obj
 .binary_info.keep.__bi_ptr50
                0x10008144        0x4 CMakeFiles/watering_system.dir/C_/Users/daven/Documents/Pico/pico-sdk/src/rp2_common/pico_standard_link/binary_info.c.obj
 .binary_info.keep.__bi_ptr56
                0x10008148        0x4 CMakeFiles/watering_system.dir/C_/Users/daven/Documents/Pico/pico-sdk/src/rp2_common/pico_standard_link/binary_info.c.obj
 .binary_info.keep.__bi_ptr75
                0x1000814c        0x4 CMakeFiles/watering_system.dir/C_/Users/daven/Documents/Pico/pico-sdk/src/rp2_common/pico_standard_link/binary_info.c.obj
 .binary_info.keep.__bi_ptr81
                0x10008150        0x4 CMakeFiles/watering_system.dir/C_/Users/daven/Documents/Pico/pico-sdk/src/rp2_common/pico_standard_link/binary_info.c.obj
 *(.binary_info.*)
 .binary_info.__bi_ptr93
                0x10008154        0x4 CMakeFiles/watering_system.dir/C_/Users/daven/Documents/Pico/pico-sdk/src/rp2_common/pico_stdio_usb/stdio_usb.c.obj
                0x10008158                __binary_info_end = .
                0x10008158                . = ALIGN (0x4)
                0x10008158                __etext = .

.ram_vector_table
                0x20000000       0xc0
 *(.ram_vector_table)
 .ram_vector_table
                0x20000000       0xc0 CMakeFiles/watering_system.dir/C_/Users/daven/Documents/Pico/pico-sdk/src/rp2_common/pico_runtime/runtime.c.obj
                0x20000000                ram_vector_table

.data           0x200000c0      0x338 load address 0x10008158
                0x200000c0                __data_start__ = .
 *(vtable)
 *(.time_critical*)
 .time_critical.mutex_enter_blocking
                0x200000c0       0x64 CMakeFiles/watering_system.dir/C_/Users/daven/Documents/Pico/pico-sdk/src/common/pico_sync/mutex.c.obj
                0x200000c0                mutex_enter_blocking
 .time_critical.mutex_try_enter
                0x20000124       0x46 CMakeFiles/watering_system.dir/C_/Users/daven/Documents/Pico/pico-sdk/src/common/pico_sync/mutex.c.obj
                0x20000124                mutex_try_enter
 *fill*         0x2000016a        0x2 
 .time_critical.mutex_enter_block_until
                0x2000016c       0x7c CMakeFiles/watering_system.dir/C_/Users/daven/Documents/Pico/pico-sdk/src/common/pico_sync/mutex.c.obj
                0x2000016c                mutex_enter_block_until
 .time_critical.mutex_enter_timeout_ms
                0x200001e8       0x74 CMakeFiles/watering_system.dir/C_/Users/daven/Documents/Pico/pico-sdk/src/common/pico_sync/mutex.c.obj
                0x200001e8                mutex_enter_timeout_ms
 .time_critical.mutex_exit
                0x2000025c       0x4c CMakeFiles/watering_system.dir/C_/Users/daven/Documents/Pico/pico-sdk/src/common/pico_sync/mutex.c.obj
                0x2000025c                mutex_exit
 *(.text*)
 .text          0x200002a8        0x4 c:/progra~2/gnuarm~1/102020~1/bin/../lib/gcc/arm-none-eabi/10.2.1/thumb/v6-m/nofp\libgcc.a(_dvmd_tls.o)
                0x200002a8                __aeabi_idiv0
                0x200002a8                __aeabi_ldiv0
 *fill*         0x200002ac        0x4 
 .text.__stub   0x200002b0       0x40 linker stubs
                0x200002f0                . = ALIGN (0x4)
 *(.rodata*)
                0x200002f0                . = ALIGN (0x4)
 *(.data*)
 .data.hygrometers
                0x200002f0        0x8 CMakeFiles/watering_system.dir/watering_system.c.obj
                0x200002f0                hygrometers
 .data.relays   0x200002f8        0x8 CMakeFiles/watering_system.dir/watering_system.c.obj
                0x200002f8                relays
 .data.striped_spin_lock_num
                0x20000300        0x1 CMakeFiles/watering_system.dir/C_/Users/daven/Documents/Pico/pico-sdk/src/rp2_common/hardware_sync/sync.c.obj
 *fill*         0x20000301        0x3 
 .data.default_alarm_pool
                0x20000304       0x18 CMakeFiles/watering_system.dir/C_/Users/daven/Documents/Pico/pico-sdk/src/common/pico_time/time.c.obj
 .data.default_alarm_pool_heap
                0x2000031c       0x10 CMakeFiles/watering_system.dir/C_/Users/daven/Documents/Pico/pico-sdk/src/common/pico_time/time.c.obj
 .data          0x2000032c       0x48 CMakeFiles/watering_system.dir/C_/Users/daven/Documents/Pico/pico-sdk/src/rp2_common/hardware_irq/irq_handler_chain.S.obj
                0x2000032c                irq_handler_chain_slots
                0x2000035c                irq_handler_chain_first_slot
                0x20000366                irq_handler_chain_remove_tail
 *fill*         0x20000374        0xc 
 .data.aeabi_bits_funcs
                0x20000380       0x10 CMakeFiles/watering_system.dir/C_/Users/daven/Documents/Pico/pico-sdk/src/rp2_common/pico_bit_ops/bit_ops_aeabi.S.obj
                0x20000380                aeabi_bits_funcs
                0x20000390                aeabi_bits_funcs_end
 .data.aeabi_mem_funcs
                0x20000390       0x10 CMakeFiles/watering_system.dir/C_/Users/daven/Documents/Pico/pico-sdk/src/rp2_common/pico_mem_ops/mem_ops_aeabi.S.obj
                0x20000390                aeabi_mem_funcs
                0x200003a0                aeabi_mem_funcs_end
 .data.stdio_usb
                0x200003a0       0x14 CMakeFiles/watering_system.dir/C_/Users/daven/Documents/Pico/pico-sdk/src/rp2_common/pico_stdio_usb/stdio_usb.c.obj
                0x200003a0                stdio_usb
 .data.ep_dir_string
                0x200003b4        0x8 CMakeFiles/watering_system.dir/C_/Users/daven/Documents/Pico/pico-sdk/lib/tinyusb/src/portable/raspberrypi/rp2040/rp2040_usb.c.obj
                0x200003b4                ep_dir_string
 .data._usbd_qdef
                0x200003bc       0x20 CMakeFiles/watering_system.dir/C_/Users/daven/Documents/Pico/pico-sdk/lib/tinyusb/src/device/usbd.c.obj